Archive member included to satisfy reference by file (symbol)

/Users/mbrattlof/GitHub/TinyTimber/gcc-arm-none-eabi-8-2018-q4-major/bin/../lib/gcc/arm-none-eabi/8.2.1/../../../../arm-none-eabi/lib/thumb/v7e-m+fp/hard/libc_nano.a(lib_a-atoi.o)
                              ./Debug/application.c.o (atoi)
/Users/mbrattlof/GitHub/TinyTimber/gcc-arm-none-eabi-8-2018-q4-major/bin/../lib/gcc/arm-none-eabi/8.2.1/../../../../arm-none-eabi/lib/thumb/v7e-m+fp/hard/libc_nano.a(lib_a-snprintf.o)
                              ./Debug/application.c.o (snprintf)
/Users/mbrattlof/GitHub/TinyTimber/gcc-arm-none-eabi-8-2018-q4-major/bin/../lib/gcc/arm-none-eabi/8.2.1/../../../../arm-none-eabi/lib/thumb/v7e-m+fp/hard/libc_nano.a(lib_a-strtol.o)
                              /Users/mbrattlof/GitHub/TinyTimber/gcc-arm-none-eabi-8-2018-q4-major/bin/../lib/gcc/arm-none-eabi/8.2.1/../../../../arm-none-eabi/lib/thumb/v7e-m+fp/hard/libc_nano.a(lib_a-atoi.o) (_strtol_r)
/Users/mbrattlof/GitHub/TinyTimber/gcc-arm-none-eabi-8-2018-q4-major/bin/../lib/gcc/arm-none-eabi/8.2.1/../../../../arm-none-eabi/lib/thumb/v7e-m+fp/hard/libc_nano.a(lib_a-ctype_.o)
                              /Users/mbrattlof/GitHub/TinyTimber/gcc-arm-none-eabi-8-2018-q4-major/bin/../lib/gcc/arm-none-eabi/8.2.1/../../../../arm-none-eabi/lib/thumb/v7e-m+fp/hard/libc_nano.a(lib_a-strtol.o) (_ctype_)
/Users/mbrattlof/GitHub/TinyTimber/gcc-arm-none-eabi-8-2018-q4-major/bin/../lib/gcc/arm-none-eabi/8.2.1/../../../../arm-none-eabi/lib/thumb/v7e-m+fp/hard/libc_nano.a(lib_a-impure.o)
                              /Users/mbrattlof/GitHub/TinyTimber/gcc-arm-none-eabi-8-2018-q4-major/bin/../lib/gcc/arm-none-eabi/8.2.1/../../../../arm-none-eabi/lib/thumb/v7e-m+fp/hard/libc_nano.a(lib_a-snprintf.o) (_impure_ptr)
/Users/mbrattlof/GitHub/TinyTimber/gcc-arm-none-eabi-8-2018-q4-major/bin/../lib/gcc/arm-none-eabi/8.2.1/../../../../arm-none-eabi/lib/thumb/v7e-m+fp/hard/libc_nano.a(lib_a-nano-svfprintf.o)
                              /Users/mbrattlof/GitHub/TinyTimber/gcc-arm-none-eabi-8-2018-q4-major/bin/../lib/gcc/arm-none-eabi/8.2.1/../../../../arm-none-eabi/lib/thumb/v7e-m+fp/hard/libc_nano.a(lib_a-snprintf.o) (_svfprintf_r)
/Users/mbrattlof/GitHub/TinyTimber/gcc-arm-none-eabi-8-2018-q4-major/bin/../lib/gcc/arm-none-eabi/8.2.1/../../../../arm-none-eabi/lib/thumb/v7e-m+fp/hard/libc_nano.a(lib_a-nano-vfprintf_i.o)
                              /Users/mbrattlof/GitHub/TinyTimber/gcc-arm-none-eabi-8-2018-q4-major/bin/../lib/gcc/arm-none-eabi/8.2.1/../../../../arm-none-eabi/lib/thumb/v7e-m+fp/hard/libc_nano.a(lib_a-nano-svfprintf.o) (_printf_i)
/Users/mbrattlof/GitHub/TinyTimber/gcc-arm-none-eabi-8-2018-q4-major/bin/../lib/gcc/arm-none-eabi/8.2.1/../../../../arm-none-eabi/lib/thumb/v7e-m+fp/hard/libc_nano.a(lib_a-memchr.o)
                              /Users/mbrattlof/GitHub/TinyTimber/gcc-arm-none-eabi-8-2018-q4-major/bin/../lib/gcc/arm-none-eabi/8.2.1/../../../../arm-none-eabi/lib/thumb/v7e-m+fp/hard/libc_nano.a(lib_a-nano-svfprintf.o) (memchr)
/Users/mbrattlof/GitHub/TinyTimber/gcc-arm-none-eabi-8-2018-q4-major/bin/../lib/gcc/arm-none-eabi/8.2.1/../../../../arm-none-eabi/lib/thumb/v7e-m+fp/hard/libc_nano.a(lib_a-memcpy-stub.o)
                              /Users/mbrattlof/GitHub/TinyTimber/gcc-arm-none-eabi-8-2018-q4-major/bin/../lib/gcc/arm-none-eabi/8.2.1/../../../../arm-none-eabi/lib/thumb/v7e-m+fp/hard/libc_nano.a(lib_a-nano-svfprintf.o) (memcpy)
/Users/mbrattlof/GitHub/TinyTimber/gcc-arm-none-eabi-8-2018-q4-major/bin/../lib/gcc/arm-none-eabi/8.2.1/../../../../arm-none-eabi/lib/thumb/v7e-m+fp/hard/libc_nano.a(lib_a-memmove.o)
                              /Users/mbrattlof/GitHub/TinyTimber/gcc-arm-none-eabi-8-2018-q4-major/bin/../lib/gcc/arm-none-eabi/8.2.1/../../../../arm-none-eabi/lib/thumb/v7e-m+fp/hard/libc_nano.a(lib_a-nano-svfprintf.o) (memmove)
/Users/mbrattlof/GitHub/TinyTimber/gcc-arm-none-eabi-8-2018-q4-major/bin/../lib/gcc/arm-none-eabi/8.2.1/../../../../arm-none-eabi/lib/thumb/v7e-m+fp/hard/libc_nano.a(lib_a-nano-freer.o)
                              /Users/mbrattlof/GitHub/TinyTimber/gcc-arm-none-eabi-8-2018-q4-major/bin/../lib/gcc/arm-none-eabi/8.2.1/../../../../arm-none-eabi/lib/thumb/v7e-m+fp/hard/libc_nano.a(lib_a-nano-svfprintf.o) (_free_r)
/Users/mbrattlof/GitHub/TinyTimber/gcc-arm-none-eabi-8-2018-q4-major/bin/../lib/gcc/arm-none-eabi/8.2.1/../../../../arm-none-eabi/lib/thumb/v7e-m+fp/hard/libc_nano.a(lib_a-nano-mallocr.o)
                              /Users/mbrattlof/GitHub/TinyTimber/gcc-arm-none-eabi-8-2018-q4-major/bin/../lib/gcc/arm-none-eabi/8.2.1/../../../../arm-none-eabi/lib/thumb/v7e-m+fp/hard/libc_nano.a(lib_a-nano-svfprintf.o) (_malloc_r)
/Users/mbrattlof/GitHub/TinyTimber/gcc-arm-none-eabi-8-2018-q4-major/bin/../lib/gcc/arm-none-eabi/8.2.1/../../../../arm-none-eabi/lib/thumb/v7e-m+fp/hard/libc_nano.a(lib_a-nano-reallocr.o)
[...]
Memory Configuration

Name             Origin             Length             Attributes
RAM              0x0000000020000000 0x000000000001c000 xrw
*default*        0x0000000000000000 0xffffffffffffffff

Linker script and memory map

LOAD ./Debug/driver_src_stm32f4xx_can.c.o
LOAD ./Debug/driver_src_stm32f4xx_usart.c.o
LOAD ./Debug/driver_src_stm32f4xx_rcc.c.o
LOAD ./Debug/driver_src_stm32f4xx_tim.c.o
LOAD ./Debug/driver_src_stm32f4xx_gpio.c.o
LOAD ./Debug/canTinyTimber.c.o
LOAD ./Debug/dispatch.s.o
LOAD ./Debug/startup.c.o
LOAD ./Debug/driver_src_stm32f4xx_exti.c.o
LOAD ./Debug/sciTinyTimber.c.o
LOAD ./Debug/application.c.o
LOAD ./Debug/sioTinyTimber.c.o
LOAD ./Debug/TinyTimber.c.o
LOAD ./Debug/buffer.c.o
LOAD /Users/mbrattlof/GitHub/TinyTimber/gcc-arm-none-eabi-8-2018-q4-major/bin/../lib/gcc/arm-none-eabi/8.2.1/../../../../arm-none-eabi/lib/thumb/v7e-m+fp/hard/libstdc++_nano.a
LOAD /Users/mbrattlof/GitHub/TinyTimber/gcc-arm-none-eabi-8-2018-q4-major/bin/../lib/gcc/arm-none-eabi/8.2.1/../../../../arm-none-eabi/lib/thumb/v7e-m+fp/hard/libm.a
START GROUP
LOAD /Users/mbrattlof/GitHub/TinyTimber/gcc-arm-none-eabi-8-2018-q4-major/bin/../lib/gcc/arm-none-eabi/8.2.1/thumb/v7e-m+fp/hard/libgcc.a
LOAD /Users/mbrattlof/GitHub/TinyTimber/gcc-arm-none-eabi-8-2018-q4-major/bin/../lib/gcc/arm-none-eabi/8.2.1/../../../../arm-none-eabi/lib/thumb/v7e-m+fp/hard/libc_nano.a
END GROUP
START GROUP
LOAD /Users/mbrattlof/GitHub/TinyTimber/gcc-arm-none-eabi-8-2018-q4-major/bin/../lib/gcc/arm-none-eabi/8.2.1/thumb/v7e-m+fp/hard/libgcc.a
LOAD /Users/mbrattlof/GitHub/TinyTimber/gcc-arm-none-eabi-8-2018-q4-major/bin/../lib/gcc/arm-none-eabi/8.2.1/../../../../arm-none-eabi/lib/thumb/v7e-m+fp/hard/libc_nano.a
END GROUP

.text           0x0000000020000000     0x7908
                0x0000000020000000                . = ALIGN (0x4)
 *(.start_section)
 .start_section
                0x0000000020000000       0x1c ./Debug/startup.c.o
                0x0000000020000000                startup
 *(.text)
 .text          0x000000002000001c     0x1020 ./Debug/driver_src_stm32f4xx_can.c.o
                0x000000002000001c                CAN_DeInit
                0x0000000020000064                CAN_Init
                0x0000000020000206                CAN_FilterInit
                0x000000002000038c                CAN_StructInit
                0x00000000200003e2                CAN_SlaveStartBank
                0x0000000020000444                CAN_DBGFreeze
                0x000000002000047c                CAN_TTComModeCmd
                0x0000000020000514                CAN_Transmit
                0x00000000200006b6                CAN_TransmitStatus
                0x0000000020000798                CAN_CancelTransmit
                0x00000000200007ea                CAN_Receive
                0x0000000020000966                CAN_FIFORelease
                0x000000002000099e                CAN_MessagePending
                0x00000000200009e8                CAN_OperatingModeRequest
                0x0000000020000ae4                CAN_Sleep
                0x0000000020000b1e                CAN_WakeUp
                0x0000000020000b74                CAN_GetLastErrorCode
                0x0000000020000b9a                CAN_GetReceiveErrorCounter
                0x0000000020000bbc                CAN_GetLSBTransmitErrorCounter
                0x0000000020000bde                CAN_ITConfig
                0x0000000020000c1a                CAN_GetFlagStatus
                0x0000000020000ce8                CAN_ClearFlag
                0x0000000020000d5c                CAN_GetITStatus
                0x0000000020000f10                CAN_ClearITPendingBit
 .text          0x000000002000103c      0x970 ./Debug/driver_src_stm32f4xx_usart.c.o
                0x000000002000103c                USART_DeInit
                0x0000000020001154                USART_Init
                0x00000000200012c8                USART_StructInit
                0x0000000020001302                USART_ClockInit
                0x0000000020001358                USART_ClockStructInit
                0x0000000020001384                USART_Cmd
                0x00000000200013c4                USART_SetPrescaler
                0x00000000200013fe                USART_OverSampling8Cmd
                0x0000000020001442                USART_OneBitMethodCmd
                0x0000000020001482                USART_SendData
                0x00000000200014a6                USART_ReceiveData
                0x00000000200014c6                USART_SetAddress
                0x0000000020001500                USART_ReceiverWakeUpCmd
                0x0000000020001540                USART_WakeUpConfig
                0x0000000020001578                USART_LINBreakDetectLengthConfig
                0x00000000200015b0                USART_LINCmd
                0x00000000200015f0                USART_SendBreak
                0x0000000020001614                USART_HalfDuplexCmd
                0x0000000020001654                USART_SetGuardTime
                0x0000000020001690                USART_SmartCardCmd
                0x00000000200016d0                USART_SmartCardNACKCmd
                0x0000000020001710                USART_IrDAConfig
                0x0000000020001748                USART_IrDACmd
                0x0000000020001788                USART_DMACmd
                0x00000000200017d0                USART_ITConfig
                0x0000000020001860                USART_GetFlagStatus
                0x0000000020001898                USART_ClearFlag
                0x00000000200018ba                USART_GetITStatus
                0x0000000020001970                USART_ClearITPendingBit
 .text          0x00000000200019ac      0xca8 ./Debug/driver_src_stm32f4xx_rcc.c.o
                0x00000000200019ac                RCC_DeInit
                0x0000000020001a1c                RCC_HSEConfig
                0x0000000020001a44                RCC_WaitForHSEStartUp
                0x0000000020001a94                RCC_AdjustHSICalibrationValue
                0x0000000020001ad0                RCC_HSICmd
                0x0000000020001af0                RCC_LSEConfig
                0x0000000020001b34                RCC_LSICmd
                0x0000000020001b54                RCC_PLLConfig
                0x0000000020001b94                RCC_PLLCmd
                0x0000000020001bb4                RCC_PLLI2SConfig
                0x0000000020001be0                RCC_PLLI2SCmd
                0x0000000020001c00                RCC_PLLSAIConfig
                0x0000000020001c34                RCC_PLLSAICmd
                0x0000000020001c54                RCC_ClockSecuritySystemCmd
                0x0000000020001c74                RCC_MCO1Config
                0x0000000020001cb4                RCC_MCO2Config
                0x0000000020001cf4                RCC_SYSCLKConfig
                0x0000000020001d2c                RCC_GetSYSCLKSource
                0x0000000020001d4c                RCC_HCLKConfig
                0x0000000020001d84                RCC_PCLK1Config
                0x0000000020001dbc                RCC_PCLK2Config
                0x0000000020001df8                RCC_GetClocksFreq
                0x0000000020001f4c                RCC_RTCCLKConfig
                0x0000000020001fa8                RCC_RTCCLKCmd
                0x0000000020001fc8                RCC_BackupResetCmd
                0x0000000020001fe8                RCC_I2SCLKConfig
                0x0000000020002008                RCC_SAIPLLI2SClkDivConfig
                0x0000000020002048                RCC_SAIPLLSAIClkDivConfig
                0x0000000020002088                RCC_SAIBlockACLKConfig
                0x00000000200020c4                RCC_SAIBlockBCLKConfig
                0x0000000020002100                RCC_LTDCCLKDivConfig
                0x000000002000213c                RCC_TIMCLKPresConfig
                0x000000002000215c                RCC_AHB1PeriphClockCmd
                0x000000002000219c                RCC_AHB2PeriphClockCmd
                0x00000000200021dc                RCC_AHB3PeriphClockCmd
                0x000000002000221c                RCC_APB1PeriphClockCmd
                0x000000002000225c                RCC_APB2PeriphClockCmd
                0x000000002000229c                RCC_AHB1PeriphResetCmd
                0x00000000200022dc                RCC_AHB2PeriphResetCmd
                0x000000002000231c                RCC_AHB3PeriphResetCmd
                0x000000002000235c                RCC_APB1PeriphResetCmd
                0x000000002000239c                RCC_APB2PeriphResetCmd
                0x00000000200023dc                RCC_AHB1PeriphClockLPModeCmd
                0x000000002000241c                RCC_AHB2PeriphClockLPModeCmd
                0x000000002000245c                RCC_AHB3PeriphClockLPModeCmd
                0x000000002000249c                RCC_APB1PeriphClockLPModeCmd
                0x00000000200024dc                RCC_APB2PeriphClockLPModeCmd
                0x000000002000251c                RCC_ITConfig
                0x0000000020002568                RCC_GetFlagStatus
                0x00000000200025dc                RCC_ClearFlag
                0x00000000200025fc                RCC_GetITStatus
                0x0000000020002634                RCC_ClearITPendingBit
 .text          0x0000000020002654     0x1c18 ./Debug/driver_src_stm32f4xx_tim.c.o
                0x0000000020002654                TIM_DeInit
                0x0000000020002814                TIM_TimeBaseInit
                0x00000000200028ec                TIM_TimeBaseStructInit
                0x0000000020002920                TIM_PrescalerConfig
                0x0000000020002948                TIM_CounterModeConfig
                0x0000000020002980                TIM_SetCounter
                0x000000002000299c                TIM_SetAutoreload
                0x00000000200029b8                TIM_GetCounter
                0x00000000200029d0                TIM_GetPrescaler
                0x00000000200029ea                TIM_UpdateDisableConfig
                0x0000000020002a2a                TIM_UpdateRequestConfig
                0x0000000020002a6a                TIM_ARRPreloadConfig
                0x0000000020002aaa                TIM_SelectOnePulseMode
                0x0000000020002ae2                TIM_SetClockDivision
                0x0000000020002b1a                TIM_Cmd
                0x0000000020002b5a                TIM_OC1Init
                0x0000000020002c50                TIM_OC2Init
                0x0000000020002d60                TIM_OC3Init
                0x0000000020002e6c                TIM_OC4Init
                0x0000000020002f3c                TIM_OCStructInit
                0x0000000020002f80                TIM_SelectOCxM
                0x0000000020003034                TIM_SetCompare1
                0x0000000020003050                TIM_SetCompare2
                0x000000002000306c                TIM_SetCompare3
                0x0000000020003088                TIM_SetCompare4
                0x00000000200030a4                TIM_ForcedOC1Config
                0x00000000200030dc                TIM_ForcedOC2Config
                0x0000000020003118                TIM_ForcedOC3Config
                0x0000000020003150                TIM_ForcedOC4Config
                0x000000002000318c                TIM_OC1PreloadConfig
                0x00000000200031c4                TIM_OC2PreloadConfig
                0x0000000020003200                TIM_OC3PreloadConfig
                0x0000000020003238                TIM_OC4PreloadConfig
                0x0000000020003274                TIM_OC1FastConfig
                0x00000000200032ac                TIM_OC2FastConfig
                0x00000000200032e8                TIM_OC3FastConfig
                0x0000000020003320                TIM_OC4FastConfig
                0x000000002000335c                TIM_ClearOC1Ref
                0x0000000020003394                TIM_ClearOC2Ref
                0x00000000200033d0                TIM_ClearOC3Ref
                0x0000000020003408                TIM_ClearOC4Ref
                0x0000000020003444                TIM_OC1PolarityConfig
                0x000000002000347c                TIM_OC1NPolarityConfig
                0x00000000200034b4                TIM_OC2PolarityConfig
                0x00000000200034f0                TIM_OC2NPolarityConfig
                0x000000002000352c                TIM_OC3PolarityConfig
                0x0000000020003568                TIM_OC3NPolarityConfig
                0x00000000200035a4                TIM_OC4PolarityConfig
                0x00000000200035e0                TIM_CCxCmd
                0x0000000020003636                TIM_CCxNCmd
                0x000000002000368c                TIM_ICInit
                0x0000000020003734                TIM_ICStructInit
                0x0000000020003766                TIM_PWMIConfig
                0x000000002000381e                TIM_GetCapture1
                0x0000000020003836                TIM_GetCapture2
                0x000000002000384e                TIM_GetCapture3
                0x0000000020003866                TIM_GetCapture4
                0x000000002000387e                TIM_SetIC1Prescaler
                0x00000000200038b6                TIM_SetIC2Prescaler
                0x00000000200038f2                TIM_SetIC3Prescaler
                0x000000002000392a                TIM_SetIC4Prescaler
                0x0000000020003966                TIM_BDTRConfig
                0x00000000200039b6                TIM_BDTRStructInit
                0x00000000200039f4                TIM_CtrlPWMOutputs
                0x0000000020003a40                TIM_SelectCOM
                0x0000000020003a80                TIM_CCPreloadControl
                0x0000000020003ac0                TIM_ITConfig
                0x0000000020003b08                TIM_GenerateEvent
                0x0000000020003b26                TIM_GetFlagStatus
                0x0000000020003b5e                TIM_ClearFlag
                0x0000000020003b80                TIM_GetITStatus
                0x0000000020003bd4                TIM_ClearITPendingBit
                0x0000000020003bf6                TIM_DMAConfig
                0x0000000020003c20                TIM_DMACmd
                0x0000000020003c68                TIM_SelectCCDMA
                0x0000000020003ca8                TIM_InternalClockConfig
                0x0000000020003ccc                TIM_ITRxExternalClockConfig
                0x0000000020003cfa                TIM_TIxExternalClockConfig
                0x0000000020003d56                TIM_ETRClockMode1Config
                0x0000000020003db4                TIM_ETRClockMode2Config
                0x0000000020003df2                TIM_SelectInputTrigger
                0x0000000020003e2a                TIM_SelectOutputTrigger
                0x0000000020003e62                TIM_SelectSlaveMode
                0x0000000020003e9a                TIM_SelectMasterSlaveMode
                0x0000000020003ed2                TIM_ETRConfig
                0x0000000020003f26                TIM_EncoderInterfaceConfig
                0x0000000020003fbe                TIM_SelectHallSensor
                0x0000000020003ffe                TIM_RemapConfig
 .text          0x000000002000426c      0x4d4 ./Debug/driver_src_stm32f4xx_gpio.c.o
                0x000000002000426c                GPIO_DeInit
                0x00000000200043d0                GPIO_Init
                0x00000000200044ec                GPIO_StructInit
                0x0000000020004520                GPIO_PinLockConfig
                0x0000000020004564                GPIO_ReadInputDataBit
                0x0000000020004598                GPIO_ReadInputData
                0x00000000200045b2                GPIO_ReadOutputDataBit
                0x00000000200045e6                GPIO_ReadOutputData
                0x0000000020004600                GPIO_SetBits
                0x000000002000461e                GPIO_ResetBits
                0x000000002000463c                GPIO_WriteBit
                0x000000002000466c                GPIO_Write
                0x000000002000468a                GPIO_ToggleBits
                0x00000000200046ae                GPIO_PinAFConfig
 .text          0x0000000020004740      0x450 ./Debug/canTinyTimber.c.o
                0x00000000200047c8                can_init
                0x0000000020004888                can_interrupt
                0x0000000020004a10                can_receive
                0x0000000020004ada                can_send
 .text          0x0000000020004b90       0xf4 ./Debug/dispatch.s.o
                0x0000000020004b90                vect_SVCall
                0x0000000020004b94                vect_PendSV
 .text          0x0000000020004c84       0xb8 ./Debug/startup.c.o
 .text          0x0000000020004d3c      0x210 ./Debug/driver_src_stm32f4xx_exti.c.o
                0x0000000020004d3c                EXTI_DeInit
                0x0000000020004d70                EXTI_Init
                0x0000000020004e54                EXTI_StructInit
                0x0000000020004e80                EXTI_GenerateSWInterrupt
                0x0000000020004ea4                EXTI_GetFlagStatus
                0x0000000020004ed8                EXTI_ClearFlag
                0x0000000020004ef8                EXTI_GetITStatus
                0x0000000020004f2c                EXTI_ClearITPendingBit
 .text          0x0000000020004f4c      0x294 ./Debug/sciTinyTimber.c.o
                0x0000000020004fd4                sci_init
                0x000000002000507a                sci_write
                0x00000000200050ce                sci_writechar
                0x0000000020005104                sci_interrupt
 .text          0x00000000200051e0      0x5e0 ./Debug/application.c.o
                0x00000000200051e0                from_micro_to_milli
                0x0000000020005208                button_receiver
                0x00000000200052a8                receiver
                0x00000000200052d0                reader
                0x00000000200053c0                tone_generator
                0x0000000020005424                melody_player
                0x0000000020005518                start_player
                0x000000002000556c                set_period
                0x00000000200055a4                set_key
                0x00000000200055c2                set_tempo
                0x00000000200055de                unkill
                0x00000000200055fa                kill_tone
                0x0000000020005616                kill_player
                0x0000000020005640                unkill_player
                0x000000002000565c                volume_control
                0x00000000200056e0                startApp
                0x000000002000576c                main
 .text          0x00000000200057c0      0x174 ./Debug/sioTinyTimber.c.o
                0x0000000020005848                sio_init
                0x0000000020005878                sio_read
                0x0000000020005898                sio_write
                0x00000000200058ba                sio_toggle
                0x00000000200058d8                sio_interrupt
 .text          0x0000000020005934      0xf80 ./Debug/TinyTimber.c.o
                0x00000000200059bc                DUMP
                0x00000000200059f4                DUMPH
                0x0000000020005a50                DUMPD
                0x0000000020005af4                sei
                0x0000000020005b10                cli
                0x0000000020005b2c                _sbrk
                0x0000000020005b70                SETSTACK
                0x0000000020005bd8                SETPC
                0x0000000020005bfc                TIMER_INIT
                0x0000000020005c94                DUMPC
                0x0000000020005cc8                vect_USART1
                0x0000000020005d30                vect_CAN1
                0x0000000020005d98                vect_EXTI9_5
                0x0000000020005e00                enqueueByDeadline
                0x0000000020005e58                enqueueByBaseline
                0x0000000020005eb0                dequeue
                0x0000000020005f00                dequeue_pool
                0x0000000020005f50                insert
                0x0000000020005f74                push
                0x0000000020005f98                pop
                0x000000002000601a                vect_TIM5
                0x00000000200060ac                __svc_dispatch
                0x00000000200060bc                __pendSV_dispatch
                0x000000002000622c                async
                0x0000000020006368                sync
                0x0000000020006474                ABORT
                0x0000000020006528                T_RESET
                0x0000000020006564                T_SAMPLE
                0x00000000200065a4                CURRENT_BASELINE
                0x00000000200065dc                CURRENT_OFFSET
                0x0000000020006788                install
                0x0000000020006850                tinytimber
 .text          0x00000000200068b4       0xc8 ./Debug/buffer.c.o
                0x00000000200068b4                put
                0x0000000020006918                get
 .text          0x000000002000697c        0x0 /Users/mbrattlof/GitHub/TinyTimber/gcc-arm-none-eabi-8-2018-q4-major/bin/../lib/gcc/arm-none-eabi/8.2.1/../../../../arm-none-eabi/lib/thumb/v7e-m+fp/hard/libc_nano.a(lib_a-atoi.o)
 .text          0x000000002000697c        0x0 /Users/mbrattlof/GitHub/TinyTimber/gcc-arm-none-eabi-8-2018-q4-major/bin/../lib/gcc/arm-none-eabi/8.2.1/../../../../arm-none-eabi/lib/thumb/v7e-m+fp/hard/libc_nano.a(lib_a-snprintf.o)
 .text          0x000000002000697c        0x0 /Users/mbrattlof/GitHub/TinyTimber/gcc-arm-none-eabi-8-2018-q4-major/bin/../lib/gcc/arm-none-eabi/8.2.1/../../../../arm-none-eabi/lib/thumb/v7e-m+fp/hard/libc_nano.a(lib_a-strtol.o)
 .text          0x000000002000697c        0x0 /Users/mbrattlof/GitHub/TinyTimber/gcc-arm-none-eabi-8-2018-q4-major/bin/../lib/gcc/arm-none-eabi/8.2.1/../../../../arm-none-eabi/lib/thumb/v7e-m+fp/hard/libc_nano.a(lib_a-ctype_.o)
 .text          0x000000002000697c        0x0 /Users/mbrattlof/GitHub/TinyTimber/gcc-arm-none-eabi-8-2018-q4-major/bin/../lib/gcc/arm-none-eabi/8.2.1/../../../../arm-none-eabi/lib/thumb/v7e-m+fp/hard/libc_nano.a(lib_a-impure.o)
 .text          0x000000002000697c        0x0 /Users/mbrattlof/GitHub/TinyTimber/gcc-arm-none-eabi-8-2018-q4-major/bin/../lib/gcc/arm-none-eabi/8.2.1/../../../../arm-none-eabi/lib/thumb/v7e-m+fp/hard/libc_nano.a(lib_a-nano-svfprintf.o)
 .text          0x000000002000697c        0x0 /Users/mbrattlof/GitHub/TinyTimber/gcc-arm-none-eabi-8-2018-q4-major/bin/../lib/gcc/arm-none-eabi/8.2.1/../../../../arm-none-eabi/lib/thumb/v7e-m+fp/hard/libc_nano.a(lib_a-nano-vfprintf_i.o)
 *fill*         0x000000002000697c        0x4 
 .text          0x0000000020006980       0xa0 /Users/mbrattlof/GitHub/TinyTimber/gcc-arm-none-eabi-8-2018-q4-major/bin/../lib/gcc/arm-none-eabi/8.2.1/../../../../arm-none-eabi/lib/thumb/v7e-m+fp/hard/libc_nano.a(lib_a-memchr.o)
                0x0000000020006980                memchr
 .text          0x0000000020006a20        0x0 /Users/mbrattlof/GitHub/TinyTimber/gcc-arm-none-eabi-8-2018-q4-major/bin/../lib/gcc/arm-none-eabi/8.2.1/../../../../arm-none-eabi/lib/thumb/v7e-m+fp/hard/libc_nano.a(lib_a-memcpy-stub.o)
 .text          0x0000000020006a20        0x0 /Users/mbrattlof/GitHub/TinyTimber/gcc-arm-none-eabi-8-2018-q4-major/bin/../lib/gcc/arm-none-eabi/8.2.1/../../../../arm-none-eabi/lib/thumb/v7e-m+fp/hard/libc_nano.a(lib_a-memmove.o)
 .text          0x0000000020006a20        0x0 /Users/mbrattlof/GitHub/TinyTimber/gcc-arm-none-eabi-8-2018-q4-major/bin/../lib/gcc/arm-none-eabi/8.2.1/../../../../arm-none-eabi/lib/thumb/v7e-m+fp/hard/libc_nano.a(lib_a-nano-freer.o)
 .text          0x0000000020006a20        0x0 /Users/mbrattlof/GitHub/TinyTimber/gcc-arm-none-eabi-8-2018-q4-major/bin/../lib/gcc/arm-none-eabi/8.2.1/../../../../arm-none-eabi/lib/thumb/v7e-m+fp/hard/libc_nano.a(lib_a-nano-mallocr.o)
 .text          0x0000000020006a20        0x0 /Users/mbrattlof/GitHub/TinyTimber/gcc-arm-none-eabi-8-2018-q4-major/bin/../lib/gcc/arm-none-eabi/8.2.1/../../../../arm-none-eabi/lib/thumb/v7e-m+fp/hard/libc_nano.a(lib_a-nano-reallocr.o)
 .text          0x0000000020006a20        0x0 /Users/mbrattlof/GitHub/TinyTimber/gcc-arm-none-eabi-8-2018-q4-major/bin/../lib/gcc/arm-none-eabi/8.2.1/../../../../arm-none-eabi/lib/thumb/v7e-m+fp/hard/libc_nano.a(lib_a-sbrkr.o)
 .text          0x0000000020006a20        0x0 /Users/mbrattlof/GitHub/TinyTimber/gcc-arm-none-eabi-8-2018-q4-major/bin/../lib/gcc/arm-none-eabi/8.2.1/../../../../arm-none-eabi/lib/thumb/v7e-m+fp/hard/libc_nano.a(lib_a-mlock.o)
 .text          0x0000000020006a20        0x0 /Users/mbrattlof/GitHub/TinyTimber/gcc-arm-none-eabi-8-2018-q4-major/bin/../lib/gcc/arm-none-eabi/8.2.1/../../../../arm-none-eabi/lib/thumb/v7e-m+fp/hard/libc_nano.a(lib_a-nano-msizer.o)
 .text          0x0000000020006a20        0x0 /Users/mbrattlof/GitHub/TinyTimber/gcc-arm-none-eabi-8-2018-q4-major/bin/../lib/gcc/arm-none-eabi/8.2.1/../../../../arm-none-eabi/lib/thumb/v7e-m+fp/hard/libc_nano.a(lib_a-reent.o)
 .text          0x0000000020006a20        0x0 /Users/mbrattlof/GitHub/TinyTimber/gcc-arm-none-eabi-8-2018-q4-major/bin/../lib/gcc/arm-none-eabi/8.2.1/../../../../arm-none-eabi/lib/thumb/v7e-m+fp/hard/libc_nano.a(lib_a-lock.o)
 *(.text.*)
 .text.atoi     0x0000000020006a20        0x8 /Users/mbrattlof/GitHub/TinyTimber/gcc-arm-none-eabi-8-2018-q4-major/bin/../lib/gcc/arm-none-eabi/8.2.1/../../../../arm-none-eabi/lib/thumb/v7e-m+fp/hard/libc_nano.a(lib_a-atoi.o)
                0x0000000020006a20                atoi
 .text._atoi_r  0x0000000020006a28        0x8 /Users/mbrattlof/GitHub/TinyTimber/gcc-arm-none-eabi-8-2018-q4-major/bin/../lib/gcc/arm-none-eabi/8.2.1/../../../../arm-none-eabi/lib/thumb/v7e-m+fp/hard/libc_nano.a(lib_a-atoi.o)
                0x0000000020006a28                _atoi_r
 .text._snprintf_r
                0x0000000020006a30       0x5e /Users/mbrattlof/GitHub/TinyTimber/gcc-arm-none-eabi-8-2018-q4-major/bin/../lib/gcc/arm-none-eabi/8.2.1/../../../../arm-none-eabi/lib/thumb/v7e-m+fp/hard/libc_nano.a(lib_a-snprintf.o)
                0x0000000020006a30                _sniprintf_r
                0x0000000020006a30                _snprintf_r
 *fill*         0x0000000020006a8e        0x2 
 .text.snprintf
                0x0000000020006a90       0x68 /Users/mbrattlof/GitHub/TinyTimber/gcc-arm-none-eabi-8-2018-q4-major/bin/../lib/gcc/arm-none-eabi/8.2.1/../../../../arm-none-eabi/lib/thumb/v7e-m+fp/hard/libc_nano.a(lib_a-snprintf.o)
                0x0000000020006a90                snprintf
                0x0000000020006a90                sniprintf
 .text._strtol_l.isra.0
                0x0000000020006af8       0xf0 /Users/mbrattlof/GitHub/TinyTimber/gcc-arm-none-eabi-8-2018-q4-major/bin/../lib/gcc/arm-none-eabi/8.2.1/../../../../arm-none-eabi/lib/thumb/v7e-m+fp/hard/libc_nano.a(lib_a-strtol.o)
 .text._strtol_r
                0x0000000020006be8        0x4 /Users/mbrattlof/GitHub/TinyTimber/gcc-arm-none-eabi-8-2018-q4-major/bin/../lib/gcc/arm-none-eabi/8.2.1/../../../../arm-none-eabi/lib/thumb/v7e-m+fp/hard/libc_nano.a(lib_a-strtol.o)
                0x0000000020006be8                _strtol_r
 .text.strtol_l
                0x0000000020006bec       0x14 /Users/mbrattlof/GitHub/TinyTimber/gcc-arm-none-eabi-8-2018-q4-major/bin/../lib/gcc/arm-none-eabi/8.2.1/../../../../arm-none-eabi/lib/thumb/v7e-m+fp/hard/libc_nano.a(lib_a-strtol.o)
                0x0000000020006bec                strtol_l
 .text.strtol   0x0000000020006c00       0x14 /Users/mbrattlof/GitHub/TinyTimber/gcc-arm-none-eabi-8-2018-q4-major/bin/../lib/gcc/arm-none-eabi/8.2.1/../../../../arm-none-eabi/lib/thumb/v7e-m+fp/hard/libc_nano.a(lib_a-strtol.o)
                0x0000000020006c00                strtol
 .text.__ssputs_r
                0x0000000020006c14       0xb6 /Users/mbrattlof/GitHub/TinyTimber/gcc-arm-none-eabi-8-2018-q4-major/bin/../lib/gcc/arm-none-eabi/8.2.1/../../../../arm-none-eabi/lib/thumb/v7e-m+fp/hard/libc_nano.a(lib_a-nano-svfprintf.o)
                0x0000000020006c14                __ssputs_r
 .text.__ssprint_r
                0x0000000020006cca       0xf0 /Users/mbrattlof/GitHub/TinyTimber/gcc-arm-none-eabi-8-2018-q4-major/bin/../lib/gcc/arm-none-eabi/8.2.1/../../../../arm-none-eabi/lib/thumb/v7e-m+fp/hard/libc_nano.a(lib_a-nano-svfprintf.o)
                0x0000000020006cca                __ssprint_r
 *fill*         0x0000000020006dba        0x2 
 .text._svfprintf_r
                0x0000000020006dbc      0x1f0 /Users/mbrattlof/GitHub/TinyTimber/gcc-arm-none-eabi-8-2018-q4-major/bin/../lib/gcc/arm-none-eabi/8.2.1/../../../../arm-none-eabi/lib/thumb/v7e-m+fp/hard/libc_nano.a(lib_a-nano-svfprintf.o)
                0x0000000020006dbc                _svfprintf_r
                0x0000000020006dbc                _svfiprintf_r
 .text._printf_common
                0x0000000020006fac       0xea /Users/mbrattlof/GitHub/TinyTimber/gcc-arm-none-eabi-8-2018-q4-major/bin/../lib/gcc/arm-none-eabi/8.2.1/../../../../arm-none-eabi/lib/thumb/v7e-m+fp/hard/libc_nano.a(lib_a-nano-vfprintf_i.o)
                0x0000000020006fac                _printf_common
 *fill*         0x0000000020007096        0x2 
 .text._printf_i
                0x0000000020007098      0x228 /Users/mbrattlof/GitHub/TinyTimber/gcc-arm-none-eabi-8-2018-q4-major/bin/../lib/gcc/arm-none-eabi/8.2.1/../../../../arm-none-eabi/lib/thumb/v7e-m+fp/hard/libc_nano.a(lib_a-nano-vfprintf_i.o)
                0x0000000020007098                _printf_i
 .text.memcpy   0x00000000200072c0       0x1c /Users/mbrattlof/GitHub/TinyTimber/gcc-arm-none-eabi-8-2018-q4-major/bin/../lib/gcc/arm-none-eabi/8.2.1/../../../../arm-none-eabi/lib/thumb/v7e-m+fp/hard/libc_nano.a(lib_a-memcpy-stub.o)
                0x00000000200072c0                memcpy
 .text.memmove  0x00000000200072dc       0x34 /Users/mbrattlof/GitHub/TinyTimber/gcc-arm-none-eabi-8-2018-q4-major/bin/../lib/gcc/arm-none-eabi/8.2.1/../../../../arm-none-eabi/lib/thumb/v7e-m+fp/hard/libc_nano.a(lib_a-memmove.o)
                0x00000000200072dc                memmove
 .text._free_r  0x0000000020007310       0x9c /Users/mbrattlof/GitHub/TinyTimber/gcc-arm-none-eabi-8-2018-q4-major/bin/../lib/gcc/arm-none-eabi/8.2.1/../../../../arm-none-eabi/lib/thumb/v7e-m+fp/hard/libc_nano.a(lib_a-nano-freer.o)
                0x0000000020007310                _free_r
 .text._malloc_r
                0x00000000200073ac       0xb4 /Users/mbrattlof/GitHub/TinyTimber/gcc-arm-none-eabi-8-2018-q4-major/bin/../lib/gcc/arm-none-eabi/8.2.1/../../../../arm-none-eabi/lib/thumb/v7e-m+fp/hard/libc_nano.a(lib_a-nano-mallocr.o)
                0x00000000200073ac                _malloc_r
 .text._realloc_r
                0x0000000020007460       0x4c /Users/mbrattlof/GitHub/TinyTimber/gcc-arm-none-eabi-8-2018-q4-major/bin/../lib/gcc/arm-none-eabi/8.2.1/../../../../arm-none-eabi/lib/thumb/v7e-m+fp/hard/libc_nano.a(lib_a-nano-reallocr.o)
                0x0000000020007460                _realloc_r
 .text._sbrk_r  0x00000000200074ac       0x20 /Users/mbrattlof/GitHub/TinyTimber/gcc-arm-none-eabi-8-2018-q4-major/bin/../lib/gcc/arm-none-eabi/8.2.1/../../../../arm-none-eabi/lib/thumb/v7e-m+fp/hard/libc_nano.a(lib_a-sbrkr.o)
                0x00000000200074ac                _sbrk_r
 .text.__malloc_lock
                0x00000000200074cc        0xc /Users/mbrattlof/GitHub/TinyTimber/gcc-arm-none-eabi-8-2018-q4-major/bin/../lib/gcc/arm-none-eabi/8.2.1/../../../../arm-none-eabi/lib/thumb/v7e-m+fp/hard/libc_nano.a(lib_a-mlock.o)
                0x00000000200074cc                __malloc_lock
 .text.__malloc_unlock
                0x00000000200074d8        0xc /Users/mbrattlof/GitHub/TinyTimber/gcc-arm-none-eabi-8-2018-q4-major/bin/../lib/gcc/arm-none-eabi/8.2.1/../../../../arm-none-eabi/lib/thumb/v7e-m+fp/hard/libc_nano.a(lib_a-mlock.o)
                0x00000000200074d8                __malloc_unlock
 .text._malloc_usable_size_r
                0x00000000200074e4       0x10 /Users/mbrattlof/GitHub/TinyTimber/gcc-arm-none-eabi-8-2018-q4-major/bin/../lib/gcc/arm-none-eabi/8.2.1/../../../../arm-none-eabi/lib/thumb/v7e-m+fp/hard/libc_nano.a(lib_a-nano-msizer.o)
                0x00000000200074e4                _malloc_usable_size_r
 .text.cleanup_glue
                0x00000000200074f4       0x1a /Users/mbrattlof/GitHub/TinyTimber/gcc-arm-none-eabi-8-2018-q4-major/bin/../lib/gcc/arm-none-eabi/8.2.1/../../../../arm-none-eabi/lib/thumb/v7e-m+fp/hard/libc_nano.a(lib_a-reent.o)
                0x00000000200074f4                cleanup_glue
 *fill*         0x000000002000750e        0x2 
 .text._reclaim_reent
                0x0000000020007510       0xb8 /Users/mbrattlof/GitHub/TinyTimber/gcc-arm-none-eabi-8-2018-q4-major/bin/../lib/gcc/arm-none-eabi/8.2.1/../../../../arm-none-eabi/lib/thumb/v7e-m+fp/hard/libc_nano.a(lib_a-reent.o)
                0x0000000020007510                _reclaim_reent
 .text.__retarget_lock_init
                0x00000000200075c8        0x2 /Users/mbrattlof/GitHub/TinyTimber/gcc-arm-none-eabi-8-2018-q4-major/bin/../lib/gcc/arm-none-eabi/8.2.1/../../../../arm-none-eabi/lib/thumb/v7e-m+fp/hard/libc_nano.a(lib_a-lock.o)
                0x00000000200075c8                __retarget_lock_init
 .text.__retarget_lock_init_recursive
                0x00000000200075ca        0x2 /Users/mbrattlof/GitHub/TinyTimber/gcc-arm-none-eabi-8-2018-q4-major/bin/../lib/gcc/arm-none-eabi/8.2.1/../../../../arm-none-eabi/lib/thumb/v7e-m+fp/hard/libc_nano.a(lib_a-lock.o)
                0x00000000200075ca                __retarget_lock_init_recursive
 .text.__retarget_lock_close
                0x00000000200075cc        0x2 /Users/mbrattlof/GitHub/TinyTimber/gcc-arm-none-eabi-8-2018-q4-major/bin/../lib/gcc/arm-none-eabi/8.2.1/../../../../arm-none-eabi/lib/thumb/v7e-m+fp/hard/libc_nano.a(lib_a-lock.o)
                0x00000000200075cc                __retarget_lock_close
 .text.__retarget_lock_close_recursive
                0x00000000200075ce        0x2 /Users/mbrattlof/GitHub/TinyTimber/gcc-arm-none-eabi-8-2018-q4-major/bin/../lib/gcc/arm-none-eabi/8.2.1/../../../../arm-none-eabi/lib/thumb/v7e-m+fp/hard/libc_nano.a(lib_a-lock.o)
                0x00000000200075ce                __retarget_lock_close_recursive
 .text.__retarget_lock_acquire
                0x00000000200075d0        0x2 /Users/mbrattlof/GitHub/TinyTimber/gcc-arm-none-eabi-8-2018-q4-major/bin/../lib/gcc/arm-none-eabi/8.2.1/../../../../arm-none-eabi/lib/thumb/v7e-m+fp/hard/libc_nano.a(lib_a-lock.o)
                0x00000000200075d0                __retarget_lock_acquire
 .text.__retarget_lock_acquire_recursive
                0x00000000200075d2        0x2 /Users/mbrattlof/GitHub/TinyTimber/gcc-arm-none-eabi-8-2018-q4-major/bin/../lib/gcc/arm-none-eabi/8.2.1/../../../../arm-none-eabi/lib/thumb/v7e-m+fp/hard/libc_nano.a(lib_a-lock.o)
                0x00000000200075d2                __retarget_lock_acquire_recursive
 .text.__retarget_lock_try_acquire
                0x00000000200075d4        0x4 /Users/mbrattlof/GitHub/TinyTimber/gcc-arm-none-eabi-8-2018-q4-major/bin/../lib/gcc/arm-none-eabi/8.2.1/../../../../arm-none-eabi/lib/thumb/v7e-m+fp/hard/libc_nano.a(lib_a-lock.o)
                0x00000000200075d4                __retarget_lock_try_acquire
 .text.__retarget_lock_try_acquire_recursive
                0x00000000200075d8        0x4 /Users/mbrattlof/GitHub/TinyTimber/gcc-arm-none-eabi-8-2018-q4-major/bin/../lib/gcc/arm-none-eabi/8.2.1/../../../../arm-none-eabi/lib/thumb/v7e-m+fp/hard/libc_nano.a(lib_a-lock.o)
                0x00000000200075d8                __retarget_lock_try_acquire_recursive
 .text.__retarget_lock_release
                0x00000000200075dc        0x2 /Users/mbrattlof/GitHub/TinyTimber/gcc-arm-none-eabi-8-2018-q4-major/bin/../lib/gcc/arm-none-eabi/8.2.1/../../../../arm-none-eabi/lib/thumb/v7e-m+fp/hard/libc_nano.a(lib_a-lock.o)
                0x00000000200075dc                __retarget_lock_release
 .text.__retarget_lock_release_recursive
                0x00000000200075de        0x2 /Users/mbrattlof/GitHub/TinyTimber/gcc-arm-none-eabi-8-2018-q4-major/bin/../lib/gcc/arm-none-eabi/8.2.1/../../../../arm-none-eabi/lib/thumb/v7e-m+fp/hard/libc_nano.a(lib_a-lock.o)
                0x00000000200075de                __retarget_lock_release_recursive
 *(.rodata)
 .rodata        0x00000000200075e0       0xb2 ./Debug/canTinyTimber.c.o
 *fill*         0x0000000020007692        0x2 
 .rodata        0x0000000020007694       0x43 ./Debug/startup.c.o
 *fill*         0x00000000200076d7        0x1 
 .rodata        0x00000000200076d8       0x52 ./Debug/application.c.o
 *fill*         0x000000002000772a        0x2 
 .rodata        0x000000002000772c       0x23 ./Debug/sioTinyTimber.c.o
 *fill*         0x000000002000774f        0x1 
 .rodata        0x0000000020007750       0x7d ./Debug/TinyTimber.c.o
 *(.rodata*)
 .rodata._ctype_
                0x00000000200077cd      0x101 /Users/mbrattlof/GitHub/TinyTimber/gcc-arm-none-eabi-8-2018-q4-major/bin/../lib/gcc/arm-none-eabi/8.2.1/../../../../arm-none-eabi/lib/thumb/v7e-m+fp/hard/libc_nano.a(lib_a-ctype_.o)
                0x00000000200077cd                _ctype_
 *fill*         0x00000000200078ce        0x2 
 .rodata._global_impure_ptr
                0x00000000200078d0        0x4 /Users/mbrattlof/GitHub/TinyTimber/gcc-arm-none-eabi-8-2018-q4-major/bin/../lib/gcc/arm-none-eabi/8.2.1/../../../../arm-none-eabi/lib/thumb/v7e-m+fp/hard/libc_nano.a(lib_a-impure.o)
                0x00000000200078d0                _global_impure_ptr
 .rodata._svfprintf_r.str1.1
                0x00000000200078d4       0x11 /Users/mbrattlof/GitHub/TinyTimber/gcc-arm-none-eabi-8-2018-q4-major/bin/../lib/gcc/arm-none-eabi/8.2.1/../../../../arm-none-eabi/lib/thumb/v7e-m+fp/hard/libc_nano.a(lib_a-nano-svfprintf.o)
 .rodata._printf_i.str1.1
                0x00000000200078e5       0x22 /Users/mbrattlof/GitHub/TinyTimber/gcc-arm-none-eabi-8-2018-q4-major/bin/../lib/gcc/arm-none-eabi/8.2.1/../../../../arm-none-eabi/lib/thumb/v7e-m+fp/hard/libc_nano.a(lib_a-nano-vfprintf_i.o)
 *(.glue_7)
 .glue_7        0x0000000020007907        0x0 linker stubs
 *(.glue_7t)
 .glue_7t       0x0000000020007907        0x0 linker stubs
                0x0000000020007908                . = ALIGN (0x4)
 *fill*         0x0000000020007907        0x1 

.vfp11_veneer   0x0000000020007908        0x0
 .vfp11_veneer  0x0000000020007908        0x0 linker stubs

.v4_bx          0x0000000020007908        0x0
 .v4_bx         0x0000000020007908        0x0 linker stubs

.iplt           0x0000000020007908        0x0
 .iplt          0x0000000020007908        0x0 ./Debug/driver_src_stm32f4xx_can.c.o

.rel.dyn        0x0000000020007908        0x0
 .rel.iplt      0x0000000020007908        0x0 ./Debug/driver_src_stm32f4xx_can.c.o

.data           0x0000000020007908      0x7a8
                0x0000000020007908                . = ALIGN (0x4)
 *(.data)
 .data          0x0000000020007908        0x0 ./Debug/driver_src_stm32f4xx_can.c.o
 .data          0x0000000020007908        0x0 ./Debug/driver_src_stm32f4xx_usart.c.o
 .data          0x0000000020007908       0x10 ./Debug/driver_src_stm32f4xx_rcc.c.o
 .data          0x0000000020007918        0x0 ./Debug/driver_src_stm32f4xx_tim.c.o
 .data          0x0000000020007918        0x0 ./Debug/driver_src_stm32f4xx_gpio.c.o
 .data          0x0000000020007918        0x0 ./Debug/canTinyTimber.c.o
 .data          0x0000000020007918       0x84 ./Debug/dispatch.s.o
 .data          0x000000002000799c        0x0 ./Debug/startup.c.o
 .data          0x000000002000799c        0x0 ./Debug/driver_src_stm32f4xx_exti.c.o
 .data          0x000000002000799c        0x0 ./Debug/sciTinyTimber.c.o
 .data          0x000000002000799c      0x68c ./Debug/application.c.o
                0x000000002000799c                DAC_OUTPUT
                0x00000000200079a0                LEADER
                0x00000000200079a4                freqind
                0x0000000020007a24                periods
                0x0000000020007a88                beats
                0x0000000020007b08                s
                0x0000000020007b34                b
                0x0000000020007b60                m
                0x0000000020007b78                sci0
                0x0000000020007f98                can0
                0x0000000020008014                sysio
 .data          0x0000000020008028        0x0 ./Debug/sioTinyTimber.c.o
 .data          0x0000000020008028       0x24 ./Debug/TinyTimber.c.o
                0x0000000020008028                hex
                0x000000002000803c                msgPool
                0x0000000020008040                threadPool
                0x0000000020008044                activeStack
                0x0000000020008048                current
 .data          0x000000002000804c        0x0 ./Debug/buffer.c.o
 .data          0x000000002000804c        0x0 /Users/mbrattlof/GitHub/TinyTimber/gcc-arm-none-eabi-8-2018-q4-major/bin/../lib/gcc/arm-none-eabi/8.2.1/../../../../arm-none-eabi/lib/thumb/v7e-m+fp/hard/libc_nano.a(lib_a-atoi.o)
 .data          0x000000002000804c        0x0 /Users/mbrattlof/GitHub/TinyTimber/gcc-arm-none-eabi-8-2018-q4-major/bin/../lib/gcc/arm-none-eabi/8.2.1/../../../../arm-none-eabi/lib/thumb/v7e-m+fp/hard/libc_nano.a(lib_a-snprintf.o)
 .data          0x000000002000804c        0x0 /Users/mbrattlof/GitHub/TinyTimber/gcc-arm-none-eabi-8-2018-q4-major/bin/../lib/gcc/arm-none-eabi/8.2.1/../../../../arm-none-eabi/lib/thumb/v7e-m+fp/hard/libc_nano.a(lib_a-strtol.o)
 .data          0x000000002000804c        0x0 /Users/mbrattlof/GitHub/TinyTimber/gcc-arm-none-eabi-8-2018-q4-major/bin/../lib/gcc/arm-none-eabi/8.2.1/../../../../arm-none-eabi/lib/thumb/v7e-m+fp/hard/libc_nano.a(lib_a-ctype_.o)
 .data          0x000000002000804c        0x0 /Users/mbrattlof/GitHub/TinyTimber/gcc-arm-none-eabi-8-2018-q4-major/bin/../lib/gcc/arm-none-eabi/8.2.1/../../../../arm-none-eabi/lib/thumb/v7e-m+fp/hard/libc_nano.a(lib_a-impure.o)
 .data          0x000000002000804c        0x0 /Users/mbrattlof/GitHub/TinyTimber/gcc-arm-none-eabi-8-2018-q4-major/bin/../lib/gcc/arm-none-eabi/8.2.1/../../../../arm-none-eabi/lib/thumb/v7e-m+fp/hard/libc_nano.a(lib_a-nano-svfprintf.o)
 .data          0x000000002000804c        0x0 /Users/mbrattlof/GitHub/TinyTimber/gcc-arm-none-eabi-8-2018-q4-major/bin/../lib/gcc/arm-none-eabi/8.2.1/../../../../arm-none-eabi/lib/thumb/v7e-m+fp/hard/libc_nano.a(lib_a-nano-vfprintf_i.o)
 .data          0x000000002000804c        0x0 /Users/mbrattlof/GitHub/TinyTimber/gcc-arm-none-eabi-8-2018-q4-major/bin/../lib/gcc/arm-none-eabi/8.2.1/../../../../arm-none-eabi/lib/thumb/v7e-m+fp/hard/libc_nano.a(lib_a-memchr.o)
 .data          0x000000002000804c        0x0 /Users/mbrattlof/GitHub/TinyTimber/gcc-arm-none-eabi-8-2018-q4-major/bin/../lib/gcc/arm-none-eabi/8.2.1/../../../../arm-none-eabi/lib/thumb/v7e-m+fp/hard/libc_nano.a(lib_a-memcpy-stub.o)
 .data          0x000000002000804c        0x0 /Users/mbrattlof/GitHub/TinyTimber/gcc-arm-none-eabi-8-2018-q4-major/bin/../lib/gcc/arm-none-eabi/8.2.1/../../../../arm-none-eabi/lib/thumb/v7e-m+fp/hard/libc_nano.a(lib_a-memmove.o)
 .data          0x000000002000804c        0x0 /Users/mbrattlof/GitHub/TinyTimber/gcc-arm-none-eabi-8-2018-q4-major/bin/../lib/gcc/arm-none-eabi/8.2.1/../../../../arm-none-eabi/lib/thumb/v7e-m+fp/hard/libc_nano.a(lib_a-nano-freer.o)
 .data          0x000000002000804c        0x0 /Users/mbrattlof/GitHub/TinyTimber/gcc-arm-none-eabi-8-2018-q4-major/bin/../lib/gcc/arm-none-eabi/8.2.1/../../../../arm-none-eabi/lib/thumb/v7e-m+fp/hard/libc_nano.a(lib_a-nano-mallocr.o)
 .data          0x000000002000804c        0x0 /Users/mbrattlof/GitHub/TinyTimber/gcc-arm-none-eabi-8-2018-q4-major/bin/../lib/gcc/arm-none-eabi/8.2.1/../../../../arm-none-eabi/lib/thumb/v7e-m+fp/hard/libc_nano.a(lib_a-nano-reallocr.o)
 .data          0x000000002000804c        0x0 /Users/mbrattlof/GitHub/TinyTimber/gcc-arm-none-eabi-8-2018-q4-major/bin/../lib/gcc/arm-none-eabi/8.2.1/../../../../arm-none-eabi/lib/thumb/v7e-m+fp/hard/libc_nano.a(lib_a-sbrkr.o)
 .data          0x000000002000804c        0x0 /Users/mbrattlof/GitHub/TinyTimber/gcc-arm-none-eabi-8-2018-q4-major/bin/../lib/gcc/arm-none-eabi/8.2.1/../../../../arm-none-eabi/lib/thumb/v7e-m+fp/hard/libc_nano.a(lib_a-mlock.o)
 .data          0x000000002000804c        0x0 /Users/mbrattlof/GitHub/TinyTimber/gcc-arm-none-eabi-8-2018-q4-major/bin/../lib/gcc/arm-none-eabi/8.2.1/../../../../arm-none-eabi/lib/thumb/v7e-m+fp/hard/libc_nano.a(lib_a-nano-msizer.o)
 .data          0x000000002000804c        0x0 /Users/mbrattlof/GitHub/TinyTimber/gcc-arm-none-eabi-8-2018-q4-major/bin/../lib/gcc/arm-none-eabi/8.2.1/../../../../arm-none-eabi/lib/thumb/v7e-m+fp/hard/libc_nano.a(lib_a-reent.o)
 .data          0x000000002000804c        0x0 /Users/mbrattlof/GitHub/TinyTimber/gcc-arm-none-eabi-8-2018-q4-major/bin/../lib/gcc/arm-none-eabi/8.2.1/../../../../arm-none-eabi/lib/thumb/v7e-m+fp/hard/libc_nano.a(lib_a-lock.o)
 *(.data.*)
 .data._impure_ptr
                0x000000002000804c        0x4 /Users/mbrattlof/GitHub/TinyTimber/gcc-arm-none-eabi-8-2018-q4-major/bin/../lib/gcc/arm-none-eabi/8.2.1/../../../../arm-none-eabi/lib/thumb/v7e-m+fp/hard/libc_nano.a(lib_a-impure.o)
                0x000000002000804c                _impure_ptr
 .data.impure_data
                0x0000000020008050       0x60 /Users/mbrattlof/GitHub/TinyTimber/gcc-arm-none-eabi-8-2018-q4-major/bin/../lib/gcc/arm-none-eabi/8.2.1/../../../../arm-none-eabi/lib/thumb/v7e-m+fp/hard/libc_nano.a(lib_a-impure.o)
                0x00000000200080b0                . = ALIGN (0x4)

.igot.plt       0x00000000200080b0        0x0
 .igot.plt      0x00000000200080b0        0x0 ./Debug/driver_src_stm32f4xx_can.c.o

.bss            0x00000000200080b0     0x8498
                0x00000000200080b0                . = ALIGN (0x4)
                0x00000000200080b0                _sbss = .
 *(.bss)
 .bss           0x00000000200080b0        0x0 ./Debug/driver_src_stm32f4xx_can.c.o
 .bss           0x00000000200080b0        0x0 ./Debug/driver_src_stm32f4xx_usart.c.o
 .bss           0x00000000200080b0        0x0 ./Debug/driver_src_stm32f4xx_rcc.c.o
 .bss           0x00000000200080b0        0x0 ./Debug/driver_src_stm32f4xx_tim.c.o
 .bss           0x00000000200080b0        0x0 ./Debug/driver_src_stm32f4xx_gpio.c.o
 .bss           0x00000000200080b0        0x0 ./Debug/canTinyTimber.c.o
 .bss           0x00000000200080b0        0x0 ./Debug/dispatch.s.o
 .bss           0x00000000200080b0        0x0 ./Debug/startup.c.o
 .bss           0x00000000200080b0        0x0 ./Debug/driver_src_stm32f4xx_exti.c.o
 .bss           0x00000000200080b0        0x0 ./Debug/sciTinyTimber.c.o
 .bss           0x00000000200080b0      0x110 ./Debug/application.c.o
                0x00000000200080b0                app
                0x0000000020008164                btn
                0x0000000020008184                circbuff
 .bss           0x00000000200081c0        0x0 ./Debug/sioTinyTimber.c.o
 .bss           0x00000000200081c0       0x18 ./Debug/TinyTimber.c.o
                0x00000000200081c0                doIRQSchedule
                0x00000000200081c4                msgQ
                0x00000000200081c8                timerQ
                0x00000000200081cc                runAsHardware
                0x00000000200081d0                timestamp
                0x00000000200081d4                overflows
 .bss           0x00000000200081d8        0x0 ./Debug/buffer.c.o
 .bss           0x00000000200081d8        0x0 /Users/mbrattlof/GitHub/TinyTimber/gcc-arm-none-eabi-8-2018-q4-major/bin/../lib/gcc/arm-none-eabi/8.2.1/../../../../arm-none-eabi/lib/thumb/v7e-m+fp/hard/libc_nano.a(lib_a-atoi.o)
 .bss           0x00000000200081d8        0x0 /Users/mbrattlof/GitHub/TinyTimber/gcc-arm-none-eabi-8-2018-q4-major/bin/../lib/gcc/arm-none-eabi/8.2.1/../../../../arm-none-eabi/lib/thumb/v7e-m+fp/hard/libc_nano.a(lib_a-snprintf.o)
 .bss           0x00000000200081d8        0x0 /Users/mbrattlof/GitHub/TinyTimber/gcc-arm-none-eabi-8-2018-q4-major/bin/../lib/gcc/arm-none-eabi/8.2.1/../../../../arm-none-eabi/lib/thumb/v7e-m+fp/hard/libc_nano.a(lib_a-strtol.o)
 .bss           0x00000000200081d8        0x0 /Users/mbrattlof/GitHub/TinyTimber/gcc-arm-none-eabi-8-2018-q4-major/bin/../lib/gcc/arm-none-eabi/8.2.1/../../../../arm-none-eabi/lib/thumb/v7e-m+fp/hard/libc_nano.a(lib_a-ctype_.o)
 .bss           0x00000000200081d8        0x0 /Users/mbrattlof/GitHub/TinyTimber/gcc-arm-none-eabi-8-2018-q4-major/bin/../lib/gcc/arm-none-eabi/8.2.1/../../../../arm-none-eabi/lib/thumb/v7e-m+fp/hard/libc_nano.a(lib_a-impure.o)
 .bss           0x00000000200081d8        0x0 /Users/mbrattlof/GitHub/TinyTimber/gcc-arm-none-eabi-8-2018-q4-major/bin/../lib/gcc/arm-none-eabi/8.2.1/../../../../arm-none-eabi/lib/thumb/v7e-m+fp/hard/libc_nano.a(lib_a-nano-svfprintf.o)
 .bss           0x00000000200081d8        0x0 /Users/mbrattlof/GitHub/TinyTimber/gcc-arm-none-eabi-8-2018-q4-major/bin/../lib/gcc/arm-none-eabi/8.2.1/../../../../arm-none-eabi/lib/thumb/v7e-m+fp/hard/libc_nano.a(lib_a-nano-vfprintf_i.o)
 .bss           0x00000000200081d8        0x0 /Users/mbrattlof/GitHub/TinyTimber/gcc-arm-none-eabi-8-2018-q4-major/bin/../lib/gcc/arm-none-eabi/8.2.1/../../../../arm-none-eabi/lib/thumb/v7e-m+fp/hard/libc_nano.a(lib_a-memchr.o)
 .bss           0x00000000200081d8        0x0 /Users/mbrattlof/GitHub/TinyTimber/gcc-arm-none-eabi-8-2018-q4-major/bin/../lib/gcc/arm-none-eabi/8.2.1/../../../../arm-none-eabi/lib/thumb/v7e-m+fp/hard/libc_nano.a(lib_a-memcpy-stub.o)
 .bss           0x00000000200081d8        0x0 /Users/mbrattlof/GitHub/TinyTimber/gcc-arm-none-eabi-8-2018-q4-major/bin/../lib/gcc/arm-none-eabi/8.2.1/../../../../arm-none-eabi/lib/thumb/v7e-m+fp/hard/libc_nano.a(lib_a-memmove.o)
 .bss           0x00000000200081d8        0x0 /Users/mbrattlof/GitHub/TinyTimber/gcc-arm-none-eabi-8-2018-q4-major/bin/../lib/gcc/arm-none-eabi/8.2.1/../../../../arm-none-eabi/lib/thumb/v7e-m+fp/hard/libc_nano.a(lib_a-nano-freer.o)
 .bss           0x00000000200081d8        0x0 /Users/mbrattlof/GitHub/TinyTimber/gcc-arm-none-eabi-8-2018-q4-major/bin/../lib/gcc/arm-none-eabi/8.2.1/../../../../arm-none-eabi/lib/thumb/v7e-m+fp/hard/libc_nano.a(lib_a-nano-mallocr.o)
 .bss           0x00000000200081d8        0x0 /Users/mbrattlof/GitHub/TinyTimber/gcc-arm-none-eabi-8-2018-q4-major/bin/../lib/gcc/arm-none-eabi/8.2.1/../../../../arm-none-eabi/lib/thumb/v7e-m+fp/hard/libc_nano.a(lib_a-nano-reallocr.o)
 .bss           0x00000000200081d8        0x0 /Users/mbrattlof/GitHub/TinyTimber/gcc-arm-none-eabi-8-2018-q4-major/bin/../lib/gcc/arm-none-eabi/8.2.1/../../../../arm-none-eabi/lib/thumb/v7e-m+fp/hard/libc_nano.a(lib_a-sbrkr.o)
 .bss           0x00000000200081d8        0x0 /Users/mbrattlof/GitHub/TinyTimber/gcc-arm-none-eabi-8-2018-q4-major/bin/../lib/gcc/arm-none-eabi/8.2.1/../../../../arm-none-eabi/lib/thumb/v7e-m+fp/hard/libc_nano.a(lib_a-mlock.o)
 .bss           0x00000000200081d8        0x0 /Users/mbrattlof/GitHub/TinyTimber/gcc-arm-none-eabi-8-2018-q4-major/bin/../lib/gcc/arm-none-eabi/8.2.1/../../../../arm-none-eabi/lib/thumb/v7e-m+fp/hard/libc_nano.a(lib_a-nano-msizer.o)
 .bss           0x00000000200081d8        0x0 /Users/mbrattlof/GitHub/TinyTimber/gcc-arm-none-eabi-8-2018-q4-major/bin/../lib/gcc/arm-none-eabi/8.2.1/../../../../arm-none-eabi/lib/thumb/v7e-m+fp/hard/libc_nano.a(lib_a-reent.o)
 .bss           0x00000000200081d8        0x0 /Users/mbrattlof/GitHub/TinyTimber/gcc-arm-none-eabi-8-2018-q4-major/bin/../lib/gcc/arm-none-eabi/8.2.1/../../../../arm-none-eabi/lib/thumb/v7e-m+fp/hard/libc_nano.a(lib_a-lock.o)
 *(.bss.*)
 .bss.__malloc_free_list
                0x00000000200081d8        0x4 /Users/mbrattlof/GitHub/TinyTimber/gcc-arm-none-eabi-8-2018-q4-major/bin/../lib/gcc/arm-none-eabi/8.2.1/../../../../arm-none-eabi/lib/thumb/v7e-m+fp/hard/libc_nano.a(lib_a-nano-mallocr.o)
                0x00000000200081d8                __malloc_free_list
 .bss.__malloc_sbrk_start
                0x00000000200081dc        0x4 /Users/mbrattlof/GitHub/TinyTimber/gcc-arm-none-eabi-8-2018-q4-major/bin/../lib/gcc/arm-none-eabi/8.2.1/../../../../arm-none-eabi/lib/thumb/v7e-m+fp/hard/libc_nano.a(lib_a-nano-mallocr.o)
                0x00000000200081dc                __malloc_sbrk_start
 *(COMMON)
 COMMON         0x00000000200081e0        0x0 ./Debug/canTinyTimber.c.o
 COMMON         0x00000000200081e0     0x8358 ./Debug/TinyTimber.c.o
                0x00000000200081e0                otable
                0x00000000200081ec                upcoming
                0x00000000200081f0                threads
                0x0000000020008240                mtable
                0x000000002000824c                thread0
                0x0000000020008260                messages
                0x0000000020008530                __heap_end
                0x0000000020008538                stacks
 COMMON         0x0000000020010538        0x4 /Users/mbrattlof/GitHub/TinyTimber/gcc-arm-none-eabi-8-2018-q4-major/bin/../lib/gcc/arm-none-eabi/8.2.1/../../../../arm-none-eabi/lib/thumb/v7e-m+fp/hard/libc_nano.a(lib_a-reent.o)
                0x0000000020010538                errno
 COMMON         0x000000002001053c        0x9 /Users/mbrattlof/GitHub/TinyTimber/gcc-arm-none-eabi-8-2018-q4-major/bin/../lib/gcc/arm-none-eabi/8.2.1/../../../../arm-none-eabi/lib/thumb/v7e-m+fp/hard/libc_nano.a(lib_a-lock.o)
                0x000000002001053c                __lock___atexit_recursive_mutex
                0x000000002001053d                __lock___arc4random_mutex
                0x000000002001053e                __lock___env_recursive_mutex
                0x000000002001053f                __lock___sinit_recursive_mutex
                0x0000000020010540                __lock___malloc_recursive_mutex
                0x0000000020010541                __lock___at_quick_exit_mutex
                0x0000000020010542                __lock___dd_hash_mutex
                0x0000000020010543                __lock___tz_mutex
                0x0000000020010544                __lock___sfp_recursive_mutex
                0x0000000020010548                . = ALIGN (0x4)
 *fill*         0x0000000020010545        0x3 
                0x0000000020010548                _ebss = .
                0x0000000020010548                PROVIDE (end = _ebss)
                [!provide]                        PROVIDE (_end = _ebss)
OUTPUT(./Debug/RTS-Lab.elf elf32-littlearm)

.debug_info     0x0000000000000000     0xa54e
 .debug_info    0x0000000000000000      0xc60 ./Debug/driver_src_stm32f4xx_can.c.o
 .debug_info    0x0000000000000c60      0xa68 ./Debug/driver_src_stm32f4xx_usart.c.o
 .debug_info    0x00000000000016c8      0xef4 ./Debug/driver_src_stm32f4xx_rcc.c.o
 .debug_info    0x00000000000025bc     0x1e26 ./Debug/driver_src_stm32f4xx_tim.c.o
 .debug_info    0x00000000000043e2      0x67f ./Debug/driver_src_stm32f4xx_gpio.c.o
 .debug_info    0x0000000000004a61      0xdd6 ./Debug/canTinyTimber.c.o
 .debug_info    0x0000000000005837      0x3f8 ./Debug/startup.c.o
 .debug_info    0x0000000000005c2f      0x383 ./Debug/driver_src_stm32f4xx_exti.c.o
 .debug_info    0x0000000000005fb2      0x9d7 ./Debug/sciTinyTimber.c.o
 .debug_info    0x0000000000006989     0x17af ./Debug/application.c.o
 .debug_info    0x0000000000008138      0x961 ./Debug/sioTinyTimber.c.o
 .debug_info    0x0000000000008a99     0x18b9 ./Debug/TinyTimber.c.o
 .debug_info    0x000000000000a352      0x1fc ./Debug/buffer.c.o

.debug_abbrev   0x0000000000000000     0x1e29
 .debug_abbrev  0x0000000000000000      0x238 ./Debug/driver_src_stm32f4xx_can.c.o
 .debug_abbrev  0x0000000000000238      0x1a8 ./Debug/driver_src_stm32f4xx_usart.c.o
 .debug_abbrev  0x00000000000003e0      0x1f9 ./Debug/driver_src_stm32f4xx_rcc.c.o
 .debug_abbrev  0x00000000000005d9      0x1c2 ./Debug/driver_src_stm32f4xx_tim.c.o
 .debug_abbrev  0x000000000000079b      0x1e6 ./Debug/driver_src_stm32f4xx_gpio.c.o
 .debug_abbrev  0x0000000000000981      0x28a ./Debug/canTinyTimber.c.o
 .debug_abbrev  0x0000000000000c0b      0x1ca ./Debug/startup.c.o
 .debug_abbrev  0x0000000000000dd5      0x1ea ./Debug/driver_src_stm32f4xx_exti.c.o
 .debug_abbrev  0x0000000000000fbf      0x286 ./Debug/sciTinyTimber.c.o
 .debug_abbrev  0x0000000000001245      0x378 ./Debug/application.c.o
 .debug_abbrev  0x00000000000015bd      0x256 ./Debug/sioTinyTimber.c.o
 .debug_abbrev  0x0000000000001813      0x4e3 ./Debug/TinyTimber.c.o
 .debug_abbrev  0x0000000000001cf6      0x133 ./Debug/buffer.c.o

.debug_aranges  0x0000000000000000      0x1a8
 .debug_aranges
                0x0000000000000000       0x20 ./Debug/driver_src_stm32f4xx_can.c.o
 .debug_aranges
                0x0000000000000020       0x20 ./Debug/driver_src_stm32f4xx_usart.c.o
 .debug_aranges
                0x0000000000000040       0x20 ./Debug/driver_src_stm32f4xx_rcc.c.o
 .debug_aranges
                0x0000000000000060       0x20 ./Debug/driver_src_stm32f4xx_tim.c.o
 .debug_aranges
                0x0000000000000080       0x20 ./Debug/driver_src_stm32f4xx_gpio.c.o
 .debug_aranges
                0x00000000000000a0       0x20 ./Debug/canTinyTimber.c.o
 .debug_aranges
                0x00000000000000c0       0x28 ./Debug/startup.c.o
 .debug_aranges
                0x00000000000000e8       0x20 ./Debug/driver_src_stm32f4xx_exti.c.o
 .debug_aranges
                0x0000000000000108       0x20 ./Debug/sciTinyTimber.c.o
 .debug_aranges
                0x0000000000000128       0x20 ./Debug/application.c.o
 .debug_aranges
                0x0000000000000148       0x20 ./Debug/sioTinyTimber.c.o
 .debug_aranges
                0x0000000000000168       0x20 ./Debug/TinyTimber.c.o
 .debug_aranges
                0x0000000000000188       0x20 ./Debug/buffer.c.o

.debug_line     0x0000000000000000     0x51e6
 .debug_line    0x0000000000000000      0x9ef ./Debug/driver_src_stm32f4xx_can.c.o
 .debug_line    0x00000000000009ef      0x698 ./Debug/driver_src_stm32f4xx_usart.c.o
 .debug_line    0x0000000000001087      0x88e ./Debug/driver_src_stm32f4xx_rcc.c.o
 .debug_line    0x0000000000001915      0xcab ./Debug/driver_src_stm32f4xx_tim.c.o
 .debug_line    0x00000000000025c0      0x536 ./Debug/driver_src_stm32f4xx_gpio.c.o
 .debug_line    0x0000000000002af6      0x53e ./Debug/canTinyTimber.c.o
 .debug_line    0x0000000000003034      0x2af ./Debug/startup.c.o
 .debug_line    0x00000000000032e3      0x405 ./Debug/driver_src_stm32f4xx_exti.c.o
 .debug_line    0x00000000000036e8      0x389 ./Debug/sciTinyTimber.c.o
 .debug_line    0x0000000000003a71      0x568 ./Debug/application.c.o
 .debug_line    0x0000000000003fd9      0x396 ./Debug/sioTinyTimber.c.o
 .debug_line    0x000000000000436f      0xbd2 ./Debug/TinyTimber.c.o
 .debug_line    0x0000000000004f41      0x2a5 ./Debug/buffer.c.o

.debug_str      0x0000000000000000     0x3842
 .debug_str     0x0000000000000000      0x772 ./Debug/driver_src_stm32f4xx_can.c.o
                                        0x81c (size before relaxing)
 .debug_str     0x0000000000000772      0x4e2 ./Debug/driver_src_stm32f4xx_usart.c.o
                                        0x76d (size before relaxing)
 .debug_str     0x0000000000000c54      0x770 ./Debug/driver_src_stm32f4xx_rcc.c.o
                                        0xa73 (size before relaxing)
 .debug_str     0x00000000000013c4      0xbd1 ./Debug/driver_src_stm32f4xx_tim.c.o
                                        0xeae (size before relaxing)
 .debug_str     0x0000000000001f95      0x370 ./Debug/driver_src_stm32f4xx_gpio.c.o
                                        0x581 (size before relaxing)
 .debug_str     0x0000000000002305      0x70e ./Debug/canTinyTimber.c.o
                                        0xafe (size before relaxing)
 .debug_str     0x0000000000002a13       0xf1 ./Debug/startup.c.o
                                        0x347 (size before relaxing)
 .debug_str     0x0000000000002b04      0x215 ./Debug/driver_src_stm32f4xx_exti.c.o
                                        0x42a (size before relaxing)
 .debug_str     0x0000000000002d19       0xc1 ./Debug/sciTinyTimber.c.o
                                        0x951 (size before relaxing)
 .debug_str     0x0000000000002dda      0x612 ./Debug/application.c.o
                                        0xa52 (size before relaxing)
 .debug_str     0x00000000000033ec       0xbb ./Debug/sioTinyTimber.c.o
                                        0x95b (size before relaxing)
 .debug_str     0x00000000000034a7      0x31c ./Debug/TinyTimber.c.o
                                        0xd42 (size before relaxing)
 .debug_str     0x00000000000037c3       0x7f ./Debug/buffer.c.o
                                        0x2ad (size before relaxing)

.comment        0x0000000000000000       0x75
 .comment       0x0000000000000000       0x75 ./Debug/driver_src_stm32f4xx_can.c.o
                                         0x76 (size before relaxing)
 .comment       0x0000000000000075       0x76 ./Debug/driver_src_stm32f4xx_usart.c.o
 .comment       0x0000000000000075       0x76 ./Debug/driver_src_stm32f4xx_rcc.c.o
 .comment       0x0000000000000075       0x76 ./Debug/driver_src_stm32f4xx_tim.c.o
 .comment       0x0000000000000075       0x76 ./Debug/driver_src_stm32f4xx_gpio.c.o
 .comment       0x0000000000000075       0x76 ./Debug/canTinyTimber.c.o
 .comment       0x0000000000000075       0x76 ./Debug/startup.c.o
 .comment       0x0000000000000075       0x76 ./Debug/driver_src_stm32f4xx_exti.c.o
 .comment       0x0000000000000075       0x76 ./Debug/sciTinyTimber.c.o
 .comment       0x0000000000000075       0x76 ./Debug/application.c.o
 .comment       0x0000000000000075       0x76 ./Debug/sioTinyTimber.c.o
 .comment       0x0000000000000075       0x76 ./Debug/TinyTimber.c.o
 .comment       0x0000000000000075       0x76 ./Debug/buffer.c.o

.ARM.attributes
                0x0000000000000000       0x32
 .ARM.attributes
                0x0000000000000000       0x34 ./Debug/driver_src_stm32f4xx_can.c.o
 .ARM.attributes
                0x0000000000000034       0x34 ./Debug/driver_src_stm32f4xx_usart.c.o
 .ARM.attributes
                0x0000000000000068       0x34 ./Debug/driver_src_stm32f4xx_rcc.c.o
 .ARM.attributes
                0x000000000000009c       0x34 ./Debug/driver_src_stm32f4xx_tim.c.o
 .ARM.attributes
                0x00000000000000d0       0x34 ./Debug/driver_src_stm32f4xx_gpio.c.o
 .ARM.attributes
                0x0000000000000104       0x34 ./Debug/canTinyTimber.c.o
 .ARM.attributes
                0x0000000000000138       0x25 ./Debug/dispatch.s.o
 .ARM.attributes
                0x000000000000015d       0x34 ./Debug/startup.c.o
 .ARM.attributes
                0x0000000000000191       0x34 ./Debug/driver_src_stm32f4xx_exti.c.o
 .ARM.attributes
                0x00000000000001c5       0x34 ./Debug/sciTinyTimber.c.o
 .ARM.attributes
                0x00000000000001f9       0x34 ./Debug/application.c.o
 .ARM.attributes
                0x000000000000022d       0x34 ./Debug/sioTinyTimber.c.o
 .ARM.attributes
                0x0000000000000261       0x34 ./Debug/TinyTimber.c.o
 .ARM.attributes
                0x0000000000000295       0x34 ./Debug/buffer.c.o
 .ARM.attributes
                0x00000000000002c9       0x34 /Users/mbrattlof/GitHub/TinyTimber/gcc-arm-none-eabi-8-2018-q4-major/bin/../lib/gcc/arm-none-eabi/8.2.1/../../../../arm-none-eabi/lib/thumb/v7e-m+fp/hard/libc_nano.a(lib_a-atoi.o)
 .ARM.attributes
                0x00000000000002fd       0x34 /Users/mbrattlof/GitHub/TinyTimber/gcc-arm-none-eabi-8-2018-q4-major/bin/../lib/gcc/arm-none-eabi/8.2.1/../../../../arm-none-eabi/lib/thumb/v7e-m+fp/hard/libc_nano.a(lib_a-snprintf.o)
 .ARM.attributes
                0x0000000000000331       0x34 /Users/mbrattlof/GitHub/TinyTimber/gcc-arm-none-eabi-8-2018-q4-major/bin/../lib/gcc/arm-none-eabi/8.2.1/../../../../arm-none-eabi/lib/thumb/v7e-m+fp/hard/libc_nano.a(lib_a-strtol.o)
 .ARM.attributes
                0x0000000000000365       0x32 /Users/mbrattlof/GitHub/TinyTimber/gcc-arm-none-eabi-8-2018-q4-major/bin/../lib/gcc/arm-none-eabi/8.2.1/../../../../arm-none-eabi/lib/thumb/v7e-m+fp/hard/libc_nano.a(lib_a-ctype_.o)
 .ARM.attributes
                0x0000000000000397       0x32 /Users/mbrattlof/GitHub/TinyTimber/gcc-arm-none-eabi-8-2018-q4-major/bin/../lib/gcc/arm-none-eabi/8.2.1/../../../../arm-none-eabi/lib/thumb/v7e-m+fp/hard/libc_nano.a(lib_a-impure.o)
 .ARM.attributes
                0x00000000000003c9       0x34 /Users/mbrattlof/GitHub/TinyTimber/gcc-arm-none-eabi-8-2018-q4-major/bin/../lib/gcc/arm-none-eabi/8.2.1/../../../../arm-none-eabi/lib/thumb/v7e-m+fp/hard/libc_nano.a(lib_a-nano-svfprintf.o)
 .ARM.attributes
                0x00000000000003fd       0x34 /Users/mbrattlof/GitHub/TinyTimber/gcc-arm-none-eabi-8-2018-q4-major/bin/../lib/gcc/arm-none-eabi/8.2.1/../../../../arm-none-eabi/lib/thumb/v7e-m+fp/hard/libc_nano.a(lib_a-nano-vfprintf_i.o)
 .ARM.attributes
                0x0000000000000431       0x1c /Users/mbrattlof/GitHub/TinyTimber/gcc-arm-none-eabi-8-2018-q4-major/bin/../lib/gcc/arm-none-eabi/8.2.1/../../../../arm-none-eabi/lib/thumb/v7e-m+fp/hard/libc_nano.a(lib_a-memchr.o)
 .ARM.attributes
                0x000000000000044d       0x34 /Users/mbrattlof/GitHub/TinyTimber/gcc-arm-none-eabi-8-2018-q4-major/bin/../lib/gcc/arm-none-eabi/8.2.1/../../../../arm-none-eabi/lib/thumb/v7e-m+fp/hard/libc_nano.a(lib_a-memcpy-stub.o)
 .ARM.attributes
                0x0000000000000481       0x34 /Users/mbrattlof/GitHub/TinyTimber/gcc-arm-none-eabi-8-2018-q4-major/bin/../lib/gcc/arm-none-eabi/8.2.1/../../../../arm-none-eabi/lib/thumb/v7e-m+fp/hard/libc_nano.a(lib_a-memmove.o)
 .ARM.attributes
                0x00000000000004b5       0x34 /Users/mbrattlof/GitHub/TinyTimber/gcc-arm-none-eabi-8-2018-q4-major/bin/../lib/gcc/arm-none-eabi/8.2.1/../../../../arm-none-eabi/lib/thumb/v7e-m+fp/hard/libc_nano.a(lib_a-nano-freer.o)
 .ARM.attributes
                0x00000000000004e9       0x34 /Users/mbrattlof/GitHub/TinyTimber/gcc-arm-none-eabi-8-2018-q4-major/bin/../lib/gcc/arm-none-eabi/8.2.1/../../../../arm-none-eabi/lib/thumb/v7e-m+fp/hard/libc_nano.a(lib_a-nano-mallocr.o)
 .ARM.attributes
                0x000000000000051d       0x34 /Users/mbrattlof/GitHub/TinyTimber/gcc-arm-none-eabi-8-2018-q4-major/bin/../lib/gcc/arm-none-eabi/8.2.1/../../../../arm-none-eabi/lib/thumb/v7e-m+fp/hard/libc_nano.a(lib_a-nano-reallocr.o)
 .ARM.attributes
                0x0000000000000551       0x34 /Users/mbrattlof/GitHub/TinyTimber/gcc-arm-none-eabi-8-2018-q4-major/bin/../lib/gcc/arm-none-eabi/8.2.1/../../../../arm-none-eabi/lib/thumb/v7e-m+fp/hard/libc_nano.a(lib_a-sbrkr.o)
 .ARM.attributes
                0x0000000000000585       0x34 /Users/mbrattlof/GitHub/TinyTimber/gcc-arm-none-eabi-8-2018-q4-major/bin/../lib/gcc/arm-none-eabi/8.2.1/../../../../arm-none-eabi/lib/thumb/v7e-m+fp/hard/libc_nano.a(lib_a-mlock.o)
 .ARM.attributes
                0x00000000000005b9       0x34 /Users/mbrattlof/GitHub/TinyTimber/gcc-arm-none-eabi-8-2018-q4-major/bin/../lib/gcc/arm-none-eabi/8.2.1/../../../../arm-none-eabi/lib/thumb/v7e-m+fp/hard/libc_nano.a(lib_a-nano-msizer.o)
 .ARM.attributes
                0x00000000000005ed       0x34 /Users/mbrattlof/GitHub/TinyTimber/gcc-arm-none-eabi-8-2018-q4-major/bin/../lib/gcc/arm-none-eabi/8.2.1/../../../../arm-none-eabi/lib/thumb/v7e-m+fp/hard/libc_nano.a(lib_a-reent.o)
 .ARM.attributes
                0x0000000000000621       0x34 /Users/mbrattlof/GitHub/TinyTimber/gcc-arm-none-eabi-8-2018-q4-major/bin/../lib/gcc/arm-none-eabi/8.2.1/../../../../arm-none-eabi/lib/thumb/v7e-m+fp/hard/libc_nano.a(lib_a-lock.o)

.debug_frame    0x0000000000000000     0x3350
 .debug_frame   0x0000000000000000      0x3f4 ./Debug/driver_src_stm32f4xx_can.c.o
 .debug_frame   0x00000000000003f4      0x490 ./Debug/driver_src_stm32f4xx_usart.c.o
 .debug_frame   0x0000000000000884      0x814 ./Debug/driver_src_stm32f4xx_rcc.c.o
 .debug_frame   0x0000000000001098      0xe54 ./Debug/driver_src_stm32f4xx_tim.c.o
 .debug_frame   0x0000000000001eec      0x23c ./Debug/driver_src_stm32f4xx_gpio.c.o
 .debug_frame   0x0000000000002128      0x100 ./Debug/canTinyTimber.c.o
 .debug_frame   0x0000000000002228       0xa4 ./Debug/startup.c.o
 .debug_frame   0x00000000000022cc      0x148 ./Debug/driver_src_stm32f4xx_exti.c.o
 .debug_frame   0x0000000000002414      0x11c ./Debug/sciTinyTimber.c.o
 .debug_frame   0x0000000000002530      0x28c ./Debug/application.c.o
 .debug_frame   0x00000000000027bc      0x114 ./Debug/sioTinyTimber.c.o
 .debug_frame   0x00000000000028d0      0x5a4 ./Debug/TinyTimber.c.o
 .debug_frame   0x0000000000002e74       0x60 ./Debug/buffer.c.o
 .debug_frame   0x0000000000002ed4       0x30 /Users/mbrattlof/GitHub/TinyTimber/gcc-arm-none-eabi-8-2018-q4-major/bin/../lib/gcc/arm-none-eabi/8.2.1/../../../../arm-none-eabi/lib/thumb/v7e-m+fp/hard/libc_nano.a(lib_a-atoi.o)
 .debug_frame   0x0000000000002f04       0x7c /Users/mbrattlof/GitHub/TinyTimber/gcc-arm-none-eabi-8-2018-q4-major/bin/../lib/gcc/arm-none-eabi/8.2.1/../../../../arm-none-eabi/lib/thumb/v7e-m+fp/hard/libc_nano.a(lib_a-snprintf.o)
 .debug_frame   0x0000000000002f80       0x64 /Users/mbrattlof/GitHub/TinyTimber/gcc-arm-none-eabi-8-2018-q4-major/bin/../lib/gcc/arm-none-eabi/8.2.1/../../../../arm-none-eabi/lib/thumb/v7e-m+fp/hard/libc_nano.a(lib_a-strtol.o)
 .debug_frame   0x0000000000002fe4       0x90 /Users/mbrattlof/GitHub/TinyTimber/gcc-arm-none-eabi-8-2018-q4-major/bin/../lib/gcc/arm-none-eabi/8.2.1/../../../../arm-none-eabi/lib/thumb/v7e-m+fp/hard/libc_nano.a(lib_a-nano-svfprintf.o)
 .debug_frame   0x0000000000003074       0x60 /Users/mbrattlof/GitHub/TinyTimber/gcc-arm-none-eabi-8-2018-q4-major/bin/../lib/gcc/arm-none-eabi/8.2.1/../../../../arm-none-eabi/lib/thumb/v7e-m+fp/hard/libc_nano.a(lib_a-nano-vfprintf_i.o)
 .debug_frame   0x00000000000030d4       0x28 /Users/mbrattlof/GitHub/TinyTimber/gcc-arm-none-eabi-8-2018-q4-major/bin/../lib/gcc/arm-none-eabi/8.2.1/../../../../arm-none-eabi/lib/thumb/v7e-m+fp/hard/libc_nano.a(lib_a-memcpy-stub.o)
 .debug_frame   0x00000000000030fc       0x28 /Users/mbrattlof/GitHub/TinyTimber/gcc-arm-none-eabi-8-2018-q4-major/bin/../lib/gcc/arm-none-eabi/8.2.1/../../../../arm-none-eabi/lib/thumb/v7e-m+fp/hard/libc_nano.a(lib_a-memmove.o)
 .debug_frame   0x0000000000003124       0x38 /Users/mbrattlof/GitHub/TinyTimber/gcc-arm-none-eabi-8-2018-q4-major/bin/../lib/gcc/arm-none-eabi/8.2.1/../../../../arm-none-eabi/lib/thumb/v7e-m+fp/hard/libc_nano.a(lib_a-nano-freer.o)
 .debug_frame   0x000000000000315c       0x30 /Users/mbrattlof/GitHub/TinyTimber/gcc-arm-none-eabi-8-2018-q4-major/bin/../lib/gcc/arm-none-eabi/8.2.1/../../../../arm-none-eabi/lib/thumb/v7e-m+fp/hard/libc_nano.a(lib_a-nano-mallocr.o)
 .debug_frame   0x000000000000318c       0x3c /Users/mbrattlof/GitHub/TinyTimber/gcc-arm-none-eabi-8-2018-q4-major/bin/../lib/gcc/arm-none-eabi/8.2.1/../../../../arm-none-eabi/lib/thumb/v7e-m+fp/hard/libc_nano.a(lib_a-nano-reallocr.o)
 .debug_frame   0x00000000000031c8       0x2c /Users/mbrattlof/GitHub/TinyTimber/gcc-arm-none-eabi-8-2018-q4-major/bin/../lib/gcc/arm-none-eabi/8.2.1/../../../../arm-none-eabi/lib/thumb/v7e-m+fp/hard/libc_nano.a(lib_a-sbrkr.o)
 .debug_frame   0x00000000000031f4       0x30 /Users/mbrattlof/GitHub/TinyTimber/gcc-arm-none-eabi-8-2018-q4-major/bin/../lib/gcc/arm-none-eabi/8.2.1/../../../../arm-none-eabi/lib/thumb/v7e-m+fp/hard/libc_nano.a(lib_a-mlock.o)
 .debug_frame   0x0000000000003224       0x20 /Users/mbrattlof/GitHub/TinyTimber/gcc-arm-none-eabi-8-2018-q4-major/bin/../lib/gcc/arm-none-eabi/8.2.1/../../../../arm-none-eabi/lib/thumb/v7e-m+fp/hard/libc_nano.a(lib_a-nano-msizer.o)
 .debug_frame   0x0000000000003244       0x5c /Users/mbrattlof/GitHub/TinyTimber/gcc-arm-none-eabi-8-2018-q4-major/bin/../lib/gcc/arm-none-eabi/8.2.1/../../../../arm-none-eabi/lib/thumb/v7e-m+fp/hard/libc_nano.a(lib_a-reent.o)
 .debug_frame   0x00000000000032a0       0xb0 /Users/mbrattlof/GitHub/TinyTimber/gcc-arm-none-eabi-8-2018-q4-major/bin/../lib/gcc/arm-none-eabi/8.2.1/../../../../arm-none-eabi/lib/thumb/v7e-m+fp/hard/libc_nano.a(lib_a-lock.o)

.debug_ranges   0x0000000000000000       0x18
 .debug_ranges  0x0000000000000000       0x18 ./Debug/startup.c.o

Cross Reference Table

Symbol                                            File
ABORT                                             ./Debug/TinyTimber.c.o
CAN_CancelTransmit                                ./Debug/driver_src_stm32f4xx_can.c.o
CAN_ClearFlag                                     ./Debug/driver_src_stm32f4xx_can.c.o
CAN_ClearITPendingBit                             ./Debug/driver_src_stm32f4xx_can.c.o
CAN_DBGFreeze                                     ./Debug/driver_src_stm32f4xx_can.c.o
CAN_DeInit                                        ./Debug/driver_src_stm32f4xx_can.c.o
CAN_FIFORelease                                   ./Debug/driver_src_stm32f4xx_can.c.o
CAN_FilterInit                                    ./Debug/driver_src_stm32f4xx_can.c.o
CAN_GetFlagStatus                                 ./Debug/driver_src_stm32f4xx_can.c.o
                                                  ./Debug/canTinyTimber.c.o
CAN_GetITStatus                                   ./Debug/driver_src_stm32f4xx_can.c.o
CAN_GetLSBTransmitErrorCounter                    ./Debug/driver_src_stm32f4xx_can.c.o
CAN_GetLastErrorCode                              ./Debug/driver_src_stm32f4xx_can.c.o
CAN_GetReceiveErrorCounter                        ./Debug/driver_src_stm32f4xx_can.c.o
CAN_ITConfig                                      ./Debug/driver_src_stm32f4xx_can.c.o
                                                  ./Debug/canTinyTimber.c.o
CAN_Init                                          ./Debug/driver_src_stm32f4xx_can.c.o
                                                  ./Debug/canTinyTimber.c.o
CAN_MessagePending                                ./Debug/driver_src_stm32f4xx_can.c.o
CAN_OperatingModeRequest                          ./Debug/driver_src_stm32f4xx_can.c.o
CAN_Receive                                       ./Debug/driver_src_stm32f4xx_can.c.o
                                                  ./Debug/canTinyTimber.c.o
CAN_SlaveStartBank                                ./Debug/driver_src_stm32f4xx_can.c.o
CAN_Sleep                                         ./Debug/driver_src_stm32f4xx_can.c.o
CAN_StructInit                                    ./Debug/driver_src_stm32f4xx_can.c.o
                                                  ./Debug/canTinyTimber.c.o
CAN_TTComModeCmd                                  ./Debug/driver_src_stm32f4xx_can.c.o
CAN_Transmit                                      ./Debug/driver_src_stm32f4xx_can.c.o
                                                  ./Debug/canTinyTimber.c.o
CAN_TransmitStatus                                ./Debug/driver_src_stm32f4xx_can.c.o
CAN_WakeUp                                        ./Debug/driver_src_stm32f4xx_can.c.o
CURRENT_BASELINE                                  ./Debug/TinyTimber.c.o
                                                  ./Debug/application.c.o
CURRENT_OFFSET                                    ./Debug/TinyTimber.c.o
DAC_OUTPUT                                        ./Debug/application.c.o
DUMP                                              ./Debug/TinyTimber.c.o
                                                  ./Debug/sioTinyTimber.c.o
                                                  ./Debug/startup.c.o
                                                  ./Debug/dispatch.s.o
                                                  ./Debug/canTinyTimber.c.o
DUMPC                                             ./Debug/TinyTimber.c.o
DUMPD                                             ./Debug/TinyTimber.c.o
                                                  ./Debug/dispatch.s.o
DUMPH                                             ./Debug/TinyTimber.c.o
                                                  ./Debug/dispatch.s.o
EXTI_ClearFlag                                    ./Debug/driver_src_stm32f4xx_exti.c.o
EXTI_ClearITPendingBit                            ./Debug/driver_src_stm32f4xx_exti.c.o
                                                  ./Debug/sioTinyTimber.c.o
EXTI_DeInit                                       ./Debug/driver_src_stm32f4xx_exti.c.o
EXTI_GenerateSWInterrupt                          ./Debug/driver_src_stm32f4xx_exti.c.o
EXTI_GetFlagStatus                                ./Debug/driver_src_stm32f4xx_exti.c.o
EXTI_GetITStatus                                  ./Debug/driver_src_stm32f4xx_exti.c.o
                                                  ./Debug/sioTinyTimber.c.o
EXTI_Init                                         ./Debug/driver_src_stm32f4xx_exti.c.o
EXTI_StructInit                                   ./Debug/driver_src_stm32f4xx_exti.c.o
GPIO_DeInit                                       ./Debug/driver_src_stm32f4xx_gpio.c.o
GPIO_Init                                         ./Debug/driver_src_stm32f4xx_gpio.c.o
GPIO_PinAFConfig                                  ./Debug/driver_src_stm32f4xx_gpio.c.o
GPIO_PinLockConfig                                ./Debug/driver_src_stm32f4xx_gpio.c.o
GPIO_ReadInputData                                ./Debug/driver_src_stm32f4xx_gpio.c.o
GPIO_ReadInputDataBit                             ./Debug/driver_src_stm32f4xx_gpio.c.o
                                                  ./Debug/sioTinyTimber.c.o
GPIO_ReadOutputData                               ./Debug/driver_src_stm32f4xx_gpio.c.o
GPIO_ReadOutputDataBit                            ./Debug/driver_src_stm32f4xx_gpio.c.o
GPIO_ResetBits                                    ./Debug/driver_src_stm32f4xx_gpio.c.o
GPIO_SetBits                                      ./Debug/driver_src_stm32f4xx_gpio.c.o
GPIO_StructInit                                   ./Debug/driver_src_stm32f4xx_gpio.c.o
GPIO_ToggleBits                                   ./Debug/driver_src_stm32f4xx_gpio.c.o
                                                  ./Debug/sioTinyTimber.c.o
GPIO_Write                                        ./Debug/driver_src_stm32f4xx_gpio.c.o
GPIO_WriteBit                                     ./Debug/driver_src_stm32f4xx_gpio.c.o
                                                  ./Debug/TinyTimber.c.o
                                                  ./Debug/sioTinyTimber.c.o
LEADER                                            ./Debug/application.c.o
RCC_AHB1PeriphClockCmd                            ./Debug/driver_src_stm32f4xx_rcc.c.o
RCC_AHB1PeriphClockLPModeCmd                      ./Debug/driver_src_stm32f4xx_rcc.c.o
RCC_AHB1PeriphResetCmd                            ./Debug/driver_src_stm32f4xx_rcc.c.o
                                                  ./Debug/driver_src_stm32f4xx_gpio.c.o
RCC_AHB2PeriphClockCmd                            ./Debug/driver_src_stm32f4xx_rcc.c.o
RCC_AHB2PeriphClockLPModeCmd                      ./Debug/driver_src_stm32f4xx_rcc.c.o
RCC_AHB2PeriphResetCmd                            ./Debug/driver_src_stm32f4xx_rcc.c.o
RCC_AHB3PeriphClockCmd                            ./Debug/driver_src_stm32f4xx_rcc.c.o
RCC_AHB3PeriphClockLPModeCmd                      ./Debug/driver_src_stm32f4xx_rcc.c.o
RCC_AHB3PeriphResetCmd                            ./Debug/driver_src_stm32f4xx_rcc.c.o
RCC_APB1PeriphClockCmd                            ./Debug/driver_src_stm32f4xx_rcc.c.o
RCC_APB1PeriphClockLPModeCmd                      ./Debug/driver_src_stm32f4xx_rcc.c.o
RCC_APB1PeriphResetCmd                            ./Debug/driver_src_stm32f4xx_rcc.c.o
                                                  ./Debug/driver_src_stm32f4xx_tim.c.o
                                                  ./Debug/driver_src_stm32f4xx_usart.c.o
                                                  ./Debug/driver_src_stm32f4xx_can.c.o
RCC_APB2PeriphClockCmd                            ./Debug/driver_src_stm32f4xx_rcc.c.o
RCC_APB2PeriphClockLPModeCmd                      ./Debug/driver_src_stm32f4xx_rcc.c.o
RCC_APB2PeriphResetCmd                            ./Debug/driver_src_stm32f4xx_rcc.c.o
                                                  ./Debug/driver_src_stm32f4xx_tim.c.o
                                                  ./Debug/driver_src_stm32f4xx_usart.c.o
RCC_AdjustHSICalibrationValue                     ./Debug/driver_src_stm32f4xx_rcc.c.o
RCC_BackupResetCmd                                ./Debug/driver_src_stm32f4xx_rcc.c.o
RCC_ClearFlag                                     ./Debug/driver_src_stm32f4xx_rcc.c.o
RCC_ClearITPendingBit                             ./Debug/driver_src_stm32f4xx_rcc.c.o
RCC_ClockSecuritySystemCmd                        ./Debug/driver_src_stm32f4xx_rcc.c.o
RCC_DeInit                                        ./Debug/driver_src_stm32f4xx_rcc.c.o
RCC_GetClocksFreq                                 ./Debug/driver_src_stm32f4xx_rcc.c.o
                                                  ./Debug/driver_src_stm32f4xx_usart.c.o
RCC_GetFlagStatus                                 ./Debug/driver_src_stm32f4xx_rcc.c.o
RCC_GetITStatus                                   ./Debug/driver_src_stm32f4xx_rcc.c.o
RCC_GetSYSCLKSource                               ./Debug/driver_src_stm32f4xx_rcc.c.o
RCC_HCLKConfig                                    ./Debug/driver_src_stm32f4xx_rcc.c.o
RCC_HSEConfig                                     ./Debug/driver_src_stm32f4xx_rcc.c.o
RCC_HSICmd                                        ./Debug/driver_src_stm32f4xx_rcc.c.o
RCC_I2SCLKConfig                                  ./Debug/driver_src_stm32f4xx_rcc.c.o
RCC_ITConfig                                      ./Debug/driver_src_stm32f4xx_rcc.c.o
RCC_LSEConfig                                     ./Debug/driver_src_stm32f4xx_rcc.c.o
RCC_LSICmd                                        ./Debug/driver_src_stm32f4xx_rcc.c.o
RCC_LTDCCLKDivConfig                              ./Debug/driver_src_stm32f4xx_rcc.c.o
RCC_MCO1Config                                    ./Debug/driver_src_stm32f4xx_rcc.c.o
RCC_MCO2Config                                    ./Debug/driver_src_stm32f4xx_rcc.c.o
RCC_PCLK1Config                                   ./Debug/driver_src_stm32f4xx_rcc.c.o
RCC_PCLK2Config                                   ./Debug/driver_src_stm32f4xx_rcc.c.o
RCC_PLLCmd                                        ./Debug/driver_src_stm32f4xx_rcc.c.o
RCC_PLLConfig                                     ./Debug/driver_src_stm32f4xx_rcc.c.o
RCC_PLLI2SCmd                                     ./Debug/driver_src_stm32f4xx_rcc.c.o
RCC_PLLI2SConfig                                  ./Debug/driver_src_stm32f4xx_rcc.c.o
RCC_PLLSAICmd                                     ./Debug/driver_src_stm32f4xx_rcc.c.o
RCC_PLLSAIConfig                                  ./Debug/driver_src_stm32f4xx_rcc.c.o
RCC_RTCCLKCmd                                     ./Debug/driver_src_stm32f4xx_rcc.c.o
RCC_RTCCLKConfig                                  ./Debug/driver_src_stm32f4xx_rcc.c.o
RCC_SAIBlockACLKConfig                            ./Debug/driver_src_stm32f4xx_rcc.c.o
RCC_SAIBlockBCLKConfig                            ./Debug/driver_src_stm32f4xx_rcc.c.o
RCC_SAIPLLI2SClkDivConfig                         ./Debug/driver_src_stm32f4xx_rcc.c.o
RCC_SAIPLLSAIClkDivConfig                         ./Debug/driver_src_stm32f4xx_rcc.c.o
RCC_SYSCLKConfig                                  ./Debug/driver_src_stm32f4xx_rcc.c.o
RCC_TIMCLKPresConfig                              ./Debug/driver_src_stm32f4xx_rcc.c.o
RCC_WaitForHSEStartUp                             ./Debug/driver_src_stm32f4xx_rcc.c.o
SETPC                                             ./Debug/TinyTimber.c.o
SETSTACK                                          ./Debug/TinyTimber.c.o
TIMER_INIT                                        ./Debug/TinyTimber.c.o
TIM_ARRPreloadConfig                              ./Debug/driver_src_stm32f4xx_tim.c.o
TIM_BDTRConfig                                    ./Debug/driver_src_stm32f4xx_tim.c.o
TIM_BDTRStructInit                                ./Debug/driver_src_stm32f4xx_tim.c.o
TIM_CCPreloadControl                              ./Debug/driver_src_stm32f4xx_tim.c.o
TIM_CCxCmd                                        ./Debug/driver_src_stm32f4xx_tim.c.o
TIM_CCxNCmd                                       ./Debug/driver_src_stm32f4xx_tim.c.o
TIM_ClearFlag                                     ./Debug/driver_src_stm32f4xx_tim.c.o
TIM_ClearITPendingBit                             ./Debug/driver_src_stm32f4xx_tim.c.o
                                                  ./Debug/TinyTimber.c.o
TIM_ClearOC1Ref                                   ./Debug/driver_src_stm32f4xx_tim.c.o
TIM_ClearOC2Ref                                   ./Debug/driver_src_stm32f4xx_tim.c.o
TIM_ClearOC3Ref                                   ./Debug/driver_src_stm32f4xx_tim.c.o
TIM_ClearOC4Ref                                   ./Debug/driver_src_stm32f4xx_tim.c.o
TIM_Cmd                                           ./Debug/driver_src_stm32f4xx_tim.c.o
                                                  ./Debug/TinyTimber.c.o
TIM_CounterModeConfig                             ./Debug/driver_src_stm32f4xx_tim.c.o
TIM_CtrlPWMOutputs                                ./Debug/driver_src_stm32f4xx_tim.c.o
TIM_DMACmd                                        ./Debug/driver_src_stm32f4xx_tim.c.o
TIM_DMAConfig                                     ./Debug/driver_src_stm32f4xx_tim.c.o
TIM_DeInit                                        ./Debug/driver_src_stm32f4xx_tim.c.o
                                                  ./Debug/TinyTimber.c.o
TIM_ETRClockMode1Config                           ./Debug/driver_src_stm32f4xx_tim.c.o
TIM_ETRClockMode2Config                           ./Debug/driver_src_stm32f4xx_tim.c.o
TIM_ETRConfig                                     ./Debug/driver_src_stm32f4xx_tim.c.o
TIM_EncoderInterfaceConfig                        ./Debug/driver_src_stm32f4xx_tim.c.o
TIM_ForcedOC1Config                               ./Debug/driver_src_stm32f4xx_tim.c.o
TIM_ForcedOC2Config                               ./Debug/driver_src_stm32f4xx_tim.c.o
TIM_ForcedOC3Config                               ./Debug/driver_src_stm32f4xx_tim.c.o
TIM_ForcedOC4Config                               ./Debug/driver_src_stm32f4xx_tim.c.o
TIM_GenerateEvent                                 ./Debug/driver_src_stm32f4xx_tim.c.o
TIM_GetCapture1                                   ./Debug/driver_src_stm32f4xx_tim.c.o
TIM_GetCapture2                                   ./Debug/driver_src_stm32f4xx_tim.c.o
TIM_GetCapture3                                   ./Debug/driver_src_stm32f4xx_tim.c.o
TIM_GetCapture4                                   ./Debug/driver_src_stm32f4xx_tim.c.o
TIM_GetCounter                                    ./Debug/driver_src_stm32f4xx_tim.c.o
                                                  ./Debug/TinyTimber.c.o
TIM_GetFlagStatus                                 ./Debug/driver_src_stm32f4xx_tim.c.o
TIM_GetITStatus                                   ./Debug/driver_src_stm32f4xx_tim.c.o
TIM_GetPrescaler                                  ./Debug/driver_src_stm32f4xx_tim.c.o
TIM_ICInit                                        ./Debug/driver_src_stm32f4xx_tim.c.o
TIM_ICStructInit                                  ./Debug/driver_src_stm32f4xx_tim.c.o
TIM_ITConfig                                      ./Debug/driver_src_stm32f4xx_tim.c.o
                                                  ./Debug/TinyTimber.c.o
TIM_ITRxExternalClockConfig                       ./Debug/driver_src_stm32f4xx_tim.c.o
TIM_InternalClockConfig                           ./Debug/driver_src_stm32f4xx_tim.c.o
TIM_OC1FastConfig                                 ./Debug/driver_src_stm32f4xx_tim.c.o
TIM_OC1Init                                       ./Debug/driver_src_stm32f4xx_tim.c.o
TIM_OC1NPolarityConfig                            ./Debug/driver_src_stm32f4xx_tim.c.o
TIM_OC1PolarityConfig                             ./Debug/driver_src_stm32f4xx_tim.c.o
TIM_OC1PreloadConfig                              ./Debug/driver_src_stm32f4xx_tim.c.o
TIM_OC2FastConfig                                 ./Debug/driver_src_stm32f4xx_tim.c.o
TIM_OC2Init                                       ./Debug/driver_src_stm32f4xx_tim.c.o
TIM_OC2NPolarityConfig                            ./Debug/driver_src_stm32f4xx_tim.c.o
TIM_OC2PolarityConfig                             ./Debug/driver_src_stm32f4xx_tim.c.o
TIM_OC2PreloadConfig                              ./Debug/driver_src_stm32f4xx_tim.c.o
TIM_OC3FastConfig                                 ./Debug/driver_src_stm32f4xx_tim.c.o
TIM_OC3Init                                       ./Debug/driver_src_stm32f4xx_tim.c.o
TIM_OC3NPolarityConfig                            ./Debug/driver_src_stm32f4xx_tim.c.o
TIM_OC3PolarityConfig                             ./Debug/driver_src_stm32f4xx_tim.c.o
TIM_OC3PreloadConfig                              ./Debug/driver_src_stm32f4xx_tim.c.o
TIM_OC4FastConfig                                 ./Debug/driver_src_stm32f4xx_tim.c.o
TIM_OC4Init                                       ./Debug/driver_src_stm32f4xx_tim.c.o
TIM_OC4PolarityConfig                             ./Debug/driver_src_stm32f4xx_tim.c.o
TIM_OC4PreloadConfig                              ./Debug/driver_src_stm32f4xx_tim.c.o
TIM_OCStructInit                                  ./Debug/driver_src_stm32f4xx_tim.c.o
TIM_PWMIConfig                                    ./Debug/driver_src_stm32f4xx_tim.c.o
TIM_PrescalerConfig                               ./Debug/driver_src_stm32f4xx_tim.c.o
TIM_RemapConfig                                   ./Debug/driver_src_stm32f4xx_tim.c.o
TIM_SelectCCDMA                                   ./Debug/driver_src_stm32f4xx_tim.c.o
TIM_SelectCOM                                     ./Debug/driver_src_stm32f4xx_tim.c.o
TIM_SelectHallSensor                              ./Debug/driver_src_stm32f4xx_tim.c.o
TIM_SelectInputTrigger                            ./Debug/driver_src_stm32f4xx_tim.c.o
TIM_SelectMasterSlaveMode                         ./Debug/driver_src_stm32f4xx_tim.c.o
TIM_SelectOCxM                                    ./Debug/driver_src_stm32f4xx_tim.c.o
TIM_SelectOnePulseMode                            ./Debug/driver_src_stm32f4xx_tim.c.o
TIM_SelectOutputTrigger                           ./Debug/driver_src_stm32f4xx_tim.c.o
TIM_SelectSlaveMode                               ./Debug/driver_src_stm32f4xx_tim.c.o
TIM_SetAutoreload                                 ./Debug/driver_src_stm32f4xx_tim.c.o
TIM_SetClockDivision                              ./Debug/driver_src_stm32f4xx_tim.c.o
TIM_SetCompare1                                   ./Debug/driver_src_stm32f4xx_tim.c.o
                                                  ./Debug/TinyTimber.c.o
TIM_SetCompare2                                   ./Debug/driver_src_stm32f4xx_tim.c.o
TIM_SetCompare3                                   ./Debug/driver_src_stm32f4xx_tim.c.o
TIM_SetCompare4                                   ./Debug/driver_src_stm32f4xx_tim.c.o
TIM_SetCounter                                    ./Debug/driver_src_stm32f4xx_tim.c.o
                                                  ./Debug/TinyTimber.c.o
TIM_SetIC1Prescaler                               ./Debug/driver_src_stm32f4xx_tim.c.o
TIM_SetIC2Prescaler                               ./Debug/driver_src_stm32f4xx_tim.c.o
TIM_SetIC3Prescaler                               ./Debug/driver_src_stm32f4xx_tim.c.o
TIM_SetIC4Prescaler                               ./Debug/driver_src_stm32f4xx_tim.c.o
TIM_TIxExternalClockConfig                        ./Debug/driver_src_stm32f4xx_tim.c.o
TIM_TimeBaseInit                                  ./Debug/driver_src_stm32f4xx_tim.c.o
                                                  ./Debug/TinyTimber.c.o
TIM_TimeBaseStructInit                            ./Debug/driver_src_stm32f4xx_tim.c.o
                                                  ./Debug/TinyTimber.c.o
TIM_UpdateDisableConfig                           ./Debug/driver_src_stm32f4xx_tim.c.o
TIM_UpdateRequestConfig                           ./Debug/driver_src_stm32f4xx_tim.c.o
T_RESET                                           ./Debug/TinyTimber.c.o
T_SAMPLE                                          ./Debug/TinyTimber.c.o
USART_ClearFlag                                   ./Debug/driver_src_stm32f4xx_usart.c.o
USART_ClearITPendingBit                           ./Debug/driver_src_stm32f4xx_usart.c.o
USART_ClockInit                                   ./Debug/driver_src_stm32f4xx_usart.c.o
USART_ClockStructInit                             ./Debug/driver_src_stm32f4xx_usart.c.o
USART_Cmd                                         ./Debug/driver_src_stm32f4xx_usart.c.o
USART_DMACmd                                      ./Debug/driver_src_stm32f4xx_usart.c.o
USART_DeInit                                      ./Debug/driver_src_stm32f4xx_usart.c.o
USART_GetFlagStatus                               ./Debug/driver_src_stm32f4xx_usart.c.o
                                                  ./Debug/TinyTimber.c.o
                                                  ./Debug/sciTinyTimber.c.o
USART_GetITStatus                                 ./Debug/driver_src_stm32f4xx_usart.c.o
USART_HalfDuplexCmd                               ./Debug/driver_src_stm32f4xx_usart.c.o
USART_ITConfig                                    ./Debug/driver_src_stm32f4xx_usart.c.o
                                                  ./Debug/sciTinyTimber.c.o
USART_Init                                        ./Debug/driver_src_stm32f4xx_usart.c.o
USART_IrDACmd                                     ./Debug/driver_src_stm32f4xx_usart.c.o
USART_IrDAConfig                                  ./Debug/driver_src_stm32f4xx_usart.c.o
USART_LINBreakDetectLengthConfig                  ./Debug/driver_src_stm32f4xx_usart.c.o
USART_LINCmd                                      ./Debug/driver_src_stm32f4xx_usart.c.o
USART_OneBitMethodCmd                             ./Debug/driver_src_stm32f4xx_usart.c.o
USART_OverSampling8Cmd                            ./Debug/driver_src_stm32f4xx_usart.c.o
USART_ReceiveData                                 ./Debug/driver_src_stm32f4xx_usart.c.o