Archive member included to satisfy reference by file (symbol)

/Users/mbrattlof/GitHub/TinyTimber/gcc-arm-none-eabi-8-2018-q4-major/bin/../lib/gcc/arm-none-eabi/8.2.1/../../../../arm-none-eabi/lib/thumb/v7e-m+fp/hard/libc_nano.a(lib_a-atoi.o)
                              ./Debug/application.c.o (atoi)
/Users/mbrattlof/GitHub/TinyTimber/gcc-arm-none-eabi-8-2018-q4-major/bin/../lib/gcc/arm-none-eabi/8.2.1/../../../../arm-none-eabi/lib/thumb/v7e-m+fp/hard/libc_nano.a(lib_a-snprintf.o)
                              ./Debug/application.c.o (snprintf)
/Users/mbrattlof/GitHub/TinyTimber/gcc-arm-none-eabi-8-2018-q4-major/bin/../lib/gcc/arm-none-eabi/8.2.1/../../../../arm-none-eabi/lib/thumb/v7e-m+fp/hard/libc_nano.a(lib_a-strtol.o)
                              /Users/mbrattlof/GitHub/TinyTimber/gcc-arm-none-eabi-8-2018-q4-major/bin/../lib/gcc/arm-none-eabi/8.2.1/../../../../arm-none-eabi/lib/thumb/v7e-m+fp/hard/libc_nano.a(lib_a-atoi.o) (_strtol_r)
/Users/mbrattlof/GitHub/TinyTimber/gcc-arm-none-eabi-8-2018-q4-major/bin/../lib/gcc/arm-none-eabi/8.2.1/../../../../arm-none-eabi/lib/thumb/v7e-m+fp/hard/libc_nano.a(lib_a-ctype_.o)
                              /Users/mbrattlof/GitHub/TinyTimber/gcc-arm-none-eabi-8-2018-q4-major/bin/../lib/gcc/arm-none-eabi/8.2.1/../../../../arm-none-eabi/lib/thumb/v7e-m+fp/hard/libc_nano.a(lib_a-strtol.o) (_ctype_)
/Users/mbrattlof/GitHub/TinyTimber/gcc-arm-none-eabi-8-2018-q4-major/bin/../lib/gcc/arm-none-eabi/8.2.1/../../../../arm-none-eabi/lib/thumb/v7e-m+fp/hard/libc_nano.a(lib_a-impure.o)
                              /Users/mbrattlof/GitHub/TinyTimber/gcc-arm-none-eabi-8-2018-q4-major/bin/../lib/gcc/arm-none-eabi/8.2.1/../../../../arm-none-eabi/lib/thumb/v7e-m+fp/hard/libc_nano.a(lib_a-snprintf.o) (_impure_ptr)
/Users/mbrattlof/GitHub/TinyTimber/gcc-arm-none-eabi-8-2018-q4-major/bin/../lib/gcc/arm-none-eabi/8.2.1/../../../../arm-none-eabi/lib/thumb/v7e-m+fp/hard/libc_nano.a(lib_a-nano-svfprintf.o)
                              /Users/mbrattlof/GitHub/TinyTimber/gcc-arm-none-eabi-8-2018-q4-major/bin/../lib/gcc/arm-none-eabi/8.2.1/../../../../arm-none-eabi/lib/thumb/v7e-m+fp/hard/libc_nano.a(lib_a-snprintf.o) (_svfprintf_r)
/Users/mbrattlof/GitHub/TinyTimber/gcc-arm-none-eabi-8-2018-q4-major/bin/../lib/gcc/arm-none-eabi/8.2.1/../../../../arm-none-eabi/lib/thumb/v7e-m+fp/hard/libc_nano.a(lib_a-nano-vfprintf_i.o)
                              /Users/mbrattlof/GitHub/TinyTimber/gcc-arm-none-eabi-8-2018-q4-major/bin/../lib/gcc/arm-none-eabi/8.2.1/../../../../arm-none-eabi/lib/thumb/v7e-m+fp/hard/libc_nano.a(lib_a-nano-svfprintf.o) (_printf_i)
/Users/mbrattlof/GitHub/TinyTimber/gcc-arm-none-eabi-8-2018-q4-major/bin/../lib/gcc/arm-none-eabi/8.2.1/../../../../arm-none-eabi/lib/thumb/v7e-m+fp/hard/libc_nano.a(lib_a-memchr.o)
                              /Users/mbrattlof/GitHub/TinyTimber/gcc-arm-none-eabi-8-2018-q4-major/bin/../lib/gcc/arm-none-eabi/8.2.1/../../../../arm-none-eabi/lib/thumb/v7e-m+fp/hard/libc_nano.a(lib_a-nano-svfprintf.o) (memchr)
/Users/mbrattlof/GitHub/TinyTimber/gcc-arm-none-eabi-8-2018-q4-major/bin/../lib/gcc/arm-none-eabi/8.2.1/../../../../arm-none-eabi/lib/thumb/v7e-m+fp/hard/libc_nano.a(lib_a-memcpy-stub.o)
                              /Users/mbrattlof/GitHub/TinyTimber/gcc-arm-none-eabi-8-2018-q4-major/bin/../lib/gcc/arm-none-eabi/8.2.1/../../../../arm-none-eabi/lib/thumb/v7e-m+fp/hard/libc_nano.a(lib_a-nano-svfprintf.o) (memcpy)
/Users/mbrattlof/GitHub/TinyTimber/gcc-arm-none-eabi-8-2018-q4-major/bin/../lib/gcc/arm-none-eabi/8.2.1/../../../../arm-none-eabi/lib/thumb/v7e-m+fp/hard/libc_nano.a(lib_a-memmove.o)
                              /Users/mbrattlof/GitHub/TinyTimber/gcc-arm-none-eabi-8-2018-q4-major/bin/../lib/gcc/arm-none-eabi/8.2.1/../../../../arm-none-eabi/lib/thumb/v7e-m+fp/hard/libc_nano.a(lib_a-nano-svfprintf.o) (memmove)
/Users/mbrattlof/GitHub/TinyTimber/gcc-arm-none-eabi-8-2018-q4-major/bin/../lib/gcc/arm-none-eabi/8.2.1/../../../../arm-none-eabi/lib/thumb/v7e-m+fp/hard/libc_nano.a(lib_a-nano-freer.o)
                              /Users/mbrattlof/GitHub/TinyTimber/gcc-arm-none-eabi-8-2018-q4-major/bin/../lib/gcc/arm-none-eabi/8.2.1/../../../../arm-none-eabi/lib/thumb/v7e-m+fp/hard/libc_nano.a(lib_a-nano-svfprintf.o) (_free_r)
/Users/mbrattlof/GitHub/TinyTimber/gcc-arm-none-eabi-8-2018-q4-major/bin/../lib/gcc/arm-none-eabi/8.2.1/../../../../arm-none-eabi/lib/thumb/v7e-m+fp/hard/libc_nano.a(lib_a-nano-mallocr.o)
                              /Users/mbrattlof/GitHub/TinyTimber/gcc-arm-none-eabi-8-2018-q4-major/bin/../lib/gcc/arm-none-eabi/8.2.1/../../../../arm-none-eabi/lib/thumb/v7e-m+fp/hard/libc_nano.a(lib_a-nano-svfprintf.o) (_malloc_r)
/Users/mbrattlof/GitHub/TinyTimber/gcc-arm-none-eabi-8-2018-q4-major/bin/../lib/gcc/arm-none-eabi/8.2.1/../../../../arm-none-eabi/lib/thumb/v7e-m+fp/hard/libc_nano.a(lib_a-nano-reallocr.o)
[...]
Memory Configuration

Name             Origin             Length             Attributes
RAM              0x0000000020000000 0x000000000001c000 xrw
*default*        0x0000000000000000 0xffffffffffffffff

Linker script and memory map

LOAD ./Debug/driver_src_stm32f4xx_can.c.o
LOAD ./Debug/driver_src_stm32f4xx_gpio.c.o
LOAD ./Debug/driver_src_stm32f4xx_usart.c.o
LOAD ./Debug/driver_src_stm32f4xx_exti.c.o
LOAD ./Debug/canTinyTimber.c.o
LOAD ./Debug/driver_src_stm32f4xx_rcc.c.o
LOAD ./Debug/sciTinyTimber.c.o
LOAD ./Debug/startup.c.o
LOAD ./Debug/TinyTimber.c.o
LOAD ./Debug/dispatch.s.o
LOAD ./Debug/application.c.o
LOAD ./Debug/driver_src_stm32f4xx_tim.c.o
LOAD ./Debug/sioTinyTimber.c.o
LOAD ./Debug/buffer.c.o
LOAD /Users/mbrattlof/GitHub/TinyTimber/gcc-arm-none-eabi-8-2018-q4-major/bin/../lib/gcc/arm-none-eabi/8.2.1/../../../../arm-none-eabi/lib/thumb/v7e-m+fp/hard/libstdc++_nano.a
LOAD /Users/mbrattlof/GitHub/TinyTimber/gcc-arm-none-eabi-8-2018-q4-major/bin/../lib/gcc/arm-none-eabi/8.2.1/../../../../arm-none-eabi/lib/thumb/v7e-m+fp/hard/libm.a
START GROUP
LOAD /Users/mbrattlof/GitHub/TinyTimber/gcc-arm-none-eabi-8-2018-q4-major/bin/../lib/gcc/arm-none-eabi/8.2.1/thumb/v7e-m+fp/hard/libgcc.a
LOAD /Users/mbrattlof/GitHub/TinyTimber/gcc-arm-none-eabi-8-2018-q4-major/bin/../lib/gcc/arm-none-eabi/8.2.1/../../../../arm-none-eabi/lib/thumb/v7e-m+fp/hard/libc_nano.a
END GROUP
START GROUP
LOAD /Users/mbrattlof/GitHub/TinyTimber/gcc-arm-none-eabi-8-2018-q4-major/bin/../lib/gcc/arm-none-eabi/8.2.1/thumb/v7e-m+fp/hard/libgcc.a
LOAD /Users/mbrattlof/GitHub/TinyTimber/gcc-arm-none-eabi-8-2018-q4-major/bin/../lib/gcc/arm-none-eabi/8.2.1/../../../../arm-none-eabi/lib/thumb/v7e-m+fp/hard/libc_nano.a
END GROUP

.text           0x0000000020000000     0x7c68
                0x0000000020000000                . = ALIGN (0x4)
 *(.start_section)
 .start_section
                0x0000000020000000       0x1c ./Debug/startup.c.o
                0x0000000020000000                startup
 *(.text)
 .text          0x000000002000001c     0x1020 ./Debug/driver_src_stm32f4xx_can.c.o
                0x000000002000001c                CAN_DeInit
                0x0000000020000064                CAN_Init
                0x0000000020000206                CAN_FilterInit
                0x000000002000038c                CAN_StructInit
                0x00000000200003e2                CAN_SlaveStartBank
                0x0000000020000444                CAN_DBGFreeze
                0x000000002000047c                CAN_TTComModeCmd
                0x0000000020000514                CAN_Transmit
                0x00000000200006b6                CAN_TransmitStatus
                0x0000000020000798                CAN_CancelTransmit
                0x00000000200007ea                CAN_Receive
                0x0000000020000966                CAN_FIFORelease
                0x000000002000099e                CAN_MessagePending
                0x00000000200009e8                CAN_OperatingModeRequest
                0x0000000020000ae4                CAN_Sleep
                0x0000000020000b1e                CAN_WakeUp
                0x0000000020000b74                CAN_GetLastErrorCode
                0x0000000020000b9a                CAN_GetReceiveErrorCounter
                0x0000000020000bbc                CAN_GetLSBTransmitErrorCounter
                0x0000000020000bde                CAN_ITConfig
                0x0000000020000c1a                CAN_GetFlagStatus
                0x0000000020000ce8                CAN_ClearFlag
                0x0000000020000d5c                CAN_GetITStatus
                0x0000000020000f10                CAN_ClearITPendingBit
 .text          0x000000002000103c      0x4d4 ./Debug/driver_src_stm32f4xx_gpio.c.o
                0x000000002000103c                GPIO_DeInit
                0x00000000200011a0                GPIO_Init
                0x00000000200012bc                GPIO_StructInit
                0x00000000200012f0                GPIO_PinLockConfig
                0x0000000020001334                GPIO_ReadInputDataBit
                0x0000000020001368                GPIO_ReadInputData
                0x0000000020001382                GPIO_ReadOutputDataBit
                0x00000000200013b6                GPIO_ReadOutputData
                0x00000000200013d0                GPIO_SetBits
                0x00000000200013ee                GPIO_ResetBits
                0x000000002000140c                GPIO_WriteBit
                0x000000002000143c                GPIO_Write
                0x000000002000145a                GPIO_ToggleBits
                0x000000002000147e                GPIO_PinAFConfig
 .text          0x0000000020001510      0x970 ./Debug/driver_src_stm32f4xx_usart.c.o
                0x0000000020001510                USART_DeInit
                0x0000000020001628                USART_Init
                0x000000002000179c                USART_StructInit
                0x00000000200017d6                USART_ClockInit
                0x000000002000182c                USART_ClockStructInit
                0x0000000020001858                USART_Cmd
                0x0000000020001898                USART_SetPrescaler
                0x00000000200018d2                USART_OverSampling8Cmd
                0x0000000020001916                USART_OneBitMethodCmd
                0x0000000020001956                USART_SendData
                0x000000002000197a                USART_ReceiveData
                0x000000002000199a                USART_SetAddress
                0x00000000200019d4                USART_ReceiverWakeUpCmd
                0x0000000020001a14                USART_WakeUpConfig
                0x0000000020001a4c                USART_LINBreakDetectLengthConfig
                0x0000000020001a84                USART_LINCmd
                0x0000000020001ac4                USART_SendBreak
                0x0000000020001ae8                USART_HalfDuplexCmd
                0x0000000020001b28                USART_SetGuardTime
                0x0000000020001b64                USART_SmartCardCmd
                0x0000000020001ba4                USART_SmartCardNACKCmd
                0x0000000020001be4                USART_IrDAConfig
                0x0000000020001c1c                USART_IrDACmd
                0x0000000020001c5c                USART_DMACmd
                0x0000000020001ca4                USART_ITConfig
                0x0000000020001d34                USART_GetFlagStatus
                0x0000000020001d6c                USART_ClearFlag
                0x0000000020001d8e                USART_GetITStatus
                0x0000000020001e44                USART_ClearITPendingBit
 .text          0x0000000020001e80      0x210 ./Debug/driver_src_stm32f4xx_exti.c.o
                0x0000000020001e80                EXTI_DeInit
                0x0000000020001eb4                EXTI_Init
                0x0000000020001f98                EXTI_StructInit
                0x0000000020001fc4                EXTI_GenerateSWInterrupt
                0x0000000020001fe8                EXTI_GetFlagStatus
                0x000000002000201c                EXTI_ClearFlag
                0x000000002000203c                EXTI_GetITStatus
                0x0000000020002070                EXTI_ClearITPendingBit
 .text          0x0000000020002090      0x450 ./Debug/canTinyTimber.c.o
                0x0000000020002118                can_init
                0x00000000200021d8                can_interrupt
                0x0000000020002360                can_receive
                0x000000002000242a                can_send
 .text          0x00000000200024e0      0xca8 ./Debug/driver_src_stm32f4xx_rcc.c.o
                0x00000000200024e0                RCC_DeInit
                0x0000000020002550                RCC_HSEConfig
                0x0000000020002578                RCC_WaitForHSEStartUp
                0x00000000200025c8                RCC_AdjustHSICalibrationValue
                0x0000000020002604                RCC_HSICmd
                0x0000000020002624                RCC_LSEConfig
                0x0000000020002668                RCC_LSICmd
                0x0000000020002688                RCC_PLLConfig
                0x00000000200026c8                RCC_PLLCmd
                0x00000000200026e8                RCC_PLLI2SConfig
                0x0000000020002714                RCC_PLLI2SCmd
                0x0000000020002734                RCC_PLLSAIConfig
                0x0000000020002768                RCC_PLLSAICmd
                0x0000000020002788                RCC_ClockSecuritySystemCmd
                0x00000000200027a8                RCC_MCO1Config
                0x00000000200027e8                RCC_MCO2Config
                0x0000000020002828                RCC_SYSCLKConfig
                0x0000000020002860                RCC_GetSYSCLKSource
                0x0000000020002880                RCC_HCLKConfig
                0x00000000200028b8                RCC_PCLK1Config
                0x00000000200028f0                RCC_PCLK2Config
                0x000000002000292c                RCC_GetClocksFreq
                0x0000000020002a80                RCC_RTCCLKConfig
                0x0000000020002adc                RCC_RTCCLKCmd
                0x0000000020002afc                RCC_BackupResetCmd
                0x0000000020002b1c                RCC_I2SCLKConfig
                0x0000000020002b3c                RCC_SAIPLLI2SClkDivConfig
                0x0000000020002b7c                RCC_SAIPLLSAIClkDivConfig
                0x0000000020002bbc                RCC_SAIBlockACLKConfig
                0x0000000020002bf8                RCC_SAIBlockBCLKConfig
                0x0000000020002c34                RCC_LTDCCLKDivConfig
                0x0000000020002c70                RCC_TIMCLKPresConfig
                0x0000000020002c90                RCC_AHB1PeriphClockCmd
                0x0000000020002cd0                RCC_AHB2PeriphClockCmd
                0x0000000020002d10                RCC_AHB3PeriphClockCmd
                0x0000000020002d50                RCC_APB1PeriphClockCmd
                0x0000000020002d90                RCC_APB2PeriphClockCmd
                0x0000000020002dd0                RCC_AHB1PeriphResetCmd
                0x0000000020002e10                RCC_AHB2PeriphResetCmd
                0x0000000020002e50                RCC_AHB3PeriphResetCmd
                0x0000000020002e90                RCC_APB1PeriphResetCmd
                0x0000000020002ed0                RCC_APB2PeriphResetCmd
                0x0000000020002f10                RCC_AHB1PeriphClockLPModeCmd
                0x0000000020002f50                RCC_AHB2PeriphClockLPModeCmd
                0x0000000020002f90                RCC_AHB3PeriphClockLPModeCmd
                0x0000000020002fd0                RCC_APB1PeriphClockLPModeCmd
                0x0000000020003010                RCC_APB2PeriphClockLPModeCmd
                0x0000000020003050                RCC_ITConfig
                0x000000002000309c                RCC_GetFlagStatus
                0x0000000020003110                RCC_ClearFlag
                0x0000000020003130                RCC_GetITStatus
                0x0000000020003168                RCC_ClearITPendingBit
 .text          0x0000000020003188      0x294 ./Debug/sciTinyTimber.c.o
                0x0000000020003210                sci_init
                0x00000000200032b6                sci_write
                0x000000002000330a                sci_writechar
                0x0000000020003340                sci_interrupt
 .text          0x000000002000341c       0xb8 ./Debug/startup.c.o
 .text          0x00000000200034d4      0xf80 ./Debug/TinyTimber.c.o
                0x000000002000355c                DUMP
                0x0000000020003594                DUMPH
                0x00000000200035f0                DUMPD
                0x0000000020003694                sei
                0x00000000200036b0                cli
                0x00000000200036cc                _sbrk
                0x0000000020003710                SETSTACK
                0x0000000020003778                SETPC
                0x000000002000379c                TIMER_INIT
                0x0000000020003834                DUMPC
                0x0000000020003868                vect_USART1
                0x00000000200038d0                vect_CAN1
                0x0000000020003938                vect_EXTI9_5
                0x00000000200039a0                enqueueByDeadline
                0x00000000200039f8                enqueueByBaseline
                0x0000000020003a50                dequeue
                0x0000000020003aa0                dequeue_pool
                0x0000000020003af0                insert
                0x0000000020003b14                push
                0x0000000020003b38                pop
                0x0000000020003bba                vect_TIM5
                0x0000000020003c4c                __svc_dispatch
                0x0000000020003c5c                __pendSV_dispatch
                0x0000000020003dcc                async
                0x0000000020003f08                sync
                0x0000000020004014                ABORT
                0x00000000200040c8                T_RESET
                0x0000000020004104                T_SAMPLE
                0x0000000020004144                CURRENT_BASELINE
                0x000000002000417c                CURRENT_OFFSET
                0x0000000020004328                install
                0x00000000200043f0                tinytimber
 .text          0x0000000020004454       0xf4 ./Debug/dispatch.s.o
                0x0000000020004454                vect_SVCall
                0x0000000020004458                vect_PendSV
 .text          0x0000000020004548      0x8a8 ./Debug/application.c.o
                0x0000000020004548                from_micro_to_milli
                0x0000000020004570                check_tempo
                0x0000000020004698                button_receiver
                0x00000000200047e0                receiver
                0x0000000020004898                deliver
                0x0000000020004900                reader
                0x00000000200049f0                tone_generator
                0x0000000020004a54                melody_player
                0x0000000020004b48                start_player
                0x0000000020004b9c                set_period
                0x0000000020004bd4                set_key
                0x0000000020004bf2                set_tempo
                0x0000000020004c0e                unkill
                0x0000000020004c2a                kill_tone
                0x0000000020004c46                kill_player
                0x0000000020004c70                unkill_player
                0x0000000020004c8c                volume_control
                0x0000000020004d10                startApp
                0x0000000020004d9c                main
 .text          0x0000000020004df0     0x1c18 ./Debug/driver_src_stm32f4xx_tim.c.o
                0x0000000020004df0                TIM_DeInit
                0x0000000020004fb0                TIM_TimeBaseInit
                0x0000000020005088                TIM_TimeBaseStructInit
                0x00000000200050bc                TIM_PrescalerConfig
                0x00000000200050e4                TIM_CounterModeConfig
                0x000000002000511c                TIM_SetCounter
                0x0000000020005138                TIM_SetAutoreload
                0x0000000020005154                TIM_GetCounter
                0x000000002000516c                TIM_GetPrescaler
                0x0000000020005186                TIM_UpdateDisableConfig
                0x00000000200051c6                TIM_UpdateRequestConfig
                0x0000000020005206                TIM_ARRPreloadConfig
                0x0000000020005246                TIM_SelectOnePulseMode
                0x000000002000527e                TIM_SetClockDivision
                0x00000000200052b6                TIM_Cmd
                0x00000000200052f6                TIM_OC1Init
                0x00000000200053ec                TIM_OC2Init
                0x00000000200054fc                TIM_OC3Init
                0x0000000020005608                TIM_OC4Init
                0x00000000200056d8                TIM_OCStructInit
                0x000000002000571c                TIM_SelectOCxM
                0x00000000200057d0                TIM_SetCompare1
                0x00000000200057ec                TIM_SetCompare2
                0x0000000020005808                TIM_SetCompare3
                0x0000000020005824                TIM_SetCompare4
                0x0000000020005840                TIM_ForcedOC1Config
                0x0000000020005878                TIM_ForcedOC2Config
                0x00000000200058b4                TIM_ForcedOC3Config
                0x00000000200058ec                TIM_ForcedOC4Config
                0x0000000020005928                TIM_OC1PreloadConfig
                0x0000000020005960                TIM_OC2PreloadConfig
                0x000000002000599c                TIM_OC3PreloadConfig
                0x00000000200059d4                TIM_OC4PreloadConfig
                0x0000000020005a10                TIM_OC1FastConfig
                0x0000000020005a48                TIM_OC2FastConfig
                0x0000000020005a84                TIM_OC3FastConfig
                0x0000000020005abc                TIM_OC4FastConfig
                0x0000000020005af8                TIM_ClearOC1Ref
                0x0000000020005b30                TIM_ClearOC2Ref
                0x0000000020005b6c                TIM_ClearOC3Ref
                0x0000000020005ba4                TIM_ClearOC4Ref
                0x0000000020005be0                TIM_OC1PolarityConfig
                0x0000000020005c18                TIM_OC1NPolarityConfig
                0x0000000020005c50                TIM_OC2PolarityConfig
                0x0000000020005c8c                TIM_OC2NPolarityConfig
                0x0000000020005cc8                TIM_OC3PolarityConfig
                0x0000000020005d04                TIM_OC3NPolarityConfig
                0x0000000020005d40                TIM_OC4PolarityConfig
                0x0000000020005d7c                TIM_CCxCmd
                0x0000000020005dd2                TIM_CCxNCmd
                0x0000000020005e28                TIM_ICInit
                0x0000000020005ed0                TIM_ICStructInit
                0x0000000020005f02                TIM_PWMIConfig
                0x0000000020005fba                TIM_GetCapture1
                0x0000000020005fd2                TIM_GetCapture2
                0x0000000020005fea                TIM_GetCapture3
                0x0000000020006002                TIM_GetCapture4
                0x000000002000601a                TIM_SetIC1Prescaler
                0x0000000020006052                TIM_SetIC2Prescaler
                0x000000002000608e                TIM_SetIC3Prescaler
                0x00000000200060c6                TIM_SetIC4Prescaler
                0x0000000020006102                TIM_BDTRConfig
                0x0000000020006152                TIM_BDTRStructInit
                0x0000000020006190                TIM_CtrlPWMOutputs
                0x00000000200061dc                TIM_SelectCOM
                0x000000002000621c                TIM_CCPreloadControl
                0x000000002000625c                TIM_ITConfig
                0x00000000200062a4                TIM_GenerateEvent
                0x00000000200062c2                TIM_GetFlagStatus
                0x00000000200062fa                TIM_ClearFlag
                0x000000002000631c                TIM_GetITStatus
                0x0000000020006370                TIM_ClearITPendingBit
                0x0000000020006392                TIM_DMAConfig
                0x00000000200063bc                TIM_DMACmd
                0x0000000020006404                TIM_SelectCCDMA
                0x0000000020006444                TIM_InternalClockConfig
                0x0000000020006468                TIM_ITRxExternalClockConfig
                0x0000000020006496                TIM_TIxExternalClockConfig
                0x00000000200064f2                TIM_ETRClockMode1Config
                0x0000000020006550                TIM_ETRClockMode2Config
                0x000000002000658e                TIM_SelectInputTrigger
                0x00000000200065c6                TIM_SelectOutputTrigger
                0x00000000200065fe                TIM_SelectSlaveMode
                0x0000000020006636                TIM_SelectMasterSlaveMode
                0x000000002000666e                TIM_ETRConfig
                0x00000000200066c2                TIM_EncoderInterfaceConfig
                0x000000002000675a                TIM_SelectHallSensor
                0x000000002000679a                TIM_RemapConfig
 .text          0x0000000020006a08      0x174 ./Debug/sioTinyTimber.c.o
                0x0000000020006a90                sio_init
                0x0000000020006ac0                sio_read
                0x0000000020006ae0                sio_write
                0x0000000020006b02                sio_toggle
                0x0000000020006b20                sio_interrupt
 .text          0x0000000020006b7c       0xc8 ./Debug/buffer.c.o
                0x0000000020006b7c                put
                0x0000000020006be0                get
 .text          0x0000000020006c44        0x0 /Users/mbrattlof/GitHub/TinyTimber/gcc-arm-none-eabi-8-2018-q4-major/bin/../lib/gcc/arm-none-eabi/8.2.1/../../../../arm-none-eabi/lib/thumb/v7e-m+fp/hard/libc_nano.a(lib_a-atoi.o)
 .text          0x0000000020006c44        0x0 /Users/mbrattlof/GitHub/TinyTimber/gcc-arm-none-eabi-8-2018-q4-major/bin/../lib/gcc/arm-none-eabi/8.2.1/../../../../arm-none-eabi/lib/thumb/v7e-m+fp/hard/libc_nano.a(lib_a-snprintf.o)
 .text          0x0000000020006c44        0x0 /Users/mbrattlof/GitHub/TinyTimber/gcc-arm-none-eabi-8-2018-q4-major/bin/../lib/gcc/arm-none-eabi/8.2.1/../../../../arm-none-eabi/lib/thumb/v7e-m+fp/hard/libc_nano.a(lib_a-strtol.o)
 .text          0x0000000020006c44        0x0 /Users/mbrattlof/GitHub/TinyTimber/gcc-arm-none-eabi-8-2018-q4-major/bin/../lib/gcc/arm-none-eabi/8.2.1/../../../../arm-none-eabi/lib/thumb/v7e-m+fp/hard/libc_nano.a(lib_a-ctype_.o)
 .text          0x0000000020006c44        0x0 /Users/mbrattlof/GitHub/TinyTimber/gcc-arm-none-eabi-8-2018-q4-major/bin/../lib/gcc/arm-none-eabi/8.2.1/../../../../arm-none-eabi/lib/thumb/v7e-m+fp/hard/libc_nano.a(lib_a-impure.o)
 .text          0x0000000020006c44        0x0 /Users/mbrattlof/GitHub/TinyTimber/gcc-arm-none-eabi-8-2018-q4-major/bin/../lib/gcc/arm-none-eabi/8.2.1/../../../../arm-none-eabi/lib/thumb/v7e-m+fp/hard/libc_nano.a(lib_a-nano-svfprintf.o)
 .text          0x0000000020006c44        0x0 /Users/mbrattlof/GitHub/TinyTimber/gcc-arm-none-eabi-8-2018-q4-major/bin/../lib/gcc/arm-none-eabi/8.2.1/../../../../arm-none-eabi/lib/thumb/v7e-m+fp/hard/libc_nano.a(lib_a-nano-vfprintf_i.o)
 *fill*         0x0000000020006c44        0xc 
 .text          0x0000000020006c50       0xa0 /Users/mbrattlof/GitHub/TinyTimber/gcc-arm-none-eabi-8-2018-q4-major/bin/../lib/gcc/arm-none-eabi/8.2.1/../../../../arm-none-eabi/lib/thumb/v7e-m+fp/hard/libc_nano.a(lib_a-memchr.o)
                0x0000000020006c50                memchr
 .text          0x0000000020006cf0        0x0 /Users/mbrattlof/GitHub/TinyTimber/gcc-arm-none-eabi-8-2018-q4-major/bin/../lib/gcc/arm-none-eabi/8.2.1/../../../../arm-none-eabi/lib/thumb/v7e-m+fp/hard/libc_nano.a(lib_a-memcpy-stub.o)
 .text          0x0000000020006cf0        0x0 /Users/mbrattlof/GitHub/TinyTimber/gcc-arm-none-eabi-8-2018-q4-major/bin/../lib/gcc/arm-none-eabi/8.2.1/../../../../arm-none-eabi/lib/thumb/v7e-m+fp/hard/libc_nano.a(lib_a-memmove.o)
 .text          0x0000000020006cf0        0x0 /Users/mbrattlof/GitHub/TinyTimber/gcc-arm-none-eabi-8-2018-q4-major/bin/../lib/gcc/arm-none-eabi/8.2.1/../../../../arm-none-eabi/lib/thumb/v7e-m+fp/hard/libc_nano.a(lib_a-nano-freer.o)
 .text          0x0000000020006cf0        0x0 /Users/mbrattlof/GitHub/TinyTimber/gcc-arm-none-eabi-8-2018-q4-major/bin/../lib/gcc/arm-none-eabi/8.2.1/../../../../arm-none-eabi/lib/thumb/v7e-m+fp/hard/libc_nano.a(lib_a-nano-mallocr.o)
 .text          0x0000000020006cf0        0x0 /Users/mbrattlof/GitHub/TinyTimber/gcc-arm-none-eabi-8-2018-q4-major/bin/../lib/gcc/arm-none-eabi/8.2.1/../../../../arm-none-eabi/lib/thumb/v7e-m+fp/hard/libc_nano.a(lib_a-nano-reallocr.o)
 .text          0x0000000020006cf0        0x0 /Users/mbrattlof/GitHub/TinyTimber/gcc-arm-none-eabi-8-2018-q4-major/bin/../lib/gcc/arm-none-eabi/8.2.1/../../../../arm-none-eabi/lib/thumb/v7e-m+fp/hard/libc_nano.a(lib_a-sbrkr.o)
 .text          0x0000000020006cf0        0x0 /Users/mbrattlof/GitHub/TinyTimber/gcc-arm-none-eabi-8-2018-q4-major/bin/../lib/gcc/arm-none-eabi/8.2.1/../../../../arm-none-eabi/lib/thumb/v7e-m+fp/hard/libc_nano.a(lib_a-mlock.o)
 .text          0x0000000020006cf0        0x0 /Users/mbrattlof/GitHub/TinyTimber/gcc-arm-none-eabi-8-2018-q4-major/bin/../lib/gcc/arm-none-eabi/8.2.1/../../../../arm-none-eabi/lib/thumb/v7e-m+fp/hard/libc_nano.a(lib_a-nano-msizer.o)
 .text          0x0000000020006cf0        0x0 /Users/mbrattlof/GitHub/TinyTimber/gcc-arm-none-eabi-8-2018-q4-major/bin/../lib/gcc/arm-none-eabi/8.2.1/../../../../arm-none-eabi/lib/thumb/v7e-m+fp/hard/libc_nano.a(lib_a-reent.o)
 .text          0x0000000020006cf0        0x0 /Users/mbrattlof/GitHub/TinyTimber/gcc-arm-none-eabi-8-2018-q4-major/bin/../lib/gcc/arm-none-eabi/8.2.1/../../../../arm-none-eabi/lib/thumb/v7e-m+fp/hard/libc_nano.a(lib_a-lock.o)
 *(.text.*)
 .text.atoi     0x0000000020006cf0        0x8 /Users/mbrattlof/GitHub/TinyTimber/gcc-arm-none-eabi-8-2018-q4-major/bin/../lib/gcc/arm-none-eabi/8.2.1/../../../../arm-none-eabi/lib/thumb/v7e-m+fp/hard/libc_nano.a(lib_a-atoi.o)
                0x0000000020006cf0                atoi
 .text._atoi_r  0x0000000020006cf8        0x8 /Users/mbrattlof/GitHub/TinyTimber/gcc-arm-none-eabi-8-2018-q4-major/bin/../lib/gcc/arm-none-eabi/8.2.1/../../../../arm-none-eabi/lib/thumb/v7e-m+fp/hard/libc_nano.a(lib_a-atoi.o)
                0x0000000020006cf8                _atoi_r
 .text._snprintf_r
                0x0000000020006d00       0x5e /Users/mbrattlof/GitHub/TinyTimber/gcc-arm-none-eabi-8-2018-q4-major/bin/../lib/gcc/arm-none-eabi/8.2.1/../../../../arm-none-eabi/lib/thumb/v7e-m+fp/hard/libc_nano.a(lib_a-snprintf.o)
                0x0000000020006d00                _sniprintf_r
                0x0000000020006d00                _snprintf_r
 *fill*         0x0000000020006d5e        0x2 
 .text.snprintf
                0x0000000020006d60       0x68 /Users/mbrattlof/GitHub/TinyTimber/gcc-arm-none-eabi-8-2018-q4-major/bin/../lib/gcc/arm-none-eabi/8.2.1/../../../../arm-none-eabi/lib/thumb/v7e-m+fp/hard/libc_nano.a(lib_a-snprintf.o)
                0x0000000020006d60                snprintf
                0x0000000020006d60                sniprintf
 .text._strtol_l.isra.0
                0x0000000020006dc8       0xf0 /Users/mbrattlof/GitHub/TinyTimber/gcc-arm-none-eabi-8-2018-q4-major/bin/../lib/gcc/arm-none-eabi/8.2.1/../../../../arm-none-eabi/lib/thumb/v7e-m+fp/hard/libc_nano.a(lib_a-strtol.o)
 .text._strtol_r
                0x0000000020006eb8        0x4 /Users/mbrattlof/GitHub/TinyTimber/gcc-arm-none-eabi-8-2018-q4-major/bin/../lib/gcc/arm-none-eabi/8.2.1/../../../../arm-none-eabi/lib/thumb/v7e-m+fp/hard/libc_nano.a(lib_a-strtol.o)
                0x0000000020006eb8                _strtol_r
 .text.strtol_l
                0x0000000020006ebc       0x14 /Users/mbrattlof/GitHub/TinyTimber/gcc-arm-none-eabi-8-2018-q4-major/bin/../lib/gcc/arm-none-eabi/8.2.1/../../../../arm-none-eabi/lib/thumb/v7e-m+fp/hard/libc_nano.a(lib_a-strtol.o)
                0x0000000020006ebc                strtol_l
 .text.strtol   0x0000000020006ed0       0x14 /Users/mbrattlof/GitHub/TinyTimber/gcc-arm-none-eabi-8-2018-q4-major/bin/../lib/gcc/arm-none-eabi/8.2.1/../../../../arm-none-eabi/lib/thumb/v7e-m+fp/hard/libc_nano.a(lib_a-strtol.o)
                0x0000000020006ed0                strtol
 .text.__ssputs_r
                0x0000000020006ee4       0xb6 /Users/mbrattlof/GitHub/TinyTimber/gcc-arm-none-eabi-8-2018-q4-major/bin/../lib/gcc/arm-none-eabi/8.2.1/../../../../arm-none-eabi/lib/thumb/v7e-m+fp/hard/libc_nano.a(lib_a-nano-svfprintf.o)
                0x0000000020006ee4                __ssputs_r
 .text.__ssprint_r
                0x0000000020006f9a       0xf0 /Users/mbrattlof/GitHub/TinyTimber/gcc-arm-none-eabi-8-2018-q4-major/bin/../lib/gcc/arm-none-eabi/8.2.1/../../../../arm-none-eabi/lib/thumb/v7e-m+fp/hard/libc_nano.a(lib_a-nano-svfprintf.o)
                0x0000000020006f9a                __ssprint_r
 *fill*         0x000000002000708a        0x2 
 .text._svfprintf_r
                0x000000002000708c      0x1f0 /Users/mbrattlof/GitHub/TinyTimber/gcc-arm-none-eabi-8-2018-q4-major/bin/../lib/gcc/arm-none-eabi/8.2.1/../../../../arm-none-eabi/lib/thumb/v7e-m+fp/hard/libc_nano.a(lib_a-nano-svfprintf.o)
                0x000000002000708c                _svfprintf_r
                0x000000002000708c                _svfiprintf_r
 .text._printf_common
                0x000000002000727c       0xea /Users/mbrattlof/GitHub/TinyTimber/gcc-arm-none-eabi-8-2018-q4-major/bin/../lib/gcc/arm-none-eabi/8.2.1/../../../../arm-none-eabi/lib/thumb/v7e-m+fp/hard/libc_nano.a(lib_a-nano-vfprintf_i.o)
                0x000000002000727c                _printf_common
 *fill*         0x0000000020007366        0x2 
 .text._printf_i
                0x0000000020007368      0x228 /Users/mbrattlof/GitHub/TinyTimber/gcc-arm-none-eabi-8-2018-q4-major/bin/../lib/gcc/arm-none-eabi/8.2.1/../../../../arm-none-eabi/lib/thumb/v7e-m+fp/hard/libc_nano.a(lib_a-nano-vfprintf_i.o)
                0x0000000020007368                _printf_i
 .text.memcpy   0x0000000020007590       0x1c /Users/mbrattlof/GitHub/TinyTimber/gcc-arm-none-eabi-8-2018-q4-major/bin/../lib/gcc/arm-none-eabi/8.2.1/../../../../arm-none-eabi/lib/thumb/v7e-m+fp/hard/libc_nano.a(lib_a-memcpy-stub.o)
                0x0000000020007590                memcpy
 .text.memmove  0x00000000200075ac       0x34 /Users/mbrattlof/GitHub/TinyTimber/gcc-arm-none-eabi-8-2018-q4-major/bin/../lib/gcc/arm-none-eabi/8.2.1/../../../../arm-none-eabi/lib/thumb/v7e-m+fp/hard/libc_nano.a(lib_a-memmove.o)
                0x00000000200075ac                memmove
 .text._free_r  0x00000000200075e0       0x9c /Users/mbrattlof/GitHub/TinyTimber/gcc-arm-none-eabi-8-2018-q4-major/bin/../lib/gcc/arm-none-eabi/8.2.1/../../../../arm-none-eabi/lib/thumb/v7e-m+fp/hard/libc_nano.a(lib_a-nano-freer.o)
                0x00000000200075e0                _free_r
 .text._malloc_r
                0x000000002000767c       0xb4 /Users/mbrattlof/GitHub/TinyTimber/gcc-arm-none-eabi-8-2018-q4-major/bin/../lib/gcc/arm-none-eabi/8.2.1/../../../../arm-none-eabi/lib/thumb/v7e-m+fp/hard/libc_nano.a(lib_a-nano-mallocr.o)
                0x000000002000767c                _malloc_r
 .text._realloc_r
                0x0000000020007730       0x4c /Users/mbrattlof/GitHub/TinyTimber/gcc-arm-none-eabi-8-2018-q4-major/bin/../lib/gcc/arm-none-eabi/8.2.1/../../../../arm-none-eabi/lib/thumb/v7e-m+fp/hard/libc_nano.a(lib_a-nano-reallocr.o)
                0x0000000020007730                _realloc_r
 .text._sbrk_r  0x000000002000777c       0x20 /Users/mbrattlof/GitHub/TinyTimber/gcc-arm-none-eabi-8-2018-q4-major/bin/../lib/gcc/arm-none-eabi/8.2.1/../../../../arm-none-eabi/lib/thumb/v7e-m+fp/hard/libc_nano.a(lib_a-sbrkr.o)
                0x000000002000777c                _sbrk_r
 .text.__malloc_lock
                0x000000002000779c        0xc /Users/mbrattlof/GitHub/TinyTimber/gcc-arm-none-eabi-8-2018-q4-major/bin/../lib/gcc/arm-none-eabi/8.2.1/../../../../arm-none-eabi/lib/thumb/v7e-m+fp/hard/libc_nano.a(lib_a-mlock.o)
                0x000000002000779c                __malloc_lock
 .text.__malloc_unlock
                0x00000000200077a8        0xc /Users/mbrattlof/GitHub/TinyTimber/gcc-arm-none-eabi-8-2018-q4-major/bin/../lib/gcc/arm-none-eabi/8.2.1/../../../../arm-none-eabi/lib/thumb/v7e-m+fp/hard/libc_nano.a(lib_a-mlock.o)
                0x00000000200077a8                __malloc_unlock
 .text._malloc_usable_size_r
                0x00000000200077b4       0x10 /Users/mbrattlof/GitHub/TinyTimber/gcc-arm-none-eabi-8-2018-q4-major/bin/../lib/gcc/arm-none-eabi/8.2.1/../../../../arm-none-eabi/lib/thumb/v7e-m+fp/hard/libc_nano.a(lib_a-nano-msizer.o)
                0x00000000200077b4                _malloc_usable_size_r
 .text.cleanup_glue
                0x00000000200077c4       0x1a /Users/mbrattlof/GitHub/TinyTimber/gcc-arm-none-eabi-8-2018-q4-major/bin/../lib/gcc/arm-none-eabi/8.2.1/../../../../arm-none-eabi/lib/thumb/v7e-m+fp/hard/libc_nano.a(lib_a-reent.o)
                0x00000000200077c4                cleanup_glue
 *fill*         0x00000000200077de        0x2 
 .text._reclaim_reent
                0x00000000200077e0       0xb8 /Users/mbrattlof/GitHub/TinyTimber/gcc-arm-none-eabi-8-2018-q4-major/bin/../lib/gcc/arm-none-eabi/8.2.1/../../../../arm-none-eabi/lib/thumb/v7e-m+fp/hard/libc_nano.a(lib_a-reent.o)
                0x00000000200077e0                _reclaim_reent
 .text.__retarget_lock_init
                0x0000000020007898        0x2 /Users/mbrattlof/GitHub/TinyTimber/gcc-arm-none-eabi-8-2018-q4-major/bin/../lib/gcc/arm-none-eabi/8.2.1/../../../../arm-none-eabi/lib/thumb/v7e-m+fp/hard/libc_nano.a(lib_a-lock.o)
                0x0000000020007898                __retarget_lock_init
 .text.__retarget_lock_init_recursive
                0x000000002000789a        0x2 /Users/mbrattlof/GitHub/TinyTimber/gcc-arm-none-eabi-8-2018-q4-major/bin/../lib/gcc/arm-none-eabi/8.2.1/../../../../arm-none-eabi/lib/thumb/v7e-m+fp/hard/libc_nano.a(lib_a-lock.o)
                0x000000002000789a                __retarget_lock_init_recursive
 .text.__retarget_lock_close
                0x000000002000789c        0x2 /Users/mbrattlof/GitHub/TinyTimber/gcc-arm-none-eabi-8-2018-q4-major/bin/../lib/gcc/arm-none-eabi/8.2.1/../../../../arm-none-eabi/lib/thumb/v7e-m+fp/hard/libc_nano.a(lib_a-lock.o)
                0x000000002000789c                __retarget_lock_close
 .text.__retarget_lock_close_recursive
                0x000000002000789e        0x2 /Users/mbrattlof/GitHub/TinyTimber/gcc-arm-none-eabi-8-2018-q4-major/bin/../lib/gcc/arm-none-eabi/8.2.1/../../../../arm-none-eabi/lib/thumb/v7e-m+fp/hard/libc_nano.a(lib_a-lock.o)
                0x000000002000789e                __retarget_lock_close_recursive
 .text.__retarget_lock_acquire
                0x00000000200078a0        0x2 /Users/mbrattlof/GitHub/TinyTimber/gcc-arm-none-eabi-8-2018-q4-major/bin/../lib/gcc/arm-none-eabi/8.2.1/../../../../arm-none-eabi/lib/thumb/v7e-m+fp/hard/libc_nano.a(lib_a-lock.o)
                0x00000000200078a0                __retarget_lock_acquire
 .text.__retarget_lock_acquire_recursive
                0x00000000200078a2        0x2 /Users/mbrattlof/GitHub/TinyTimber/gcc-arm-none-eabi-8-2018-q4-major/bin/../lib/gcc/arm-none-eabi/8.2.1/../../../../arm-none-eabi/lib/thumb/v7e-m+fp/hard/libc_nano.a(lib_a-lock.o)
                0x00000000200078a2                __retarget_lock_acquire_recursive
 .text.__retarget_lock_try_acquire
                0x00000000200078a4        0x4 /Users/mbrattlof/GitHub/TinyTimber/gcc-arm-none-eabi-8-2018-q4-major/bin/../lib/gcc/arm-none-eabi/8.2.1/../../../../arm-none-eabi/lib/thumb/v7e-m+fp/hard/libc_nano.a(lib_a-lock.o)
                0x00000000200078a4                __retarget_lock_try_acquire
 .text.__retarget_lock_try_acquire_recursive
                0x00000000200078a8        0x4 /Users/mbrattlof/GitHub/TinyTimber/gcc-arm-none-eabi-8-2018-q4-major/bin/../lib/gcc/arm-none-eabi/8.2.1/../../../../arm-none-eabi/lib/thumb/v7e-m+fp/hard/libc_nano.a(lib_a-lock.o)
                0x00000000200078a8                __retarget_lock_try_acquire_recursive
 .text.__retarget_lock_release
                0x00000000200078ac        0x2 /Users/mbrattlof/GitHub/TinyTimber/gcc-arm-none-eabi-8-2018-q4-major/bin/../lib/gcc/arm-none-eabi/8.2.1/../../../../arm-none-eabi/lib/thumb/v7e-m+fp/hard/libc_nano.a(lib_a-lock.o)
                0x00000000200078ac                __retarget_lock_release
 .text.__retarget_lock_release_recursive
                0x00000000200078ae        0x2 /Users/mbrattlof/GitHub/TinyTimber/gcc-arm-none-eabi-8-2018-q4-major/bin/../lib/gcc/arm-none-eabi/8.2.1/../../../../arm-none-eabi/lib/thumb/v7e-m+fp/hard/libc_nano.a(lib_a-lock.o)
                0x00000000200078ae                __retarget_lock_release_recursive
 *(.rodata)
 .rodata        0x00000000200078b0       0xb2 ./Debug/canTinyTimber.c.o
 *fill*         0x0000000020007962        0x2 
 .rodata        0x0000000020007964       0x43 ./Debug/startup.c.o
 *fill*         0x00000000200079a7        0x1 
 .rodata        0x00000000200079a8       0x7d ./Debug/TinyTimber.c.o
 *fill*         0x0000000020007a25        0x3 
 .rodata        0x0000000020007a28       0xe4 ./Debug/application.c.o
 .rodata        0x0000000020007b0c       0x23 ./Debug/sioTinyTimber.c.o
 *(.rodata*)
 .rodata._ctype_
                0x0000000020007b2f      0x101 /Users/mbrattlof/GitHub/TinyTimber/gcc-arm-none-eabi-8-2018-q4-major/bin/../lib/gcc/arm-none-eabi/8.2.1/../../../../arm-none-eabi/lib/thumb/v7e-m+fp/hard/libc_nano.a(lib_a-ctype_.o)
                0x0000000020007b2f                _ctype_
 .rodata._global_impure_ptr
                0x0000000020007c30        0x4 /Users/mbrattlof/GitHub/TinyTimber/gcc-arm-none-eabi-8-2018-q4-major/bin/../lib/gcc/arm-none-eabi/8.2.1/../../../../arm-none-eabi/lib/thumb/v7e-m+fp/hard/libc_nano.a(lib_a-impure.o)
                0x0000000020007c30                _global_impure_ptr
 .rodata._svfprintf_r.str1.1
                0x0000000020007c34       0x11 /Users/mbrattlof/GitHub/TinyTimber/gcc-arm-none-eabi-8-2018-q4-major/bin/../lib/gcc/arm-none-eabi/8.2.1/../../../../arm-none-eabi/lib/thumb/v7e-m+fp/hard/libc_nano.a(lib_a-nano-svfprintf.o)
 .rodata._printf_i.str1.1
                0x0000000020007c45       0x22 /Users/mbrattlof/GitHub/TinyTimber/gcc-arm-none-eabi-8-2018-q4-major/bin/../lib/gcc/arm-none-eabi/8.2.1/../../../../arm-none-eabi/lib/thumb/v7e-m+fp/hard/libc_nano.a(lib_a-nano-vfprintf_i.o)
 *(.glue_7)
 .glue_7        0x0000000020007c67        0x0 linker stubs
 *(.glue_7t)
 .glue_7t       0x0000000020007c67        0x0 linker stubs
                0x0000000020007c68                . = ALIGN (0x4)
 *fill*         0x0000000020007c67        0x1 

.vfp11_veneer   0x0000000020007c68        0x0
 .vfp11_veneer  0x0000000020007c68        0x0 linker stubs

.v4_bx          0x0000000020007c68        0x0
 .v4_bx         0x0000000020007c68        0x0 linker stubs

.iplt           0x0000000020007c68        0x0
 .iplt          0x0000000020007c68        0x0 ./Debug/driver_src_stm32f4xx_can.c.o

.rel.dyn        0x0000000020007c68        0x0
 .rel.iplt      0x0000000020007c68        0x0 ./Debug/driver_src_stm32f4xx_can.c.o

.data           0x0000000020007c68      0x7a8
                0x0000000020007c68                . = ALIGN (0x4)
 *(.data)
 .data          0x0000000020007c68        0x0 ./Debug/driver_src_stm32f4xx_can.c.o
 .data          0x0000000020007c68        0x0 ./Debug/driver_src_stm32f4xx_gpio.c.o
 .data          0x0000000020007c68        0x0 ./Debug/driver_src_stm32f4xx_usart.c.o
 .data          0x0000000020007c68        0x0 ./Debug/driver_src_stm32f4xx_exti.c.o
 .data          0x0000000020007c68        0x0 ./Debug/canTinyTimber.c.o
 .data          0x0000000020007c68       0x10 ./Debug/driver_src_stm32f4xx_rcc.c.o
 .data          0x0000000020007c78        0x0 ./Debug/sciTinyTimber.c.o
 .data          0x0000000020007c78        0x0 ./Debug/startup.c.o
 .data          0x0000000020007c78       0x24 ./Debug/TinyTimber.c.o
                0x0000000020007c78                hex
                0x0000000020007c8c                msgPool
                0x0000000020007c90                threadPool
                0x0000000020007c94                activeStack
                0x0000000020007c98                current
 .data          0x0000000020007c9c       0x84 ./Debug/dispatch.s.o
 .data          0x0000000020007d20      0x68c ./Debug/application.c.o
                0x0000000020007d20                DAC_OUTPUT
                0x0000000020007d24                LEADER
                0x0000000020007d28                freqind
                0x0000000020007da8                periods
                0x0000000020007e0c                beats
                0x0000000020007e8c                s
                0x0000000020007eb8                b
                0x0000000020007ee4                m
                0x0000000020007efc                sci0
                0x000000002000831c                can0
                0x0000000020008398                sysio
 .data          0x00000000200083ac        0x0 ./Debug/driver_src_stm32f4xx_tim.c.o
 .data          0x00000000200083ac        0x0 ./Debug/sioTinyTimber.c.o
 .data          0x00000000200083ac        0x0 ./Debug/buffer.c.o
 .data          0x00000000200083ac        0x0 /Users/mbrattlof/GitHub/TinyTimber/gcc-arm-none-eabi-8-2018-q4-major/bin/../lib/gcc/arm-none-eabi/8.2.1/../../../../arm-none-eabi/lib/thumb/v7e-m+fp/hard/libc_nano.a(lib_a-atoi.o)
 .data          0x00000000200083ac        0x0 /Users/mbrattlof/GitHub/TinyTimber/gcc-arm-none-eabi-8-2018-q4-major/bin/../lib/gcc/arm-none-eabi/8.2.1/../../../../arm-none-eabi/lib/thumb/v7e-m+fp/hard/libc_nano.a(lib_a-snprintf.o)
 .data          0x00000000200083ac        0x0 /Users/mbrattlof/GitHub/TinyTimber/gcc-arm-none-eabi-8-2018-q4-major/bin/../lib/gcc/arm-none-eabi/8.2.1/../../../../arm-none-eabi/lib/thumb/v7e-m+fp/hard/libc_nano.a(lib_a-strtol.o)
 .data          0x00000000200083ac        0x0 /Users/mbrattlof/GitHub/TinyTimber/gcc-arm-none-eabi-8-2018-q4-major/bin/../lib/gcc/arm-none-eabi/8.2.1/../../../../arm-none-eabi/lib/thumb/v7e-m+fp/hard/libc_nano.a(lib_a-ctype_.o)
 .data          0x00000000200083ac        0x0 /Users/mbrattlof/GitHub/TinyTimber/gcc-arm-none-eabi-8-2018-q4-major/bin/../lib/gcc/arm-none-eabi/8.2.1/../../../../arm-none-eabi/lib/thumb/v7e-m+fp/hard/libc_nano.a(lib_a-impure.o)
 .data          0x00000000200083ac        0x0 /Users/mbrattlof/GitHub/TinyTimber/gcc-arm-none-eabi-8-2018-q4-major/bin/../lib/gcc/arm-none-eabi/8.2.1/../../../../arm-none-eabi/lib/thumb/v7e-m+fp/hard/libc_nano.a(lib_a-nano-svfprintf.o)
 .data          0x00000000200083ac        0x0 /Users/mbrattlof/GitHub/TinyTimber/gcc-arm-none-eabi-8-2018-q4-major/bin/../lib/gcc/arm-none-eabi/8.2.1/../../../../arm-none-eabi/lib/thumb/v7e-m+fp/hard/libc_nano.a(lib_a-nano-vfprintf_i.o)
 .data          0x00000000200083ac        0x0 /Users/mbrattlof/GitHub/TinyTimber/gcc-arm-none-eabi-8-2018-q4-major/bin/../lib/gcc/arm-none-eabi/8.2.1/../../../../arm-none-eabi/lib/thumb/v7e-m+fp/hard/libc_nano.a(lib_a-memchr.o)
 .data          0x00000000200083ac        0x0 /Users/mbrattlof/GitHub/TinyTimber/gcc-arm-none-eabi-8-2018-q4-major/bin/../lib/gcc/arm-none-eabi/8.2.1/../../../../arm-none-eabi/lib/thumb/v7e-m+fp/hard/libc_nano.a(lib_a-memcpy-stub.o)
 .data          0x00000000200083ac        0x0 /Users/mbrattlof/GitHub/TinyTimber/gcc-arm-none-eabi-8-2018-q4-major/bin/../lib/gcc/arm-none-eabi/8.2.1/../../../../arm-none-eabi/lib/thumb/v7e-m+fp/hard/libc_nano.a(lib_a-memmove.o)
 .data          0x00000000200083ac        0x0 /Users/mbrattlof/GitHub/TinyTimber/gcc-arm-none-eabi-8-2018-q4-major/bin/../lib/gcc/arm-none-eabi/8.2.1/../../../../arm-none-eabi/lib/thumb/v7e-m+fp/hard/libc_nano.a(lib_a-nano-freer.o)
 .data          0x00000000200083ac        0x0 /Users/mbrattlof/GitHub/TinyTimber/gcc-arm-none-eabi-8-2018-q4-major/bin/../lib/gcc/arm-none-eabi/8.2.1/../../../../arm-none-eabi/lib/thumb/v7e-m+fp/hard/libc_nano.a(lib_a-nano-mallocr.o)
 .data          0x00000000200083ac        0x0 /Users/mbrattlof/GitHub/TinyTimber/gcc-arm-none-eabi-8-2018-q4-major/bin/../lib/gcc/arm-none-eabi/8.2.1/../../../../arm-none-eabi/lib/thumb/v7e-m+fp/hard/libc_nano.a(lib_a-nano-reallocr.o)
 .data          0x00000000200083ac        0x0 /Users/mbrattlof/GitHub/TinyTimber/gcc-arm-none-eabi-8-2018-q4-major/bin/../lib/gcc/arm-none-eabi/8.2.1/../../../../arm-none-eabi/lib/thumb/v7e-m+fp/hard/libc_nano.a(lib_a-sbrkr.o)
 .data          0x00000000200083ac        0x0 /Users/mbrattlof/GitHub/TinyTimber/gcc-arm-none-eabi-8-2018-q4-major/bin/../lib/gcc/arm-none-eabi/8.2.1/../../../../arm-none-eabi/lib/thumb/v7e-m+fp/hard/libc_nano.a(lib_a-mlock.o)
 .data          0x00000000200083ac        0x0 /Users/mbrattlof/GitHub/TinyTimber/gcc-arm-none-eabi-8-2018-q4-major/bin/../lib/gcc/arm-none-eabi/8.2.1/../../../../arm-none-eabi/lib/thumb/v7e-m+fp/hard/libc_nano.a(lib_a-nano-msizer.o)
 .data          0x00000000200083ac        0x0 /Users/mbrattlof/GitHub/TinyTimber/gcc-arm-none-eabi-8-2018-q4-major/bin/../lib/gcc/arm-none-eabi/8.2.1/../../../../arm-none-eabi/lib/thumb/v7e-m+fp/hard/libc_nano.a(lib_a-reent.o)
 .data          0x00000000200083ac        0x0 /Users/mbrattlof/GitHub/TinyTimber/gcc-arm-none-eabi-8-2018-q4-major/bin/../lib/gcc/arm-none-eabi/8.2.1/../../../../arm-none-eabi/lib/thumb/v7e-m+fp/hard/libc_nano.a(lib_a-lock.o)
 *(.data.*)
 .data._impure_ptr
                0x00000000200083ac        0x4 /Users/mbrattlof/GitHub/TinyTimber/gcc-arm-none-eabi-8-2018-q4-major/bin/../lib/gcc/arm-none-eabi/8.2.1/../../../../arm-none-eabi/lib/thumb/v7e-m+fp/hard/libc_nano.a(lib_a-impure.o)
                0x00000000200083ac                _impure_ptr
 .data.impure_data
                0x00000000200083b0       0x60 /Users/mbrattlof/GitHub/TinyTimber/gcc-arm-none-eabi-8-2018-q4-major/bin/../lib/gcc/arm-none-eabi/8.2.1/../../../../arm-none-eabi/lib/thumb/v7e-m+fp/hard/libc_nano.a(lib_a-impure.o)
                0x0000000020008410                . = ALIGN (0x4)

.igot.plt       0x0000000020008410        0x0
 .igot.plt      0x0000000020008410        0x0 ./Debug/driver_src_stm32f4xx_can.c.o

.bss            0x0000000020008410     0x8498
                0x0000000020008410                . = ALIGN (0x4)
                0x0000000020008410                _sbss = .
 *(.bss)
 .bss           0x0000000020008410        0x0 ./Debug/driver_src_stm32f4xx_can.c.o
 .bss           0x0000000020008410        0x0 ./Debug/driver_src_stm32f4xx_gpio.c.o
 .bss           0x0000000020008410        0x0 ./Debug/driver_src_stm32f4xx_usart.c.o
 .bss           0x0000000020008410        0x0 ./Debug/driver_src_stm32f4xx_exti.c.o
 .bss           0x0000000020008410        0x0 ./Debug/canTinyTimber.c.o
 .bss           0x0000000020008410        0x0 ./Debug/driver_src_stm32f4xx_rcc.c.o
 .bss           0x0000000020008410        0x0 ./Debug/sciTinyTimber.c.o
 .bss           0x0000000020008410        0x0 ./Debug/startup.c.o
 .bss           0x0000000020008410       0x18 ./Debug/TinyTimber.c.o
                0x0000000020008410                doIRQSchedule
                0x0000000020008414                msgQ
                0x0000000020008418                timerQ
                0x000000002000841c                runAsHardware
                0x0000000020008420                timestamp
                0x0000000020008424                overflows
 .bss           0x0000000020008428        0x0 ./Debug/dispatch.s.o
 .bss           0x0000000020008428      0x110 ./Debug/application.c.o
                0x0000000020008428                app
                0x00000000200084dc                btn
                0x00000000200084fc                circbuff
 .bss           0x0000000020008538        0x0 ./Debug/driver_src_stm32f4xx_tim.c.o
 .bss           0x0000000020008538        0x0 ./Debug/sioTinyTimber.c.o
 .bss           0x0000000020008538        0x0 ./Debug/buffer.c.o
 .bss           0x0000000020008538        0x0 /Users/mbrattlof/GitHub/TinyTimber/gcc-arm-none-eabi-8-2018-q4-major/bin/../lib/gcc/arm-none-eabi/8.2.1/../../../../arm-none-eabi/lib/thumb/v7e-m+fp/hard/libc_nano.a(lib_a-atoi.o)
 .bss           0x0000000020008538        0x0 /Users/mbrattlof/GitHub/TinyTimber/gcc-arm-none-eabi-8-2018-q4-major/bin/../lib/gcc/arm-none-eabi/8.2.1/../../../../arm-none-eabi/lib/thumb/v7e-m+fp/hard/libc_nano.a(lib_a-snprintf.o)
 .bss           0x0000000020008538        0x0 /Users/mbrattlof/GitHub/TinyTimber/gcc-arm-none-eabi-8-2018-q4-major/bin/../lib/gcc/arm-none-eabi/8.2.1/../../../../arm-none-eabi/lib/thumb/v7e-m+fp/hard/libc_nano.a(lib_a-strtol.o)
 .bss           0x0000000020008538        0x0 /Users/mbrattlof/GitHub/TinyTimber/gcc-arm-none-eabi-8-2018-q4-major/bin/../lib/gcc/arm-none-eabi/8.2.1/../../../../arm-none-eabi/lib/thumb/v7e-m+fp/hard/libc_nano.a(lib_a-ctype_.o)
 .bss           0x0000000020008538        0x0 /Users/mbrattlof/GitHub/TinyTimber/gcc-arm-none-eabi-8-2018-q4-major/bin/../lib/gcc/arm-none-eabi/8.2.1/../../../../arm-none-eabi/lib/thumb/v7e-m+fp/hard/libc_nano.a(lib_a-impure.o)
 .bss           0x0000000020008538        0x0 /Users/mbrattlof/GitHub/TinyTimber/gcc-arm-none-eabi-8-2018-q4-major/bin/../lib/gcc/arm-none-eabi/8.2.1/../../../../arm-none-eabi/lib/thumb/v7e-m+fp/hard/libc_nano.a(lib_a-nano-svfprintf.o)
 .bss           0x0000000020008538        0x0 /Users/mbrattlof/GitHub/TinyTimber/gcc-arm-none-eabi-8-2018-q4-major/bin/../lib/gcc/arm-none-eabi/8.2.1/../../../../arm-none-eabi/lib/thumb/v7e-m+fp/hard/libc_nano.a(lib_a-nano-vfprintf_i.o)
 .bss           0x0000000020008538        0x0 /Users/mbrattlof/GitHub/TinyTimber/gcc-arm-none-eabi-8-2018-q4-major/bin/../lib/gcc/arm-none-eabi/8.2.1/../../../../arm-none-eabi/lib/thumb/v7e-m+fp/hard/libc_nano.a(lib_a-memchr.o)
 .bss           0x0000000020008538        0x0 /Users/mbrattlof/GitHub/TinyTimber/gcc-arm-none-eabi-8-2018-q4-major/bin/../lib/gcc/arm-none-eabi/8.2.1/../../../../arm-none-eabi/lib/thumb/v7e-m+fp/hard/libc_nano.a(lib_a-memcpy-stub.o)
 .bss           0x0000000020008538        0x0 /Users/mbrattlof/GitHub/TinyTimber/gcc-arm-none-eabi-8-2018-q4-major/bin/../lib/gcc/arm-none-eabi/8.2.1/../../../../arm-none-eabi/lib/thumb/v7e-m+fp/hard/libc_nano.a(lib_a-memmove.o)
 .bss           0x0000000020008538        0x0 /Users/mbrattlof/GitHub/TinyTimber/gcc-arm-none-eabi-8-2018-q4-major/bin/../lib/gcc/arm-none-eabi/8.2.1/../../../../arm-none-eabi/lib/thumb/v7e-m+fp/hard/libc_nano.a(lib_a-nano-freer.o)
 .bss           0x0000000020008538        0x0 /Users/mbrattlof/GitHub/TinyTimber/gcc-arm-none-eabi-8-2018-q4-major/bin/../lib/gcc/arm-none-eabi/8.2.1/../../../../arm-none-eabi/lib/thumb/v7e-m+fp/hard/libc_nano.a(lib_a-nano-mallocr.o)
 .bss           0x0000000020008538        0x0 /Users/mbrattlof/GitHub/TinyTimber/gcc-arm-none-eabi-8-2018-q4-major/bin/../lib/gcc/arm-none-eabi/8.2.1/../../../../arm-none-eabi/lib/thumb/v7e-m+fp/hard/libc_nano.a(lib_a-nano-reallocr.o)
 .bss           0x0000000020008538        0x0 /Users/mbrattlof/GitHub/TinyTimber/gcc-arm-none-eabi-8-2018-q4-major/bin/../lib/gcc/arm-none-eabi/8.2.1/../../../../arm-none-eabi/lib/thumb/v7e-m+fp/hard/libc_nano.a(lib_a-sbrkr.o)
 .bss           0x0000000020008538        0x0 /Users/mbrattlof/GitHub/TinyTimber/gcc-arm-none-eabi-8-2018-q4-major/bin/../lib/gcc/arm-none-eabi/8.2.1/../../../../arm-none-eabi/lib/thumb/v7e-m+fp/hard/libc_nano.a(lib_a-mlock.o)
 .bss           0x0000000020008538        0x0 /Users/mbrattlof/GitHub/TinyTimber/gcc-arm-none-eabi-8-2018-q4-major/bin/../lib/gcc/arm-none-eabi/8.2.1/../../../../arm-none-eabi/lib/thumb/v7e-m+fp/hard/libc_nano.a(lib_a-nano-msizer.o)
 .bss           0x0000000020008538        0x0 /Users/mbrattlof/GitHub/TinyTimber/gcc-arm-none-eabi-8-2018-q4-major/bin/../lib/gcc/arm-none-eabi/8.2.1/../../../../arm-none-eabi/lib/thumb/v7e-m+fp/hard/libc_nano.a(lib_a-reent.o)
 .bss           0x0000000020008538        0x0 /Users/mbrattlof/GitHub/TinyTimber/gcc-arm-none-eabi-8-2018-q4-major/bin/../lib/gcc/arm-none-eabi/8.2.1/../../../../arm-none-eabi/lib/thumb/v7e-m+fp/hard/libc_nano.a(lib_a-lock.o)
 *(.bss.*)
 .bss.__malloc_free_list
                0x0000000020008538        0x4 /Users/mbrattlof/GitHub/TinyTimber/gcc-arm-none-eabi-8-2018-q4-major/bin/../lib/gcc/arm-none-eabi/8.2.1/../../../../arm-none-eabi/lib/thumb/v7e-m+fp/hard/libc_nano.a(lib_a-nano-mallocr.o)
                0x0000000020008538                __malloc_free_list
 .bss.__malloc_sbrk_start
                0x000000002000853c        0x4 /Users/mbrattlof/GitHub/TinyTimber/gcc-arm-none-eabi-8-2018-q4-major/bin/../lib/gcc/arm-none-eabi/8.2.1/../../../../arm-none-eabi/lib/thumb/v7e-m+fp/hard/libc_nano.a(lib_a-nano-mallocr.o)
                0x000000002000853c                __malloc_sbrk_start
 *(COMMON)
 COMMON         0x0000000020008540        0x0 ./Debug/canTinyTimber.c.o
 COMMON         0x0000000020008540     0x8358 ./Debug/TinyTimber.c.o
                0x0000000020008540                otable
                0x000000002000854c                upcoming
                0x0000000020008550                threads
                0x00000000200085a0                mtable
                0x00000000200085ac                thread0
                0x00000000200085c0                messages
                0x0000000020008890                __heap_end
                0x0000000020008898                stacks
 COMMON         0x0000000020010898        0x4 /Users/mbrattlof/GitHub/TinyTimber/gcc-arm-none-eabi-8-2018-q4-major/bin/../lib/gcc/arm-none-eabi/8.2.1/../../../../arm-none-eabi/lib/thumb/v7e-m+fp/hard/libc_nano.a(lib_a-reent.o)
                0x0000000020010898                errno
 COMMON         0x000000002001089c        0x9 /Users/mbrattlof/GitHub/TinyTimber/gcc-arm-none-eabi-8-2018-q4-major/bin/../lib/gcc/arm-none-eabi/8.2.1/../../../../arm-none-eabi/lib/thumb/v7e-m+fp/hard/libc_nano.a(lib_a-lock.o)
                0x000000002001089c                __lock___atexit_recursive_mutex
                0x000000002001089d                __lock___arc4random_mutex
                0x000000002001089e                __lock___env_recursive_mutex
                0x000000002001089f                __lock___sinit_recursive_mutex
                0x00000000200108a0                __lock___malloc_recursive_mutex
                0x00000000200108a1                __lock___at_quick_exit_mutex
                0x00000000200108a2                __lock___dd_hash_mutex
                0x00000000200108a3                __lock___tz_mutex
                0x00000000200108a4                __lock___sfp_recursive_mutex
                0x00000000200108a8                . = ALIGN (0x4)
 *fill*         0x00000000200108a5        0x3 
                0x00000000200108a8                _ebss = .
                0x00000000200108a8                PROVIDE (end = _ebss)
                [!provide]                        PROVIDE (_end = _ebss)
OUTPUT(./Debug/RTS-Lab.elf elf32-littlearm)

.debug_info     0x0000000000000000     0xa65e
 .debug_info    0x0000000000000000      0xc60 ./Debug/driver_src_stm32f4xx_can.c.o
 .debug_info    0x0000000000000c60      0x67f ./Debug/driver_src_stm32f4xx_gpio.c.o
 .debug_info    0x00000000000012df      0xa68 ./Debug/driver_src_stm32f4xx_usart.c.o
 .debug_info    0x0000000000001d47      0x383 ./Debug/driver_src_stm32f4xx_exti.c.o
 .debug_info    0x00000000000020ca      0xdd6 ./Debug/canTinyTimber.c.o
 .debug_info    0x0000000000002ea0      0xef4 ./Debug/driver_src_stm32f4xx_rcc.c.o
 .debug_info    0x0000000000003d94      0x9d7 ./Debug/sciTinyTimber.c.o
 .debug_info    0x000000000000476b      0x3f8 ./Debug/startup.c.o
 .debug_info    0x0000000000004b63     0x18b9 ./Debug/TinyTimber.c.o
 .debug_info    0x000000000000641c     0x18bf ./Debug/application.c.o
 .debug_info    0x0000000000007cdb     0x1e26 ./Debug/driver_src_stm32f4xx_tim.c.o
 .debug_info    0x0000000000009b01      0x961 ./Debug/sioTinyTimber.c.o
 .debug_info    0x000000000000a462      0x1fc ./Debug/buffer.c.o

.debug_abbrev   0x0000000000000000     0x1e14
 .debug_abbrev  0x0000000000000000      0x238 ./Debug/driver_src_stm32f4xx_can.c.o
 .debug_abbrev  0x0000000000000238      0x1e6 ./Debug/driver_src_stm32f4xx_gpio.c.o
 .debug_abbrev  0x000000000000041e      0x1a8 ./Debug/driver_src_stm32f4xx_usart.c.o
 .debug_abbrev  0x00000000000005c6      0x1ea ./Debug/driver_src_stm32f4xx_exti.c.o
 .debug_abbrev  0x00000000000007b0      0x28a ./Debug/canTinyTimber.c.o
 .debug_abbrev  0x0000000000000a3a      0x1f9 ./Debug/driver_src_stm32f4xx_rcc.c.o
 .debug_abbrev  0x0000000000000c33      0x286 ./Debug/sciTinyTimber.c.o
 .debug_abbrev  0x0000000000000eb9      0x1ca ./Debug/startup.c.o
 .debug_abbrev  0x0000000000001083      0x4e3 ./Debug/TinyTimber.c.o
 .debug_abbrev  0x0000000000001566      0x363 ./Debug/application.c.o
 .debug_abbrev  0x00000000000018c9      0x1c2 ./Debug/driver_src_stm32f4xx_tim.c.o
 .debug_abbrev  0x0000000000001a8b      0x256 ./Debug/sioTinyTimber.c.o
 .debug_abbrev  0x0000000000001ce1      0x133 ./Debug/buffer.c.o

.debug_aranges  0x0000000000000000      0x1a8
 .debug_aranges
                0x0000000000000000       0x20 ./Debug/driver_src_stm32f4xx_can.c.o
 .debug_aranges
                0x0000000000000020       0x20 ./Debug/driver_src_stm32f4xx_gpio.c.o
 .debug_aranges
                0x0000000000000040       0x20 ./Debug/driver_src_stm32f4xx_usart.c.o
 .debug_aranges
                0x0000000000000060       0x20 ./Debug/driver_src_stm32f4xx_exti.c.o
 .debug_aranges
                0x0000000000000080       0x20 ./Debug/canTinyTimber.c.o
 .debug_aranges
                0x00000000000000a0       0x20 ./Debug/driver_src_stm32f4xx_rcc.c.o
 .debug_aranges
                0x00000000000000c0       0x20 ./Debug/sciTinyTimber.c.o
 .debug_aranges
                0x00000000000000e0       0x28 ./Debug/startup.c.o
 .debug_aranges
                0x0000000000000108       0x20 ./Debug/TinyTimber.c.o
 .debug_aranges
                0x0000000000000128       0x20 ./Debug/application.c.o
 .debug_aranges
                0x0000000000000148       0x20 ./Debug/driver_src_stm32f4xx_tim.c.o
 .debug_aranges
                0x0000000000000168       0x20 ./Debug/sioTinyTimber.c.o
 .debug_aranges
                0x0000000000000188       0x20 ./Debug/buffer.c.o

.debug_line     0x0000000000000000     0x52e0
 .debug_line    0x0000000000000000      0x9ef ./Debug/driver_src_stm32f4xx_can.c.o
 .debug_line    0x00000000000009ef      0x536 ./Debug/driver_src_stm32f4xx_gpio.c.o
 .debug_line    0x0000000000000f25      0x698 ./Debug/driver_src_stm32f4xx_usart.c.o
 .debug_line    0x00000000000015bd      0x405 ./Debug/driver_src_stm32f4xx_exti.c.o
 .debug_line    0x00000000000019c2      0x53e ./Debug/canTinyTimber.c.o
 .debug_line    0x0000000000001f00      0x88e ./Debug/driver_src_stm32f4xx_rcc.c.o
 .debug_line    0x000000000000278e      0x389 ./Debug/sciTinyTimber.c.o
 .debug_line    0x0000000000002b17      0x2af ./Debug/startup.c.o
 .debug_line    0x0000000000002dc6      0xbd2 ./Debug/TinyTimber.c.o
 .debug_line    0x0000000000003998      0x662 ./Debug/application.c.o
 .debug_line    0x0000000000003ffa      0xcab ./Debug/driver_src_stm32f4xx_tim.c.o
 .debug_line    0x0000000000004ca5      0x396 ./Debug/sioTinyTimber.c.o
 .debug_line    0x000000000000503b      0x2a5 ./Debug/buffer.c.o

.debug_str      0x0000000000000000     0x3871
 .debug_str     0x0000000000000000      0x772 ./Debug/driver_src_stm32f4xx_can.c.o
                                        0x81c (size before relaxing)
 .debug_str     0x0000000000000772      0x370 ./Debug/driver_src_stm32f4xx_gpio.c.o
                                        0x581 (size before relaxing)
 .debug_str     0x0000000000000ae2      0x4e2 ./Debug/driver_src_stm32f4xx_usart.c.o
                                        0x76d (size before relaxing)
 .debug_str     0x0000000000000fc4      0x215 ./Debug/driver_src_stm32f4xx_exti.c.o
                                        0x42a (size before relaxing)
 .debug_str     0x00000000000011d9      0x70e ./Debug/canTinyTimber.c.o
                                        0xafe (size before relaxing)
 .debug_str     0x00000000000018e7      0x770 ./Debug/driver_src_stm32f4xx_rcc.c.o
                                        0xa73 (size before relaxing)
 .debug_str     0x0000000000002057       0xc1 ./Debug/sciTinyTimber.c.o
                                        0x951 (size before relaxing)
 .debug_str     0x0000000000002118       0xf1 ./Debug/startup.c.o
                                        0x347 (size before relaxing)
 .debug_str     0x0000000000002209      0x450 ./Debug/TinyTimber.c.o
                                        0xd42 (size before relaxing)
 .debug_str     0x0000000000002659      0x610 ./Debug/application.c.o
                                        0xa81 (size before relaxing)
 .debug_str     0x0000000000002c69      0xace ./Debug/driver_src_stm32f4xx_tim.c.o
                                        0xeae (size before relaxing)
 .debug_str     0x0000000000003737       0xbb ./Debug/sioTinyTimber.c.o
                                        0x95b (size before relaxing)
 .debug_str     0x00000000000037f2       0x7f ./Debug/buffer.c.o
                                        0x2ad (size before relaxing)

.comment        0x0000000000000000       0x75
 .comment       0x0000000000000000       0x75 ./Debug/driver_src_stm32f4xx_can.c.o
                                         0x76 (size before relaxing)
 .comment       0x0000000000000075       0x76 ./Debug/driver_src_stm32f4xx_gpio.c.o
 .comment       0x0000000000000075       0x76 ./Debug/driver_src_stm32f4xx_usart.c.o
 .comment       0x0000000000000075       0x76 ./Debug/driver_src_stm32f4xx_exti.c.o
 .comment       0x0000000000000075       0x76 ./Debug/canTinyTimber.c.o
 .comment       0x0000000000000075       0x76 ./Debug/driver_src_stm32f4xx_rcc.c.o
 .comment       0x0000000000000075       0x76 ./Debug/sciTinyTimber.c.o
 .comment       0x0000000000000075       0x76 ./Debug/startup.c.o
 .comment       0x0000000000000075       0x76 ./Debug/TinyTimber.c.o
 .comment       0x0000000000000075       0x76 ./Debug/application.c.o
 .comment       0x0000000000000075       0x76 ./Debug/driver_src_stm32f4xx_tim.c.o
 .comment       0x0000000000000075       0x76 ./Debug/sioTinyTimber.c.o
 .comment       0x0000000000000075       0x76 ./Debug/buffer.c.o

.ARM.attributes
                0x0000000000000000       0x32
 .ARM.attributes
                0x0000000000000000       0x34 ./Debug/driver_src_stm32f4xx_can.c.o
 .ARM.attributes
                0x0000000000000034       0x34 ./Debug/driver_src_stm32f4xx_gpio.c.o
 .ARM.attributes
                0x0000000000000068       0x34 ./Debug/driver_src_stm32f4xx_usart.c.o
 .ARM.attributes
                0x000000000000009c       0x34 ./Debug/driver_src_stm32f4xx_exti.c.o
 .ARM.attributes
                0x00000000000000d0       0x34 ./Debug/canTinyTimber.c.o
 .ARM.attributes
                0x0000000000000104       0x34 ./Debug/driver_src_stm32f4xx_rcc.c.o
 .ARM.attributes
                0x0000000000000138       0x34 ./Debug/sciTinyTimber.c.o
 .ARM.attributes
                0x000000000000016c       0x34 ./Debug/startup.c.o
 .ARM.attributes
                0x00000000000001a0       0x34 ./Debug/TinyTimber.c.o
 .ARM.attributes
                0x00000000000001d4       0x25 ./Debug/dispatch.s.o
 .ARM.attributes
                0x00000000000001f9       0x34 ./Debug/application.c.o
 .ARM.attributes
                0x000000000000022d       0x34 ./Debug/driver_src_stm32f4xx_tim.c.o
 .ARM.attributes
                0x0000000000000261       0x34 ./Debug/sioTinyTimber.c.o
 .ARM.attributes
                0x0000000000000295       0x34 ./Debug/buffer.c.o
 .ARM.attributes
                0x00000000000002c9       0x34 /Users/mbrattlof/GitHub/TinyTimber/gcc-arm-none-eabi-8-2018-q4-major/bin/../lib/gcc/arm-none-eabi/8.2.1/../../../../arm-none-eabi/lib/thumb/v7e-m+fp/hard/libc_nano.a(lib_a-atoi.o)
 .ARM.attributes
                0x00000000000002fd       0x34 /Users/mbrattlof/GitHub/TinyTimber/gcc-arm-none-eabi-8-2018-q4-major/bin/../lib/gcc/arm-none-eabi/8.2.1/../../../../arm-none-eabi/lib/thumb/v7e-m+fp/hard/libc_nano.a(lib_a-snprintf.o)
 .ARM.attributes
                0x0000000000000331       0x34 /Users/mbrattlof/GitHub/TinyTimber/gcc-arm-none-eabi-8-2018-q4-major/bin/../lib/gcc/arm-none-eabi/8.2.1/../../../../arm-none-eabi/lib/thumb/v7e-m+fp/hard/libc_nano.a(lib_a-strtol.o)
 .ARM.attributes
                0x0000000000000365       0x32 /Users/mbrattlof/GitHub/TinyTimber/gcc-arm-none-eabi-8-2018-q4-major/bin/../lib/gcc/arm-none-eabi/8.2.1/../../../../arm-none-eabi/lib/thumb/v7e-m+fp/hard/libc_nano.a(lib_a-ctype_.o)
 .ARM.attributes
                0x0000000000000397       0x32 /Users/mbrattlof/GitHub/TinyTimber/gcc-arm-none-eabi-8-2018-q4-major/bin/../lib/gcc/arm-none-eabi/8.2.1/../../../../arm-none-eabi/lib/thumb/v7e-m+fp/hard/libc_nano.a(lib_a-impure.o)
 .ARM.attributes
                0x00000000000003c9       0x34 /Users/mbrattlof/GitHub/TinyTimber/gcc-arm-none-eabi-8-2018-q4-major/bin/../lib/gcc/arm-none-eabi/8.2.1/../../../../arm-none-eabi/lib/thumb/v7e-m+fp/hard/libc_nano.a(lib_a-nano-svfprintf.o)
 .ARM.attributes
                0x00000000000003fd       0x34 /Users/mbrattlof/GitHub/TinyTimber/gcc-arm-none-eabi-8-2018-q4-major/bin/../lib/gcc/arm-none-eabi/8.2.1/../../../../arm-none-eabi/lib/thumb/v7e-m+fp/hard/libc_nano.a(lib_a-nano-vfprintf_i.o)
 .ARM.attributes
                0x0000000000000431       0x1c /Users/mbrattlof/GitHub/TinyTimber/gcc-arm-none-eabi-8-2018-q4-major/bin/../lib/gcc/arm-none-eabi/8.2.1/../../../../arm-none-eabi/lib/thumb/v7e-m+fp/hard/libc_nano.a(lib_a-memchr.o)
 .ARM.attributes
                0x000000000000044d       0x34 /Users/mbrattlof/GitHub/TinyTimber/gcc-arm-none-eabi-8-2018-q4-major/bin/../lib/gcc/arm-none-eabi/8.2.1/../../../../arm-none-eabi/lib/thumb/v7e-m+fp/hard/libc_nano.a(lib_a-memcpy-stub.o)
 .ARM.attributes
                0x0000000000000481       0x34 /Users/mbrattlof/GitHub/TinyTimber/gcc-arm-none-eabi-8-2018-q4-major/bin/../lib/gcc/arm-none-eabi/8.2.1/../../../../arm-none-eabi/lib/thumb/v7e-m+fp/hard/libc_nano.a(lib_a-memmove.o)
 .ARM.attributes
                0x00000000000004b5       0x34 /Users/mbrattlof/GitHub/TinyTimber/gcc-arm-none-eabi-8-2018-q4-major/bin/../lib/gcc/arm-none-eabi/8.2.1/../../../../arm-none-eabi/lib/thumb/v7e-m+fp/hard/libc_nano.a(lib_a-nano-freer.o)
 .ARM.attributes
                0x00000000000004e9       0x34 /Users/mbrattlof/GitHub/TinyTimber/gcc-arm-none-eabi-8-2018-q4-major/bin/../lib/gcc/arm-none-eabi/8.2.1/../../../../arm-none-eabi/lib/thumb/v7e-m+fp/hard/libc_nano.a(lib_a-nano-mallocr.o)
 .ARM.attributes
                0x000000000000051d       0x34 /Users/mbrattlof/GitHub/TinyTimber/gcc-arm-none-eabi-8-2018-q4-major/bin/../lib/gcc/arm-none-eabi/8.2.1/../../../../arm-none-eabi/lib/thumb/v7e-m+fp/hard/libc_nano.a(lib_a-nano-reallocr.o)
 .ARM.attributes
                0x0000000000000551       0x34 /Users/mbrattlof/GitHub/TinyTimber/gcc-arm-none-eabi-8-2018-q4-major/bin/../lib/gcc/arm-none-eabi/8.2.1/../../../../arm-none-eabi/lib/thumb/v7e-m+fp/hard/libc_nano.a(lib_a-sbrkr.o)
 .ARM.attributes
                0x0000000000000585       0x34 /Users/mbrattlof/GitHub/TinyTimber/gcc-arm-none-eabi-8-2018-q4-major/bin/../lib/gcc/arm-none-eabi/8.2.1/../../../../arm-none-eabi/lib/thumb/v7e-m+fp/hard/libc_nano.a(lib_a-mlock.o)
 .ARM.attributes
                0x00000000000005b9       0x34 /Users/mbrattlof/GitHub/TinyTimber/gcc-arm-none-eabi-8-2018-q4-major/bin/../lib/gcc/arm-none-eabi/8.2.1/../../../../arm-none-eabi/lib/thumb/v7e-m+fp/hard/libc_nano.a(lib_a-nano-msizer.o)
 .ARM.attributes
                0x00000000000005ed       0x34 /Users/mbrattlof/GitHub/TinyTimber/gcc-arm-none-eabi-8-2018-q4-major/bin/../lib/gcc/arm-none-eabi/8.2.1/../../../../arm-none-eabi/lib/thumb/v7e-m+fp/hard/libc_nano.a(lib_a-reent.o)
 .ARM.attributes
                0x0000000000000621       0x34 /Users/mbrattlof/GitHub/TinyTimber/gcc-arm-none-eabi-8-2018-q4-major/bin/../lib/gcc/arm-none-eabi/8.2.1/../../../../arm-none-eabi/lib/thumb/v7e-m+fp/hard/libc_nano.a(lib_a-lock.o)

.debug_frame    0x0000000000000000     0x33a4
 .debug_frame   0x0000000000000000      0x3f4 ./Debug/driver_src_stm32f4xx_can.c.o
 .debug_frame   0x00000000000003f4      0x23c ./Debug/driver_src_stm32f4xx_gpio.c.o
 .debug_frame   0x0000000000000630      0x490 ./Debug/driver_src_stm32f4xx_usart.c.o
 .debug_frame   0x0000000000000ac0      0x148 ./Debug/driver_src_stm32f4xx_exti.c.o
 .debug_frame   0x0000000000000c08      0x100 ./Debug/canTinyTimber.c.o
 .debug_frame   0x0000000000000d08      0x814 ./Debug/driver_src_stm32f4xx_rcc.c.o
 .debug_frame   0x000000000000151c      0x11c ./Debug/sciTinyTimber.c.o
 .debug_frame   0x0000000000001638       0xa4 ./Debug/startup.c.o
 .debug_frame   0x00000000000016dc      0x5a4 ./Debug/TinyTimber.c.o
 .debug_frame   0x0000000000001c80      0x2e0 ./Debug/application.c.o
 .debug_frame   0x0000000000001f60      0xe54 ./Debug/driver_src_stm32f4xx_tim.c.o
 .debug_frame   0x0000000000002db4      0x114 ./Debug/sioTinyTimber.c.o
 .debug_frame   0x0000000000002ec8       0x60 ./Debug/buffer.c.o
 .debug_frame   0x0000000000002f28       0x30 /Users/mbrattlof/GitHub/TinyTimber/gcc-arm-none-eabi-8-2018-q4-major/bin/../lib/gcc/arm-none-eabi/8.2.1/../../../../arm-none-eabi/lib/thumb/v7e-m+fp/hard/libc_nano.a(lib_a-atoi.o)
 .debug_frame   0x0000000000002f58       0x7c /Users/mbrattlof/GitHub/TinyTimber/gcc-arm-none-eabi-8-2018-q4-major/bin/../lib/gcc/arm-none-eabi/8.2.1/../../../../arm-none-eabi/lib/thumb/v7e-m+fp/hard/libc_nano.a(lib_a-snprintf.o)
 .debug_frame   0x0000000000002fd4       0x64 /Users/mbrattlof/GitHub/TinyTimber/gcc-arm-none-eabi-8-2018-q4-major/bin/../lib/gcc/arm-none-eabi/8.2.1/../../../../arm-none-eabi/lib/thumb/v7e-m+fp/hard/libc_nano.a(lib_a-strtol.o)
 .debug_frame   0x0000000000003038       0x90 /Users/mbrattlof/GitHub/TinyTimber/gcc-arm-none-eabi-8-2018-q4-major/bin/../lib/gcc/arm-none-eabi/8.2.1/../../../../arm-none-eabi/lib/thumb/v7e-m+fp/hard/libc_nano.a(lib_a-nano-svfprintf.o)
 .debug_frame   0x00000000000030c8       0x60 /Users/mbrattlof/GitHub/TinyTimber/gcc-arm-none-eabi-8-2018-q4-major/bin/../lib/gcc/arm-none-eabi/8.2.1/../../../../arm-none-eabi/lib/thumb/v7e-m+fp/hard/libc_nano.a(lib_a-nano-vfprintf_i.o)
 .debug_frame   0x0000000000003128       0x28 /Users/mbrattlof/GitHub/TinyTimber/gcc-arm-none-eabi-8-2018-q4-major/bin/../lib/gcc/arm-none-eabi/8.2.1/../../../../arm-none-eabi/lib/thumb/v7e-m+fp/hard/libc_nano.a(lib_a-memcpy-stub.o)
 .debug_frame   0x0000000000003150       0x28 /Users/mbrattlof/GitHub/TinyTimber/gcc-arm-none-eabi-8-2018-q4-major/bin/../lib/gcc/arm-none-eabi/8.2.1/../../../../arm-none-eabi/lib/thumb/v7e-m+fp/hard/libc_nano.a(lib_a-memmove.o)
 .debug_frame   0x0000000000003178       0x38 /Users/mbrattlof/GitHub/TinyTimber/gcc-arm-none-eabi-8-2018-q4-major/bin/../lib/gcc/arm-none-eabi/8.2.1/../../../../arm-none-eabi/lib/thumb/v7e-m+fp/hard/libc_nano.a(lib_a-nano-freer.o)
 .debug_frame   0x00000000000031b0       0x30 /Users/mbrattlof/GitHub/TinyTimber/gcc-arm-none-eabi-8-2018-q4-major/bin/../lib/gcc/arm-none-eabi/8.2.1/../../../../arm-none-eabi/lib/thumb/v7e-m+fp/hard/libc_nano.a(lib_a-nano-mallocr.o)
 .debug_frame   0x00000000000031e0       0x3c /Users/mbrattlof/GitHub/TinyTimber/gcc-arm-none-eabi-8-2018-q4-major/bin/../lib/gcc/arm-none-eabi/8.2.1/../../../../arm-none-eabi/lib/thumb/v7e-m+fp/hard/libc_nano.a(lib_a-nano-reallocr.o)
 .debug_frame   0x000000000000321c       0x2c /Users/mbrattlof/GitHub/TinyTimber/gcc-arm-none-eabi-8-2018-q4-major/bin/../lib/gcc/arm-none-eabi/8.2.1/../../../../arm-none-eabi/lib/thumb/v7e-m+fp/hard/libc_nano.a(lib_a-sbrkr.o)
 .debug_frame   0x0000000000003248       0x30 /Users/mbrattlof/GitHub/TinyTimber/gcc-arm-none-eabi-8-2018-q4-major/bin/../lib/gcc/arm-none-eabi/8.2.1/../../../../arm-none-eabi/lib/thumb/v7e-m+fp/hard/libc_nano.a(lib_a-mlock.o)
 .debug_frame   0x0000000000003278       0x20 /Users/mbrattlof/GitHub/TinyTimber/gcc-arm-none-eabi-8-2018-q4-major/bin/../lib/gcc/arm-none-eabi/8.2.1/../../../../arm-none-eabi/lib/thumb/v7e-m+fp/hard/libc_nano.a(lib_a-nano-msizer.o)
 .debug_frame   0x0000000000003298       0x5c /Users/mbrattlof/GitHub/TinyTimber/gcc-arm-none-eabi-8-2018-q4-major/bin/../lib/gcc/arm-none-eabi/8.2.1/../../../../arm-none-eabi/lib/thumb/v7e-m+fp/hard/libc_nano.a(lib_a-reent.o)
 .debug_frame   0x00000000000032f4       0xb0 /Users/mbrattlof/GitHub/TinyTimber/gcc-arm-none-eabi-8-2018-q4-major/bin/../lib/gcc/arm-none-eabi/8.2.1/../../../../arm-none-eabi/lib/thumb/v7e-m+fp/hard/libc_nano.a(lib_a-lock.o)

.debug_ranges   0x0000000000000000       0x30
 .debug_ranges  0x0000000000000000       0x18 ./Debug/startup.c.o
 .debug_ranges  0x0000000000000018       0x18 ./Debug/application.c.o

Cross Reference Table

Symbol                                            File
ABORT                                             ./Debug/TinyTimber.c.o
CAN_CancelTransmit                                ./Debug/driver_src_stm32f4xx_can.c.o
CAN_ClearFlag                                     ./Debug/driver_src_stm32f4xx_can.c.o
CAN_ClearITPendingBit                             ./Debug/driver_src_stm32f4xx_can.c.o
CAN_DBGFreeze                                     ./Debug/driver_src_stm32f4xx_can.c.o
CAN_DeInit                                        ./Debug/driver_src_stm32f4xx_can.c.o
CAN_FIFORelease                                   ./Debug/driver_src_stm32f4xx_can.c.o
CAN_FilterInit                                    ./Debug/driver_src_stm32f4xx_can.c.o
CAN_GetFlagStatus                                 ./Debug/driver_src_stm32f4xx_can.c.o
                                                  ./Debug/canTinyTimber.c.o
CAN_GetITStatus                                   ./Debug/driver_src_stm32f4xx_can.c.o
CAN_GetLSBTransmitErrorCounter                    ./Debug/driver_src_stm32f4xx_can.c.o
CAN_GetLastErrorCode                              ./Debug/driver_src_stm32f4xx_can.c.o
CAN_GetReceiveErrorCounter                        ./Debug/driver_src_stm32f4xx_can.c.o
CAN_ITConfig                                      ./Debug/driver_src_stm32f4xx_can.c.o
                                                  ./Debug/canTinyTimber.c.o
CAN_Init                                          ./Debug/driver_src_stm32f4xx_can.c.o
                                                  ./Debug/canTinyTimber.c.o
CAN_MessagePending                                ./Debug/driver_src_stm32f4xx_can.c.o
CAN_OperatingModeRequest                          ./Debug/driver_src_stm32f4xx_can.c.o
CAN_Receive                                       ./Debug/driver_src_stm32f4xx_can.c.o
                                                  ./Debug/canTinyTimber.c.o
CAN_SlaveStartBank                                ./Debug/driver_src_stm32f4xx_can.c.o
CAN_Sleep                                         ./Debug/driver_src_stm32f4xx_can.c.o
CAN_StructInit                                    ./Debug/driver_src_stm32f4xx_can.c.o
                                                  ./Debug/canTinyTimber.c.o
CAN_TTComModeCmd                                  ./Debug/driver_src_stm32f4xx_can.c.o
CAN_Transmit                                      ./Debug/driver_src_stm32f4xx_can.c.o
                                                  ./Debug/canTinyTimber.c.o
CAN_TransmitStatus                                ./Debug/driver_src_stm32f4xx_can.c.o
CAN_WakeUp                                        ./Debug/driver_src_stm32f4xx_can.c.o
CURRENT_BASELINE                                  ./Debug/TinyTimber.c.o
                                                  ./Debug/application.c.o
CURRENT_OFFSET                                    ./Debug/TinyTimber.c.o
DAC_OUTPUT                                        ./Debug/application.c.o
DUMP                                              ./Debug/TinyTimber.c.o
                                                  ./Debug/sioTinyTimber.c.o
                                                  ./Debug/dispatch.s.o
                                                  ./Debug/startup.c.o
                                                  ./Debug/canTinyTimber.c.o
DUMPC                                             ./Debug/TinyTimber.c.o
DUMPD                                             ./Debug/TinyTimber.c.o
                                                  ./Debug/dispatch.s.o
DUMPH                                             ./Debug/TinyTimber.c.o
                                                  ./Debug/dispatch.s.o
EXTI_ClearFlag                                    ./Debug/driver_src_stm32f4xx_exti.c.o
EXTI_ClearITPendingBit                            ./Debug/driver_src_stm32f4xx_exti.c.o
                                                  ./Debug/sioTinyTimber.c.o
EXTI_DeInit                                       ./Debug/driver_src_stm32f4xx_exti.c.o
EXTI_GenerateSWInterrupt                          ./Debug/driver_src_stm32f4xx_exti.c.o
EXTI_GetFlagStatus                                ./Debug/driver_src_stm32f4xx_exti.c.o
EXTI_GetITStatus                                  ./Debug/driver_src_stm32f4xx_exti.c.o
                                                  ./Debug/sioTinyTimber.c.o
EXTI_Init                                         ./Debug/driver_src_stm32f4xx_exti.c.o
EXTI_StructInit                                   ./Debug/driver_src_stm32f4xx_exti.c.o
GPIO_DeInit                                       ./Debug/driver_src_stm32f4xx_gpio.c.o
GPIO_Init                                         ./Debug/driver_src_stm32f4xx_gpio.c.o
GPIO_PinAFConfig                                  ./Debug/driver_src_stm32f4xx_gpio.c.o
GPIO_PinLockConfig                                ./Debug/driver_src_stm32f4xx_gpio.c.o
GPIO_ReadInputData                                ./Debug/driver_src_stm32f4xx_gpio.c.o
GPIO_ReadInputDataBit                             ./Debug/driver_src_stm32f4xx_gpio.c.o
                                                  ./Debug/sioTinyTimber.c.o
GPIO_ReadOutputData                               ./Debug/driver_src_stm32f4xx_gpio.c.o
GPIO_ReadOutputDataBit                            ./Debug/driver_src_stm32f4xx_gpio.c.o
GPIO_ResetBits                                    ./Debug/driver_src_stm32f4xx_gpio.c.o
GPIO_SetBits                                      ./Debug/driver_src_stm32f4xx_gpio.c.o
GPIO_StructInit                                   ./Debug/driver_src_stm32f4xx_gpio.c.o
GPIO_ToggleBits                                   ./Debug/driver_src_stm32f4xx_gpio.c.o
                                                  ./Debug/sioTinyTimber.c.o
GPIO_Write                                        ./Debug/driver_src_stm32f4xx_gpio.c.o
GPIO_WriteBit                                     ./Debug/driver_src_stm32f4xx_gpio.c.o
                                                  ./Debug/sioTinyTimber.c.o
                                                  ./Debug/TinyTimber.c.o
LEADER                                            ./Debug/application.c.o
RCC_AHB1PeriphClockCmd                            ./Debug/driver_src_stm32f4xx_rcc.c.o
RCC_AHB1PeriphClockLPModeCmd                      ./Debug/driver_src_stm32f4xx_rcc.c.o
RCC_AHB1PeriphResetCmd                            ./Debug/driver_src_stm32f4xx_rcc.c.o
                                                  ./Debug/driver_src_stm32f4xx_gpio.c.o
RCC_AHB2PeriphClockCmd                            ./Debug/driver_src_stm32f4xx_rcc.c.o
RCC_AHB2PeriphClockLPModeCmd                      ./Debug/driver_src_stm32f4xx_rcc.c.o
RCC_AHB2PeriphResetCmd                            ./Debug/driver_src_stm32f4xx_rcc.c.o
RCC_AHB3PeriphClockCmd                            ./Debug/driver_src_stm32f4xx_rcc.c.o
RCC_AHB3PeriphClockLPModeCmd                      ./Debug/driver_src_stm32f4xx_rcc.c.o
RCC_AHB3PeriphResetCmd                            ./Debug/driver_src_stm32f4xx_rcc.c.o
RCC_APB1PeriphClockCmd                            ./Debug/driver_src_stm32f4xx_rcc.c.o
RCC_APB1PeriphClockLPModeCmd                      ./Debug/driver_src_stm32f4xx_rcc.c.o
RCC_APB1PeriphResetCmd                            ./Debug/driver_src_stm32f4xx_rcc.c.o
                                                  ./Debug/driver_src_stm32f4xx_tim.c.o
                                                  ./Debug/driver_src_stm32f4xx_usart.c.o
                                                  ./Debug/driver_src_stm32f4xx_can.c.o
RCC_APB2PeriphClockCmd                            ./Debug/driver_src_stm32f4xx_rcc.c.o
RCC_APB2PeriphClockLPModeCmd                      ./Debug/driver_src_stm32f4xx_rcc.c.o
RCC_APB2PeriphResetCmd                            ./Debug/driver_src_stm32f4xx_rcc.c.o
                                                  ./Debug/driver_src_stm32f4xx_tim.c.o
                                                  ./Debug/driver_src_stm32f4xx_usart.c.o
RCC_AdjustHSICalibrationValue                     ./Debug/driver_src_stm32f4xx_rcc.c.o
RCC_BackupResetCmd                                ./Debug/driver_src_stm32f4xx_rcc.c.o
RCC_ClearFlag                                     ./Debug/driver_src_stm32f4xx_rcc.c.o
RCC_ClearITPendingBit                             ./Debug/driver_src_stm32f4xx_rcc.c.o
RCC_ClockSecuritySystemCmd                        ./Debug/driver_src_stm32f4xx_rcc.c.o
RCC_DeInit                                        ./Debug/driver_src_stm32f4xx_rcc.c.o
RCC_GetClocksFreq                                 ./Debug/driver_src_stm32f4xx_rcc.c.o
                                                  ./Debug/driver_src_stm32f4xx_usart.c.o
RCC_GetFlagStatus                                 ./Debug/driver_src_stm32f4xx_rcc.c.o
RCC_GetITStatus                                   ./Debug/driver_src_stm32f4xx_rcc.c.o
RCC_GetSYSCLKSource                               ./Debug/driver_src_stm32f4xx_rcc.c.o
RCC_HCLKConfig                                    ./Debug/driver_src_stm32f4xx_rcc.c.o
RCC_HSEConfig                                     ./Debug/driver_src_stm32f4xx_rcc.c.o
RCC_HSICmd                                        ./Debug/driver_src_stm32f4xx_rcc.c.o
RCC_I2SCLKConfig                                  ./Debug/driver_src_stm32f4xx_rcc.c.o
RCC_ITConfig                                      ./Debug/driver_src_stm32f4xx_rcc.c.o
RCC_LSEConfig                                     ./Debug/driver_src_stm32f4xx_rcc.c.o
RCC_LSICmd                                        ./Debug/driver_src_stm32f4xx_rcc.c.o
RCC_LTDCCLKDivConfig                              ./Debug/driver_src_stm32f4xx_rcc.c.o
RCC_MCO1Config                                    ./Debug/driver_src_stm32f4xx_rcc.c.o
RCC_MCO2Config                                    ./Debug/driver_src_stm32f4xx_rcc.c.o
RCC_PCLK1Config                                   ./Debug/driver_src_stm32f4xx_rcc.c.o
RCC_PCLK2Config                                   ./Debug/driver_src_stm32f4xx_rcc.c.o
RCC_PLLCmd                                        ./Debug/driver_src_stm32f4xx_rcc.c.o
RCC_PLLConfig                                     ./Debug/driver_src_stm32f4xx_rcc.c.o
RCC_PLLI2SCmd                                     ./Debug/driver_src_stm32f4xx_rcc.c.o
RCC_PLLI2SConfig                                  ./Debug/driver_src_stm32f4xx_rcc.c.o
RCC_PLLSAICmd                                     ./Debug/driver_src_stm32f4xx_rcc.c.o
RCC_PLLSAIConfig                                  ./Debug/driver_src_stm32f4xx_rcc.c.o
RCC_RTCCLKCmd                                     ./Debug/driver_src_stm32f4xx_rcc.c.o
RCC_RTCCLKConfig                                  ./Debug/driver_src_stm32f4xx_rcc.c.o
RCC_SAIBlockACLKConfig                            ./Debug/driver_src_stm32f4xx_rcc.c.o
RCC_SAIBlockBCLKConfig                            ./Debug/driver_src_stm32f4xx_rcc.c.o
RCC_SAIPLLI2SClkDivConfig                         ./Debug/driver_src_stm32f4xx_rcc.c.o
RCC_SAIPLLSAIClkDivConfig                         ./Debug/driver_src_stm32f4xx_rcc.c.o
RCC_SYSCLKConfig                                  ./Debug/driver_src_stm32f4xx_rcc.c.o
RCC_TIMCLKPresConfig                              ./Debug/driver_src_stm32f4xx_rcc.c.o
RCC_WaitForHSEStartUp                             ./Debug/driver_src_stm32f4xx_rcc.c.o
SETPC                                             ./Debug/TinyTimber.c.o
SETSTACK                                          ./Debug/TinyTimber.c.o
TIMER_INIT                                        ./Debug/TinyTimber.c.o
TIM_ARRPreloadConfig                              ./Debug/driver_src_stm32f4xx_tim.c.o
TIM_BDTRConfig                                    ./Debug/driver_src_stm32f4xx_tim.c.o
TIM_BDTRStructInit                                ./Debug/driver_src_stm32f4xx_tim.c.o
TIM_CCPreloadControl                              ./Debug/driver_src_stm32f4xx_tim.c.o
TIM_CCxCmd                                        ./Debug/driver_src_stm32f4xx_tim.c.o
TIM_CCxNCmd                                       ./Debug/driver_src_stm32f4xx_tim.c.o
TIM_ClearFlag                                     ./Debug/driver_src_stm32f4xx_tim.c.o
TIM_ClearITPendingBit                             ./Debug/driver_src_stm32f4xx_tim.c.o
                                                  ./Debug/TinyTimber.c.o
TIM_ClearOC1Ref                                   ./Debug/driver_src_stm32f4xx_tim.c.o
TIM_ClearOC2Ref                                   ./Debug/driver_src_stm32f4xx_tim.c.o
TIM_ClearOC3Ref                                   ./Debug/driver_src_stm32f4xx_tim.c.o
TIM_ClearOC4Ref                                   ./Debug/driver_src_stm32f4xx_tim.c.o
TIM_Cmd                                           ./Debug/driver_src_stm32f4xx_tim.c.o
                                                  ./Debug/TinyTimber.c.o
TIM_CounterModeConfig                             ./Debug/driver_src_stm32f4xx_tim.c.o
TIM_CtrlPWMOutputs                                ./Debug/driver_src_stm32f4xx_tim.c.o
TIM_DMACmd                                        ./Debug/driver_src_stm32f4xx_tim.c.o
TIM_DMAConfig                                     ./Debug/driver_src_stm32f4xx_tim.c.o
TIM_DeInit                                        ./Debug/driver_src_stm32f4xx_tim.c.o
                                                  ./Debug/TinyTimber.c.o
TIM_ETRClockMode1Config                           ./Debug/driver_src_stm32f4xx_tim.c.o
TIM_ETRClockMode2Config                           ./Debug/driver_src_stm32f4xx_tim.c.o
TIM_ETRConfig                                     ./Debug/driver_src_stm32f4xx_tim.c.o
TIM_EncoderInterfaceConfig                        ./Debug/driver_src_stm32f4xx_tim.c.o
TIM_ForcedOC1Config                               ./Debug/driver_src_stm32f4xx_tim.c.o
TIM_ForcedOC2Config                               ./Debug/driver_src_stm32f4xx_tim.c.o
TIM_ForcedOC3Config                               ./Debug/driver_src_stm32f4xx_tim.c.o
TIM_ForcedOC4Config                               ./Debug/driver_src_stm32f4xx_tim.c.o
TIM_GenerateEvent                                 ./Debug/driver_src_stm32f4xx_tim.c.o
TIM_GetCapture1                                   ./Debug/driver_src_stm32f4xx_tim.c.o
TIM_GetCapture2                                   ./Debug/driver_src_stm32f4xx_tim.c.o
TIM_GetCapture3                                   ./Debug/driver_src_stm32f4xx_tim.c.o
TIM_GetCapture4                                   ./Debug/driver_src_stm32f4xx_tim.c.o
TIM_GetCounter                                    ./Debug/driver_src_stm32f4xx_tim.c.o
                                                  ./Debug/TinyTimber.c.o
TIM_GetFlagStatus                                 ./Debug/driver_src_stm32f4xx_tim.c.o
TIM_GetITStatus                                   ./Debug/driver_src_stm32f4xx_tim.c.o
TIM_GetPrescaler                                  ./Debug/driver_src_stm32f4xx_tim.c.o
TIM_ICInit                                        ./Debug/driver_src_stm32f4xx_tim.c.o
TIM_ICStructInit                                  ./Debug/driver_src_stm32f4xx_tim.c.o
TIM_ITConfig                                      ./Debug/driver_src_stm32f4xx_tim.c.o
                                                  ./Debug/TinyTimber.c.o
TIM_ITRxExternalClockConfig                       ./Debug/driver_src_stm32f4xx_tim.c.o
TIM_InternalClockConfig                           ./Debug/driver_src_stm32f4xx_tim.c.o
TIM_OC1FastConfig                                 ./Debug/driver_src_stm32f4xx_tim.c.o
TIM_OC1Init                                       ./Debug/driver_src_stm32f4xx_tim.c.o
TIM_OC1NPolarityConfig                            ./Debug/driver_src_stm32f4xx_tim.c.o
TIM_OC1PolarityConfig                             ./Debug/driver_src_stm32f4xx_tim.c.o
TIM_OC1PreloadConfig                              ./Debug/driver_src_stm32f4xx_tim.c.o
TIM_OC2FastConfig                                 ./Debug/driver_src_stm32f4xx_tim.c.o
TIM_OC2Init                                       ./Debug/driver_src_stm32f4xx_tim.c.o
TIM_OC2NPolarityConfig                            ./Debug/driver_src_stm32f4xx_tim.c.o
TIM_OC2PolarityConfig                             ./Debug/driver_src_stm32f4xx_tim.c.o
TIM_OC2PreloadConfig                              ./Debug/driver_src_stm32f4xx_tim.c.o
TIM_OC3FastConfig                                 ./Debug/driver_src_stm32f4xx_tim.c.o
TIM_OC3Init                                       ./Debug/driver_src_stm32f4xx_tim.c.o
TIM_OC3NPolarityConfig                            ./Debug/driver_src_stm32f4xx_tim.c.o
TIM_OC3PolarityConfig                             ./Debug/driver_src_stm32f4xx_tim.c.o
TIM_OC3PreloadConfig                              ./Debug/driver_src_stm32f4xx_tim.c.o
TIM_OC4FastConfig                                 ./Debug/driver_src_stm32f4xx_tim.c.o
TIM_OC4Init                                       ./Debug/driver_src_stm32f4xx_tim.c.o
TIM_OC4PolarityConfig                             ./Debug/driver_src_stm32f4xx_tim.c.o
TIM_OC4PreloadConfig                              ./Debug/driver_src_stm32f4xx_tim.c.o
TIM_OCStructInit                                  ./Debug/driver_src_stm32f4xx_tim.c.o
TIM_PWMIConfig                                    ./Debug/driver_src_stm32f4xx_tim.c.o
TIM_PrescalerConfig                               ./Debug/driver_src_stm32f4xx_tim.c.o
TIM_RemapConfig                                   ./Debug/driver_src_stm32f4xx_tim.c.o
TIM_SelectCCDMA                                   ./Debug/driver_src_stm32f4xx_tim.c.o
TIM_SelectCOM                                     ./Debug/driver_src_stm32f4xx_tim.c.o
TIM_SelectHallSensor                              ./Debug/driver_src_stm32f4xx_tim.c.o
TIM_SelectInputTrigger                            ./Debug/driver_src_stm32f4xx_tim.c.o
TIM_SelectMasterSlaveMode                         ./Debug/driver_src_stm32f4xx_tim.c.o
TIM_SelectOCxM                                    ./Debug/driver_src_stm32f4xx_tim.c.o
TIM_SelectOnePulseMode                            ./Debug/driver_src_stm32f4xx_tim.c.o
TIM_SelectOutputTrigger                           ./Debug/driver_src_stm32f4xx_tim.c.o
TIM_SelectSlaveMode                               ./Debug/driver_src_stm32f4xx_tim.c.o
TIM_SetAutoreload                                 ./Debug/driver_src_stm32f4xx_tim.c.o
TIM_SetClockDivision                              ./Debug/driver_src_stm32f4xx_tim.c.o
TIM_SetCompare1                                   ./Debug/driver_src_stm32f4xx_tim.c.o
                                                  ./Debug/TinyTimber.c.o
TIM_SetCompare2                                   ./Debug/driver_src_stm32f4xx_tim.c.o
TIM_SetCompare3                                   ./Debug/driver_src_stm32f4xx_tim.c.o
TIM_SetCompare4                                   ./Debug/driver_src_stm32f4xx_tim.c.o
TIM_SetCounter                                    ./Debug/driver_src_stm32f4xx_tim.c.o
                                                  ./Debug/TinyTimber.c.o
TIM_SetIC1Prescaler                               ./Debug/driver_src_stm32f4xx_tim.c.o
TIM_SetIC2Prescaler                               ./Debug/driver_src_stm32f4xx_tim.c.o
TIM_SetIC3Prescaler                               ./Debug/driver_src_stm32f4xx_tim.c.o
TIM_SetIC4Prescaler                               ./Debug/driver_src_stm32f4xx_tim.c.o
TIM_TIxExternalClockConfig                        ./Debug/driver_src_stm32f4xx_tim.c.o
TIM_TimeBaseInit                                  ./Debug/driver_src_stm32f4xx_tim.c.o
                                                  ./Debug/TinyTimber.c.o
TIM_TimeBaseStructInit                            ./Debug/driver_src_stm32f4xx_tim.c.o
                                                  ./Debug/TinyTimber.c.o
TIM_UpdateDisableConfig                           ./Debug/driver_src_stm32f4xx_tim.c.o
TIM_UpdateRequestConfig                           ./Debug/driver_src_stm32f4xx_tim.c.o
T_RESET                                           ./Debug/TinyTimber.c.o
T_SAMPLE                                          ./Debug/TinyTimber.c.o
USART_ClearFlag                                   ./Debug/driver_src_stm32f4xx_usart.c.o
USART_ClearITPendingBit                           ./Debug/driver_src_stm32f4xx_usart.c.o
USART_ClockInit                                   ./Debug/driver_src_stm32f4xx_usart.c.o
USART_ClockStructInit                             ./Debug/driver_src_stm32f4xx_usart.c.o
USART_Cmd                                         ./Debug/driver_src_stm32f4xx_usart.c.o
USART_DMACmd                                      ./Debug/driver_src_stm32f4xx_usart.c.o
USART_DeInit                                      ./Debug/driver_src_stm32f4xx_usart.c.o
USART_GetFlagStatus                               ./Debug/driver_src_stm32f4xx_usart.c.o
                                                  ./Debug/TinyTimber.c.o
                                                  ./Debug/sciTinyTimber.c.o
USART_GetITStatus                                 ./Debug/driver_src_stm32f4xx_usart.c.o
USART_HalfDuplexCmd                               ./Debug/driver_src_stm32f4xx_usart.c.o
USART_ITConfig                                    ./Debug/driver_src_stm32f4xx_usart.c.o
                                                  ./Debug/sciTinyTimber.c.o
USART_Init                                        ./Debug/driver_src_stm32f4xx_usart.c.o
USART_IrDACmd                                     ./Debug/driver_src_stm32f4xx_usart.c.o
USART_IrDAConfig                                  ./Debug/driver_src_stm32f4xx_usart.c.o
USART_LINBreakDetectLengthConfig                  ./Debug/driver_src_stm32f4xx_usart.c.o
USART_LINCmd                                      ./Debug/driver_src_stm32f4xx_usart.c.o
USART_OneBitMethodCmd                             ./Debug/driver_src_stm32f4xx_usart.c.o
USART_OverSampling8Cmd                            ./Debug/driver_src_stm32f4xx_usart.c.o