Archive member included to satisfy reference by file (symbol)

/Users/mbrattlof/GitHub/TinyTimber/gcc-arm-none-eabi-8-2018-q4-major/bin/../lib/gcc/arm-none-eabi/8.2.1/../../../../arm-none-eabi/lib/thumb/v7e-m+fp/hard/libc_nano.a(lib_a-atoi.o)
                              ./Debug/application.c.o (atoi)
/Users/mbrattlof/GitHub/TinyTimber/gcc-arm-none-eabi-8-2018-q4-major/bin/../lib/gcc/arm-none-eabi/8.2.1/../../../../arm-none-eabi/lib/thumb/v7e-m+fp/hard/libc_nano.a(lib_a-snprintf.o)
                              ./Debug/application.c.o (snprintf)
/Users/mbrattlof/GitHub/TinyTimber/gcc-arm-none-eabi-8-2018-q4-major/bin/../lib/gcc/arm-none-eabi/8.2.1/../../../../arm-none-eabi/lib/thumb/v7e-m+fp/hard/libc_nano.a(lib_a-strtol.o)
                              /Users/mbrattlof/GitHub/TinyTimber/gcc-arm-none-eabi-8-2018-q4-major/bin/../lib/gcc/arm-none-eabi/8.2.1/../../../../arm-none-eabi/lib/thumb/v7e-m+fp/hard/libc_nano.a(lib_a-atoi.o) (_strtol_r)
/Users/mbrattlof/GitHub/TinyTimber/gcc-arm-none-eabi-8-2018-q4-major/bin/../lib/gcc/arm-none-eabi/8.2.1/../../../../arm-none-eabi/lib/thumb/v7e-m+fp/hard/libc_nano.a(lib_a-ctype_.o)
                              /Users/mbrattlof/GitHub/TinyTimber/gcc-arm-none-eabi-8-2018-q4-major/bin/../lib/gcc/arm-none-eabi/8.2.1/../../../../arm-none-eabi/lib/thumb/v7e-m+fp/hard/libc_nano.a(lib_a-strtol.o) (_ctype_)
/Users/mbrattlof/GitHub/TinyTimber/gcc-arm-none-eabi-8-2018-q4-major/bin/../lib/gcc/arm-none-eabi/8.2.1/../../../../arm-none-eabi/lib/thumb/v7e-m+fp/hard/libc_nano.a(lib_a-impure.o)
                              /Users/mbrattlof/GitHub/TinyTimber/gcc-arm-none-eabi-8-2018-q4-major/bin/../lib/gcc/arm-none-eabi/8.2.1/../../../../arm-none-eabi/lib/thumb/v7e-m+fp/hard/libc_nano.a(lib_a-snprintf.o) (_impure_ptr)
/Users/mbrattlof/GitHub/TinyTimber/gcc-arm-none-eabi-8-2018-q4-major/bin/../lib/gcc/arm-none-eabi/8.2.1/../../../../arm-none-eabi/lib/thumb/v7e-m+fp/hard/libc_nano.a(lib_a-nano-svfprintf.o)
                              /Users/mbrattlof/GitHub/TinyTimber/gcc-arm-none-eabi-8-2018-q4-major/bin/../lib/gcc/arm-none-eabi/8.2.1/../../../../arm-none-eabi/lib/thumb/v7e-m+fp/hard/libc_nano.a(lib_a-snprintf.o) (_svfprintf_r)
/Users/mbrattlof/GitHub/TinyTimber/gcc-arm-none-eabi-8-2018-q4-major/bin/../lib/gcc/arm-none-eabi/8.2.1/../../../../arm-none-eabi/lib/thumb/v7e-m+fp/hard/libc_nano.a(lib_a-nano-vfprintf_i.o)
                              /Users/mbrattlof/GitHub/TinyTimber/gcc-arm-none-eabi-8-2018-q4-major/bin/../lib/gcc/arm-none-eabi/8.2.1/../../../../arm-none-eabi/lib/thumb/v7e-m+fp/hard/libc_nano.a(lib_a-nano-svfprintf.o) (_printf_i)
/Users/mbrattlof/GitHub/TinyTimber/gcc-arm-none-eabi-8-2018-q4-major/bin/../lib/gcc/arm-none-eabi/8.2.1/../../../../arm-none-eabi/lib/thumb/v7e-m+fp/hard/libc_nano.a(lib_a-memchr.o)
                              /Users/mbrattlof/GitHub/TinyTimber/gcc-arm-none-eabi-8-2018-q4-major/bin/../lib/gcc/arm-none-eabi/8.2.1/../../../../arm-none-eabi/lib/thumb/v7e-m+fp/hard/libc_nano.a(lib_a-nano-svfprintf.o) (memchr)
/Users/mbrattlof/GitHub/TinyTimber/gcc-arm-none-eabi-8-2018-q4-major/bin/../lib/gcc/arm-none-eabi/8.2.1/../../../../arm-none-eabi/lib/thumb/v7e-m+fp/hard/libc_nano.a(lib_a-memcpy-stub.o)
                              /Users/mbrattlof/GitHub/TinyTimber/gcc-arm-none-eabi-8-2018-q4-major/bin/../lib/gcc/arm-none-eabi/8.2.1/../../../../arm-none-eabi/lib/thumb/v7e-m+fp/hard/libc_nano.a(lib_a-nano-svfprintf.o) (memcpy)
/Users/mbrattlof/GitHub/TinyTimber/gcc-arm-none-eabi-8-2018-q4-major/bin/../lib/gcc/arm-none-eabi/8.2.1/../../../../arm-none-eabi/lib/thumb/v7e-m+fp/hard/libc_nano.a(lib_a-memmove.o)
                              /Users/mbrattlof/GitHub/TinyTimber/gcc-arm-none-eabi-8-2018-q4-major/bin/../lib/gcc/arm-none-eabi/8.2.1/../../../../arm-none-eabi/lib/thumb/v7e-m+fp/hard/libc_nano.a(lib_a-nano-svfprintf.o) (memmove)
/Users/mbrattlof/GitHub/TinyTimber/gcc-arm-none-eabi-8-2018-q4-major/bin/../lib/gcc/arm-none-eabi/8.2.1/../../../../arm-none-eabi/lib/thumb/v7e-m+fp/hard/libc_nano.a(lib_a-nano-freer.o)
                              /Users/mbrattlof/GitHub/TinyTimber/gcc-arm-none-eabi-8-2018-q4-major/bin/../lib/gcc/arm-none-eabi/8.2.1/../../../../arm-none-eabi/lib/thumb/v7e-m+fp/hard/libc_nano.a(lib_a-nano-svfprintf.o) (_free_r)
/Users/mbrattlof/GitHub/TinyTimber/gcc-arm-none-eabi-8-2018-q4-major/bin/../lib/gcc/arm-none-eabi/8.2.1/../../../../arm-none-eabi/lib/thumb/v7e-m+fp/hard/libc_nano.a(lib_a-nano-mallocr.o)
                              /Users/mbrattlof/GitHub/TinyTimber/gcc-arm-none-eabi-8-2018-q4-major/bin/../lib/gcc/arm-none-eabi/8.2.1/../../../../arm-none-eabi/lib/thumb/v7e-m+fp/hard/libc_nano.a(lib_a-nano-svfprintf.o) (_malloc_r)
/Users/mbrattlof/GitHub/TinyTimber/gcc-arm-none-eabi-8-2018-q4-major/bin/../lib/gcc/arm-none-eabi/8.2.1/../../../../arm-none-eabi/lib/thumb/v7e-m+fp/hard/libc_nano.a(lib_a-nano-reallocr.o)
[...]
Memory Configuration

Name             Origin             Length             Attributes
RAM              0x0000000020000000 0x000000000001c000 xrw
*default*        0x0000000000000000 0xffffffffffffffff

Linker script and memory map

LOAD ./Debug/driver_src_stm32f4xx_exti.c.o
LOAD ./Debug/driver_src_stm32f4xx_can.c.o
LOAD ./Debug/sciTinyTimber.c.o
LOAD ./Debug/driver_src_stm32f4xx_tim.c.o
LOAD ./Debug/dispatch.s.o
LOAD ./Debug/driver_src_stm32f4xx_rcc.c.o
LOAD ./Debug/startup.c.o
LOAD ./Debug/driver_src_stm32f4xx_gpio.c.o
LOAD ./Debug/sioTinyTimber.c.o
LOAD ./Debug/application.c.o
LOAD ./Debug/TinyTimber.c.o
LOAD ./Debug/buffer.c.o
LOAD ./Debug/driver_src_stm32f4xx_usart.c.o
LOAD ./Debug/canTinyTimber.c.o
LOAD /Users/mbrattlof/GitHub/TinyTimber/gcc-arm-none-eabi-8-2018-q4-major/bin/../lib/gcc/arm-none-eabi/8.2.1/../../../../arm-none-eabi/lib/thumb/v7e-m+fp/hard/libstdc++_nano.a
LOAD /Users/mbrattlof/GitHub/TinyTimber/gcc-arm-none-eabi-8-2018-q4-major/bin/../lib/gcc/arm-none-eabi/8.2.1/../../../../arm-none-eabi/lib/thumb/v7e-m+fp/hard/libm.a
START GROUP
LOAD /Users/mbrattlof/GitHub/TinyTimber/gcc-arm-none-eabi-8-2018-q4-major/bin/../lib/gcc/arm-none-eabi/8.2.1/thumb/v7e-m+fp/hard/libgcc.a
LOAD /Users/mbrattlof/GitHub/TinyTimber/gcc-arm-none-eabi-8-2018-q4-major/bin/../lib/gcc/arm-none-eabi/8.2.1/../../../../arm-none-eabi/lib/thumb/v7e-m+fp/hard/libc_nano.a
END GROUP
START GROUP
LOAD /Users/mbrattlof/GitHub/TinyTimber/gcc-arm-none-eabi-8-2018-q4-major/bin/../lib/gcc/arm-none-eabi/8.2.1/thumb/v7e-m+fp/hard/libgcc.a
LOAD /Users/mbrattlof/GitHub/TinyTimber/gcc-arm-none-eabi-8-2018-q4-major/bin/../lib/gcc/arm-none-eabi/8.2.1/../../../../arm-none-eabi/lib/thumb/v7e-m+fp/hard/libc_nano.a
END GROUP

.text           0x0000000020000000     0x7d9c
                0x0000000020000000                . = ALIGN (0x4)
 *(.start_section)
 .start_section
                0x0000000020000000       0x1c ./Debug/startup.c.o
                0x0000000020000000                startup
 *(.text)
 .text          0x000000002000001c      0x210 ./Debug/driver_src_stm32f4xx_exti.c.o
                0x000000002000001c                EXTI_DeInit
                0x0000000020000050                EXTI_Init
                0x0000000020000134                EXTI_StructInit
                0x0000000020000160                EXTI_GenerateSWInterrupt
                0x0000000020000184                EXTI_GetFlagStatus
                0x00000000200001b8                EXTI_ClearFlag
                0x00000000200001d8                EXTI_GetITStatus
                0x000000002000020c                EXTI_ClearITPendingBit
 .text          0x000000002000022c     0x1020 ./Debug/driver_src_stm32f4xx_can.c.o
                0x000000002000022c                CAN_DeInit
                0x0000000020000274                CAN_Init
                0x0000000020000416                CAN_FilterInit
                0x000000002000059c                CAN_StructInit
                0x00000000200005f2                CAN_SlaveStartBank
                0x0000000020000654                CAN_DBGFreeze
                0x000000002000068c                CAN_TTComModeCmd
                0x0000000020000724                CAN_Transmit
                0x00000000200008c6                CAN_TransmitStatus
                0x00000000200009a8                CAN_CancelTransmit
                0x00000000200009fa                CAN_Receive
                0x0000000020000b76                CAN_FIFORelease
                0x0000000020000bae                CAN_MessagePending
                0x0000000020000bf8                CAN_OperatingModeRequest
                0x0000000020000cf4                CAN_Sleep
                0x0000000020000d2e                CAN_WakeUp
                0x0000000020000d84                CAN_GetLastErrorCode
                0x0000000020000daa                CAN_GetReceiveErrorCounter
                0x0000000020000dcc                CAN_GetLSBTransmitErrorCounter
                0x0000000020000dee                CAN_ITConfig
                0x0000000020000e2a                CAN_GetFlagStatus
                0x0000000020000ef8                CAN_ClearFlag
                0x0000000020000f6c                CAN_GetITStatus
                0x0000000020001120                CAN_ClearITPendingBit
 .text          0x000000002000124c      0x294 ./Debug/sciTinyTimber.c.o
                0x00000000200012d4                sci_init
                0x000000002000137a                sci_write
                0x00000000200013ce                sci_writechar
                0x0000000020001404                sci_interrupt
 .text          0x00000000200014e0     0x1c18 ./Debug/driver_src_stm32f4xx_tim.c.o
                0x00000000200014e0                TIM_DeInit
                0x00000000200016a0                TIM_TimeBaseInit
                0x0000000020001778                TIM_TimeBaseStructInit
                0x00000000200017ac                TIM_PrescalerConfig
                0x00000000200017d4                TIM_CounterModeConfig
                0x000000002000180c                TIM_SetCounter
                0x0000000020001828                TIM_SetAutoreload
                0x0000000020001844                TIM_GetCounter
                0x000000002000185c                TIM_GetPrescaler
                0x0000000020001876                TIM_UpdateDisableConfig
                0x00000000200018b6                TIM_UpdateRequestConfig
                0x00000000200018f6                TIM_ARRPreloadConfig
                0x0000000020001936                TIM_SelectOnePulseMode
                0x000000002000196e                TIM_SetClockDivision
                0x00000000200019a6                TIM_Cmd
                0x00000000200019e6                TIM_OC1Init
                0x0000000020001adc                TIM_OC2Init
                0x0000000020001bec                TIM_OC3Init
                0x0000000020001cf8                TIM_OC4Init
                0x0000000020001dc8                TIM_OCStructInit
                0x0000000020001e0c                TIM_SelectOCxM
                0x0000000020001ec0                TIM_SetCompare1
                0x0000000020001edc                TIM_SetCompare2
                0x0000000020001ef8                TIM_SetCompare3
                0x0000000020001f14                TIM_SetCompare4
                0x0000000020001f30                TIM_ForcedOC1Config
                0x0000000020001f68                TIM_ForcedOC2Config
                0x0000000020001fa4                TIM_ForcedOC3Config
                0x0000000020001fdc                TIM_ForcedOC4Config
                0x0000000020002018                TIM_OC1PreloadConfig
                0x0000000020002050                TIM_OC2PreloadConfig
                0x000000002000208c                TIM_OC3PreloadConfig
                0x00000000200020c4                TIM_OC4PreloadConfig
                0x0000000020002100                TIM_OC1FastConfig
                0x0000000020002138                TIM_OC2FastConfig
                0x0000000020002174                TIM_OC3FastConfig
                0x00000000200021ac                TIM_OC4FastConfig
                0x00000000200021e8                TIM_ClearOC1Ref
                0x0000000020002220                TIM_ClearOC2Ref
                0x000000002000225c                TIM_ClearOC3Ref
                0x0000000020002294                TIM_ClearOC4Ref
                0x00000000200022d0                TIM_OC1PolarityConfig
                0x0000000020002308                TIM_OC1NPolarityConfig
                0x0000000020002340                TIM_OC2PolarityConfig
                0x000000002000237c                TIM_OC2NPolarityConfig
                0x00000000200023b8                TIM_OC3PolarityConfig
                0x00000000200023f4                TIM_OC3NPolarityConfig
                0x0000000020002430                TIM_OC4PolarityConfig
                0x000000002000246c                TIM_CCxCmd
                0x00000000200024c2                TIM_CCxNCmd
                0x0000000020002518                TIM_ICInit
                0x00000000200025c0                TIM_ICStructInit
                0x00000000200025f2                TIM_PWMIConfig
                0x00000000200026aa                TIM_GetCapture1
                0x00000000200026c2                TIM_GetCapture2
                0x00000000200026da                TIM_GetCapture3
                0x00000000200026f2                TIM_GetCapture4
                0x000000002000270a                TIM_SetIC1Prescaler
                0x0000000020002742                TIM_SetIC2Prescaler
                0x000000002000277e                TIM_SetIC3Prescaler
                0x00000000200027b6                TIM_SetIC4Prescaler
                0x00000000200027f2                TIM_BDTRConfig
                0x0000000020002842                TIM_BDTRStructInit
                0x0000000020002880                TIM_CtrlPWMOutputs
                0x00000000200028cc                TIM_SelectCOM
                0x000000002000290c                TIM_CCPreloadControl
                0x000000002000294c                TIM_ITConfig
                0x0000000020002994                TIM_GenerateEvent
                0x00000000200029b2                TIM_GetFlagStatus
                0x00000000200029ea                TIM_ClearFlag
                0x0000000020002a0c                TIM_GetITStatus
                0x0000000020002a60                TIM_ClearITPendingBit
                0x0000000020002a82                TIM_DMAConfig
                0x0000000020002aac                TIM_DMACmd
                0x0000000020002af4                TIM_SelectCCDMA
                0x0000000020002b34                TIM_InternalClockConfig
                0x0000000020002b58                TIM_ITRxExternalClockConfig
                0x0000000020002b86                TIM_TIxExternalClockConfig
                0x0000000020002be2                TIM_ETRClockMode1Config
                0x0000000020002c40                TIM_ETRClockMode2Config
                0x0000000020002c7e                TIM_SelectInputTrigger
                0x0000000020002cb6                TIM_SelectOutputTrigger
                0x0000000020002cee                TIM_SelectSlaveMode
                0x0000000020002d26                TIM_SelectMasterSlaveMode
                0x0000000020002d5e                TIM_ETRConfig
                0x0000000020002db2                TIM_EncoderInterfaceConfig
                0x0000000020002e4a                TIM_SelectHallSensor
                0x0000000020002e8a                TIM_RemapConfig
 .text          0x00000000200030f8       0xf4 ./Debug/dispatch.s.o
                0x00000000200030f8                vect_SVCall
                0x00000000200030fc                vect_PendSV
 .text          0x00000000200031ec      0xca8 ./Debug/driver_src_stm32f4xx_rcc.c.o
                0x00000000200031ec                RCC_DeInit
                0x000000002000325c                RCC_HSEConfig
                0x0000000020003284                RCC_WaitForHSEStartUp
                0x00000000200032d4                RCC_AdjustHSICalibrationValue
                0x0000000020003310                RCC_HSICmd
                0x0000000020003330                RCC_LSEConfig
                0x0000000020003374                RCC_LSICmd
                0x0000000020003394                RCC_PLLConfig
                0x00000000200033d4                RCC_PLLCmd
                0x00000000200033f4                RCC_PLLI2SConfig
                0x0000000020003420                RCC_PLLI2SCmd
                0x0000000020003440                RCC_PLLSAIConfig
                0x0000000020003474                RCC_PLLSAICmd
                0x0000000020003494                RCC_ClockSecuritySystemCmd
                0x00000000200034b4                RCC_MCO1Config
                0x00000000200034f4                RCC_MCO2Config
                0x0000000020003534                RCC_SYSCLKConfig
                0x000000002000356c                RCC_GetSYSCLKSource
                0x000000002000358c                RCC_HCLKConfig
                0x00000000200035c4                RCC_PCLK1Config
                0x00000000200035fc                RCC_PCLK2Config
                0x0000000020003638                RCC_GetClocksFreq
                0x000000002000378c                RCC_RTCCLKConfig
                0x00000000200037e8                RCC_RTCCLKCmd
                0x0000000020003808                RCC_BackupResetCmd
                0x0000000020003828                RCC_I2SCLKConfig
                0x0000000020003848                RCC_SAIPLLI2SClkDivConfig
                0x0000000020003888                RCC_SAIPLLSAIClkDivConfig
                0x00000000200038c8                RCC_SAIBlockACLKConfig
                0x0000000020003904                RCC_SAIBlockBCLKConfig
                0x0000000020003940                RCC_LTDCCLKDivConfig
                0x000000002000397c                RCC_TIMCLKPresConfig
                0x000000002000399c                RCC_AHB1PeriphClockCmd
                0x00000000200039dc                RCC_AHB2PeriphClockCmd
                0x0000000020003a1c                RCC_AHB3PeriphClockCmd
                0x0000000020003a5c                RCC_APB1PeriphClockCmd
                0x0000000020003a9c                RCC_APB2PeriphClockCmd
                0x0000000020003adc                RCC_AHB1PeriphResetCmd
                0x0000000020003b1c                RCC_AHB2PeriphResetCmd
                0x0000000020003b5c                RCC_AHB3PeriphResetCmd
                0x0000000020003b9c                RCC_APB1PeriphResetCmd
                0x0000000020003bdc                RCC_APB2PeriphResetCmd
                0x0000000020003c1c                RCC_AHB1PeriphClockLPModeCmd
                0x0000000020003c5c                RCC_AHB2PeriphClockLPModeCmd
                0x0000000020003c9c                RCC_AHB3PeriphClockLPModeCmd
                0x0000000020003cdc                RCC_APB1PeriphClockLPModeCmd
                0x0000000020003d1c                RCC_APB2PeriphClockLPModeCmd
                0x0000000020003d5c                RCC_ITConfig
                0x0000000020003da8                RCC_GetFlagStatus
                0x0000000020003e1c                RCC_ClearFlag
                0x0000000020003e3c                RCC_GetITStatus
                0x0000000020003e74                RCC_ClearITPendingBit
 .text          0x0000000020003e94       0xb8 ./Debug/startup.c.o
 .text          0x0000000020003f4c      0x4d4 ./Debug/driver_src_stm32f4xx_gpio.c.o
                0x0000000020003f4c                GPIO_DeInit
                0x00000000200040b0                GPIO_Init
                0x00000000200041cc                GPIO_StructInit
                0x0000000020004200                GPIO_PinLockConfig
                0x0000000020004244                GPIO_ReadInputDataBit
                0x0000000020004278                GPIO_ReadInputData
                0x0000000020004292                GPIO_ReadOutputDataBit
                0x00000000200042c6                GPIO_ReadOutputData
                0x00000000200042e0                GPIO_SetBits
                0x00000000200042fe                GPIO_ResetBits
                0x000000002000431c                GPIO_WriteBit
                0x000000002000434c                GPIO_Write
                0x000000002000436a                GPIO_ToggleBits
                0x000000002000438e                GPIO_PinAFConfig
 .text          0x0000000020004420      0x174 ./Debug/sioTinyTimber.c.o
                0x00000000200044a8                sio_init
                0x00000000200044d8                sio_read
                0x00000000200044f8                sio_write
                0x000000002000451a                sio_toggle
                0x0000000020004538                sio_interrupt
 .text          0x0000000020004594      0x99c ./Debug/application.c.o
                0x0000000020004594                from_micro_to_milli
                0x00000000200045bc                check_tempo
                0x00000000200046e4                button_receiver
                0x000000002000482c                receiver
                0x0000000020004920                deliver
                0x0000000020004988                reader
                0x0000000020004a94                tone_generator
                0x0000000020004af8                led_control
                0x0000000020004b80                melody_player
                0x0000000020004c74                start_player
                0x0000000020004cc8                set_period
                0x0000000020004d00                set_key
                0x0000000020004d1e                set_tempo
                0x0000000020004d3a                unkill
                0x0000000020004d56                kill_tone
                0x0000000020004d72                kill_player
                0x0000000020004d9c                unkill_player
                0x0000000020004db8                volume_control
                0x0000000020004e3c                startApp
                0x0000000020004edc                main
 .text          0x0000000020004f30      0xf80 ./Debug/TinyTimber.c.o
                0x0000000020004fb8                DUMP
                0x0000000020004ff0                DUMPH
                0x000000002000504c                DUMPD
                0x00000000200050f0                sei
                0x000000002000510c                cli
                0x0000000020005128                _sbrk
                0x000000002000516c                SETSTACK
                0x00000000200051d4                SETPC
                0x00000000200051f8                TIMER_INIT
                0x0000000020005290                DUMPC
                0x00000000200052c4                vect_USART1
                0x000000002000532c                vect_CAN1
                0x0000000020005394                vect_EXTI9_5
                0x00000000200053fc                enqueueByDeadline
                0x0000000020005454                enqueueByBaseline
                0x00000000200054ac                dequeue
                0x00000000200054fc                dequeue_pool
                0x000000002000554c                insert
                0x0000000020005570                push
                0x0000000020005594                pop
                0x0000000020005616                vect_TIM5
                0x00000000200056a8                __svc_dispatch
                0x00000000200056b8                __pendSV_dispatch
                0x0000000020005828                async
                0x0000000020005964                sync
                0x0000000020005a70                ABORT
                0x0000000020005b24                T_RESET
                0x0000000020005b60                T_SAMPLE
                0x0000000020005ba0                CURRENT_BASELINE
                0x0000000020005bd8                CURRENT_OFFSET
                0x0000000020005d84                install
                0x0000000020005e4c                tinytimber
 .text          0x0000000020005eb0       0xc8 ./Debug/buffer.c.o
                0x0000000020005eb0                put
                0x0000000020005f14                get
 .text          0x0000000020005f78      0x970 ./Debug/driver_src_stm32f4xx_usart.c.o
                0x0000000020005f78                USART_DeInit
                0x0000000020006090                USART_Init
                0x0000000020006204                USART_StructInit
                0x000000002000623e                USART_ClockInit
                0x0000000020006294                USART_ClockStructInit
                0x00000000200062c0                USART_Cmd
                0x0000000020006300                USART_SetPrescaler
                0x000000002000633a                USART_OverSampling8Cmd
                0x000000002000637e                USART_OneBitMethodCmd
                0x00000000200063be                USART_SendData
                0x00000000200063e2                USART_ReceiveData
                0x0000000020006402                USART_SetAddress
                0x000000002000643c                USART_ReceiverWakeUpCmd
                0x000000002000647c                USART_WakeUpConfig
                0x00000000200064b4                USART_LINBreakDetectLengthConfig
                0x00000000200064ec                USART_LINCmd
                0x000000002000652c                USART_SendBreak
                0x0000000020006550                USART_HalfDuplexCmd
                0x0000000020006590                USART_SetGuardTime
                0x00000000200065cc                USART_SmartCardCmd
                0x000000002000660c                USART_SmartCardNACKCmd
                0x000000002000664c                USART_IrDAConfig
                0x0000000020006684                USART_IrDACmd
                0x00000000200066c4                USART_DMACmd
                0x000000002000670c                USART_ITConfig
                0x000000002000679c                USART_GetFlagStatus
                0x00000000200067d4                USART_ClearFlag
                0x00000000200067f6                USART_GetITStatus
                0x00000000200068ac                USART_ClearITPendingBit
 .text          0x00000000200068e8      0x450 ./Debug/canTinyTimber.c.o
                0x0000000020006970                can_init
                0x0000000020006a30                can_interrupt
                0x0000000020006bb8                can_receive
                0x0000000020006c82                can_send
 .text          0x0000000020006d38        0x0 /Users/mbrattlof/GitHub/TinyTimber/gcc-arm-none-eabi-8-2018-q4-major/bin/../lib/gcc/arm-none-eabi/8.2.1/../../../../arm-none-eabi/lib/thumb/v7e-m+fp/hard/libc_nano.a(lib_a-atoi.o)
 .text          0x0000000020006d38        0x0 /Users/mbrattlof/GitHub/TinyTimber/gcc-arm-none-eabi-8-2018-q4-major/bin/../lib/gcc/arm-none-eabi/8.2.1/../../../../arm-none-eabi/lib/thumb/v7e-m+fp/hard/libc_nano.a(lib_a-snprintf.o)
 .text          0x0000000020006d38        0x0 /Users/mbrattlof/GitHub/TinyTimber/gcc-arm-none-eabi-8-2018-q4-major/bin/../lib/gcc/arm-none-eabi/8.2.1/../../../../arm-none-eabi/lib/thumb/v7e-m+fp/hard/libc_nano.a(lib_a-strtol.o)
 .text          0x0000000020006d38        0x0 /Users/mbrattlof/GitHub/TinyTimber/gcc-arm-none-eabi-8-2018-q4-major/bin/../lib/gcc/arm-none-eabi/8.2.1/../../../../arm-none-eabi/lib/thumb/v7e-m+fp/hard/libc_nano.a(lib_a-ctype_.o)
 .text          0x0000000020006d38        0x0 /Users/mbrattlof/GitHub/TinyTimber/gcc-arm-none-eabi-8-2018-q4-major/bin/../lib/gcc/arm-none-eabi/8.2.1/../../../../arm-none-eabi/lib/thumb/v7e-m+fp/hard/libc_nano.a(lib_a-impure.o)
 .text          0x0000000020006d38        0x0 /Users/mbrattlof/GitHub/TinyTimber/gcc-arm-none-eabi-8-2018-q4-major/bin/../lib/gcc/arm-none-eabi/8.2.1/../../../../arm-none-eabi/lib/thumb/v7e-m+fp/hard/libc_nano.a(lib_a-nano-svfprintf.o)
 .text          0x0000000020006d38        0x0 /Users/mbrattlof/GitHub/TinyTimber/gcc-arm-none-eabi-8-2018-q4-major/bin/../lib/gcc/arm-none-eabi/8.2.1/../../../../arm-none-eabi/lib/thumb/v7e-m+fp/hard/libc_nano.a(lib_a-nano-vfprintf_i.o)
 *fill*         0x0000000020006d38        0x8 
 .text          0x0000000020006d40       0xa0 /Users/mbrattlof/GitHub/TinyTimber/gcc-arm-none-eabi-8-2018-q4-major/bin/../lib/gcc/arm-none-eabi/8.2.1/../../../../arm-none-eabi/lib/thumb/v7e-m+fp/hard/libc_nano.a(lib_a-memchr.o)
                0x0000000020006d40                memchr
 .text          0x0000000020006de0        0x0 /Users/mbrattlof/GitHub/TinyTimber/gcc-arm-none-eabi-8-2018-q4-major/bin/../lib/gcc/arm-none-eabi/8.2.1/../../../../arm-none-eabi/lib/thumb/v7e-m+fp/hard/libc_nano.a(lib_a-memcpy-stub.o)
 .text          0x0000000020006de0        0x0 /Users/mbrattlof/GitHub/TinyTimber/gcc-arm-none-eabi-8-2018-q4-major/bin/../lib/gcc/arm-none-eabi/8.2.1/../../../../arm-none-eabi/lib/thumb/v7e-m+fp/hard/libc_nano.a(lib_a-memmove.o)
 .text          0x0000000020006de0        0x0 /Users/mbrattlof/GitHub/TinyTimber/gcc-arm-none-eabi-8-2018-q4-major/bin/../lib/gcc/arm-none-eabi/8.2.1/../../../../arm-none-eabi/lib/thumb/v7e-m+fp/hard/libc_nano.a(lib_a-nano-freer.o)
 .text          0x0000000020006de0        0x0 /Users/mbrattlof/GitHub/TinyTimber/gcc-arm-none-eabi-8-2018-q4-major/bin/../lib/gcc/arm-none-eabi/8.2.1/../../../../arm-none-eabi/lib/thumb/v7e-m+fp/hard/libc_nano.a(lib_a-nano-mallocr.o)
 .text          0x0000000020006de0        0x0 /Users/mbrattlof/GitHub/TinyTimber/gcc-arm-none-eabi-8-2018-q4-major/bin/../lib/gcc/arm-none-eabi/8.2.1/../../../../arm-none-eabi/lib/thumb/v7e-m+fp/hard/libc_nano.a(lib_a-nano-reallocr.o)
 .text          0x0000000020006de0        0x0 /Users/mbrattlof/GitHub/TinyTimber/gcc-arm-none-eabi-8-2018-q4-major/bin/../lib/gcc/arm-none-eabi/8.2.1/../../../../arm-none-eabi/lib/thumb/v7e-m+fp/hard/libc_nano.a(lib_a-sbrkr.o)
 .text          0x0000000020006de0        0x0 /Users/mbrattlof/GitHub/TinyTimber/gcc-arm-none-eabi-8-2018-q4-major/bin/../lib/gcc/arm-none-eabi/8.2.1/../../../../arm-none-eabi/lib/thumb/v7e-m+fp/hard/libc_nano.a(lib_a-mlock.o)
 .text          0x0000000020006de0        0x0 /Users/mbrattlof/GitHub/TinyTimber/gcc-arm-none-eabi-8-2018-q4-major/bin/../lib/gcc/arm-none-eabi/8.2.1/../../../../arm-none-eabi/lib/thumb/v7e-m+fp/hard/libc_nano.a(lib_a-nano-msizer.o)
 .text          0x0000000020006de0        0x0 /Users/mbrattlof/GitHub/TinyTimber/gcc-arm-none-eabi-8-2018-q4-major/bin/../lib/gcc/arm-none-eabi/8.2.1/../../../../arm-none-eabi/lib/thumb/v7e-m+fp/hard/libc_nano.a(lib_a-reent.o)
 .text          0x0000000020006de0        0x0 /Users/mbrattlof/GitHub/TinyTimber/gcc-arm-none-eabi-8-2018-q4-major/bin/../lib/gcc/arm-none-eabi/8.2.1/../../../../arm-none-eabi/lib/thumb/v7e-m+fp/hard/libc_nano.a(lib_a-lock.o)
 *(.text.*)
 .text.atoi     0x0000000020006de0        0x8 /Users/mbrattlof/GitHub/TinyTimber/gcc-arm-none-eabi-8-2018-q4-major/bin/../lib/gcc/arm-none-eabi/8.2.1/../../../../arm-none-eabi/lib/thumb/v7e-m+fp/hard/libc_nano.a(lib_a-atoi.o)
                0x0000000020006de0                atoi
 .text._atoi_r  0x0000000020006de8        0x8 /Users/mbrattlof/GitHub/TinyTimber/gcc-arm-none-eabi-8-2018-q4-major/bin/../lib/gcc/arm-none-eabi/8.2.1/../../../../arm-none-eabi/lib/thumb/v7e-m+fp/hard/libc_nano.a(lib_a-atoi.o)
                0x0000000020006de8                _atoi_r
 .text._snprintf_r
                0x0000000020006df0       0x5e /Users/mbrattlof/GitHub/TinyTimber/gcc-arm-none-eabi-8-2018-q4-major/bin/../lib/gcc/arm-none-eabi/8.2.1/../../../../arm-none-eabi/lib/thumb/v7e-m+fp/hard/libc_nano.a(lib_a-snprintf.o)
                0x0000000020006df0                _sniprintf_r
                0x0000000020006df0                _snprintf_r
 *fill*         0x0000000020006e4e        0x2 
 .text.snprintf
                0x0000000020006e50       0x68 /Users/mbrattlof/GitHub/TinyTimber/gcc-arm-none-eabi-8-2018-q4-major/bin/../lib/gcc/arm-none-eabi/8.2.1/../../../../arm-none-eabi/lib/thumb/v7e-m+fp/hard/libc_nano.a(lib_a-snprintf.o)
                0x0000000020006e50                snprintf
                0x0000000020006e50                sniprintf
 .text._strtol_l.isra.0
                0x0000000020006eb8       0xf0 /Users/mbrattlof/GitHub/TinyTimber/gcc-arm-none-eabi-8-2018-q4-major/bin/../lib/gcc/arm-none-eabi/8.2.1/../../../../arm-none-eabi/lib/thumb/v7e-m+fp/hard/libc_nano.a(lib_a-strtol.o)
 .text._strtol_r
                0x0000000020006fa8        0x4 /Users/mbrattlof/GitHub/TinyTimber/gcc-arm-none-eabi-8-2018-q4-major/bin/../lib/gcc/arm-none-eabi/8.2.1/../../../../arm-none-eabi/lib/thumb/v7e-m+fp/hard/libc_nano.a(lib_a-strtol.o)
                0x0000000020006fa8                _strtol_r
 .text.strtol_l
                0x0000000020006fac       0x14 /Users/mbrattlof/GitHub/TinyTimber/gcc-arm-none-eabi-8-2018-q4-major/bin/../lib/gcc/arm-none-eabi/8.2.1/../../../../arm-none-eabi/lib/thumb/v7e-m+fp/hard/libc_nano.a(lib_a-strtol.o)
                0x0000000020006fac                strtol_l
 .text.strtol   0x0000000020006fc0       0x14 /Users/mbrattlof/GitHub/TinyTimber/gcc-arm-none-eabi-8-2018-q4-major/bin/../lib/gcc/arm-none-eabi/8.2.1/../../../../arm-none-eabi/lib/thumb/v7e-m+fp/hard/libc_nano.a(lib_a-strtol.o)
                0x0000000020006fc0                strtol
 .text.__ssputs_r
                0x0000000020006fd4       0xb6 /Users/mbrattlof/GitHub/TinyTimber/gcc-arm-none-eabi-8-2018-q4-major/bin/../lib/gcc/arm-none-eabi/8.2.1/../../../../arm-none-eabi/lib/thumb/v7e-m+fp/hard/libc_nano.a(lib_a-nano-svfprintf.o)
                0x0000000020006fd4                __ssputs_r
 .text.__ssprint_r
                0x000000002000708a       0xf0 /Users/mbrattlof/GitHub/TinyTimber/gcc-arm-none-eabi-8-2018-q4-major/bin/../lib/gcc/arm-none-eabi/8.2.1/../../../../arm-none-eabi/lib/thumb/v7e-m+fp/hard/libc_nano.a(lib_a-nano-svfprintf.o)
                0x000000002000708a                __ssprint_r
 *fill*         0x000000002000717a        0x2 
 .text._svfprintf_r
                0x000000002000717c      0x1f0 /Users/mbrattlof/GitHub/TinyTimber/gcc-arm-none-eabi-8-2018-q4-major/bin/../lib/gcc/arm-none-eabi/8.2.1/../../../../arm-none-eabi/lib/thumb/v7e-m+fp/hard/libc_nano.a(lib_a-nano-svfprintf.o)
                0x000000002000717c                _svfprintf_r
                0x000000002000717c                _svfiprintf_r
 .text._printf_common
                0x000000002000736c       0xea /Users/mbrattlof/GitHub/TinyTimber/gcc-arm-none-eabi-8-2018-q4-major/bin/../lib/gcc/arm-none-eabi/8.2.1/../../../../arm-none-eabi/lib/thumb/v7e-m+fp/hard/libc_nano.a(lib_a-nano-vfprintf_i.o)
                0x000000002000736c                _printf_common
 *fill*         0x0000000020007456        0x2 
 .text._printf_i
                0x0000000020007458      0x228 /Users/mbrattlof/GitHub/TinyTimber/gcc-arm-none-eabi-8-2018-q4-major/bin/../lib/gcc/arm-none-eabi/8.2.1/../../../../arm-none-eabi/lib/thumb/v7e-m+fp/hard/libc_nano.a(lib_a-nano-vfprintf_i.o)
                0x0000000020007458                _printf_i
 .text.memcpy   0x0000000020007680       0x1c /Users/mbrattlof/GitHub/TinyTimber/gcc-arm-none-eabi-8-2018-q4-major/bin/../lib/gcc/arm-none-eabi/8.2.1/../../../../arm-none-eabi/lib/thumb/v7e-m+fp/hard/libc_nano.a(lib_a-memcpy-stub.o)
                0x0000000020007680                memcpy
 .text.memmove  0x000000002000769c       0x34 /Users/mbrattlof/GitHub/TinyTimber/gcc-arm-none-eabi-8-2018-q4-major/bin/../lib/gcc/arm-none-eabi/8.2.1/../../../../arm-none-eabi/lib/thumb/v7e-m+fp/hard/libc_nano.a(lib_a-memmove.o)
                0x000000002000769c                memmove
 .text._free_r  0x00000000200076d0       0x9c /Users/mbrattlof/GitHub/TinyTimber/gcc-arm-none-eabi-8-2018-q4-major/bin/../lib/gcc/arm-none-eabi/8.2.1/../../../../arm-none-eabi/lib/thumb/v7e-m+fp/hard/libc_nano.a(lib_a-nano-freer.o)
                0x00000000200076d0                _free_r
 .text._malloc_r
                0x000000002000776c       0xb4 /Users/mbrattlof/GitHub/TinyTimber/gcc-arm-none-eabi-8-2018-q4-major/bin/../lib/gcc/arm-none-eabi/8.2.1/../../../../arm-none-eabi/lib/thumb/v7e-m+fp/hard/libc_nano.a(lib_a-nano-mallocr.o)
                0x000000002000776c                _malloc_r
 .text._realloc_r
                0x0000000020007820       0x4c /Users/mbrattlof/GitHub/TinyTimber/gcc-arm-none-eabi-8-2018-q4-major/bin/../lib/gcc/arm-none-eabi/8.2.1/../../../../arm-none-eabi/lib/thumb/v7e-m+fp/hard/libc_nano.a(lib_a-nano-reallocr.o)
                0x0000000020007820                _realloc_r
 .text._sbrk_r  0x000000002000786c       0x20 /Users/mbrattlof/GitHub/TinyTimber/gcc-arm-none-eabi-8-2018-q4-major/bin/../lib/gcc/arm-none-eabi/8.2.1/../../../../arm-none-eabi/lib/thumb/v7e-m+fp/hard/libc_nano.a(lib_a-sbrkr.o)
                0x000000002000786c                _sbrk_r
 .text.__malloc_lock
                0x000000002000788c        0xc /Users/mbrattlof/GitHub/TinyTimber/gcc-arm-none-eabi-8-2018-q4-major/bin/../lib/gcc/arm-none-eabi/8.2.1/../../../../arm-none-eabi/lib/thumb/v7e-m+fp/hard/libc_nano.a(lib_a-mlock.o)
                0x000000002000788c                __malloc_lock
 .text.__malloc_unlock
                0x0000000020007898        0xc /Users/mbrattlof/GitHub/TinyTimber/gcc-arm-none-eabi-8-2018-q4-major/bin/../lib/gcc/arm-none-eabi/8.2.1/../../../../arm-none-eabi/lib/thumb/v7e-m+fp/hard/libc_nano.a(lib_a-mlock.o)
                0x0000000020007898                __malloc_unlock
 .text._malloc_usable_size_r
                0x00000000200078a4       0x10 /Users/mbrattlof/GitHub/TinyTimber/gcc-arm-none-eabi-8-2018-q4-major/bin/../lib/gcc/arm-none-eabi/8.2.1/../../../../arm-none-eabi/lib/thumb/v7e-m+fp/hard/libc_nano.a(lib_a-nano-msizer.o)
                0x00000000200078a4                _malloc_usable_size_r
 .text.cleanup_glue
                0x00000000200078b4       0x1a /Users/mbrattlof/GitHub/TinyTimber/gcc-arm-none-eabi-8-2018-q4-major/bin/../lib/gcc/arm-none-eabi/8.2.1/../../../../arm-none-eabi/lib/thumb/v7e-m+fp/hard/libc_nano.a(lib_a-reent.o)
                0x00000000200078b4                cleanup_glue
 *fill*         0x00000000200078ce        0x2 
 .text._reclaim_reent
                0x00000000200078d0       0xb8 /Users/mbrattlof/GitHub/TinyTimber/gcc-arm-none-eabi-8-2018-q4-major/bin/../lib/gcc/arm-none-eabi/8.2.1/../../../../arm-none-eabi/lib/thumb/v7e-m+fp/hard/libc_nano.a(lib_a-reent.o)
                0x00000000200078d0                _reclaim_reent
 .text.__retarget_lock_init
                0x0000000020007988        0x2 /Users/mbrattlof/GitHub/TinyTimber/gcc-arm-none-eabi-8-2018-q4-major/bin/../lib/gcc/arm-none-eabi/8.2.1/../../../../arm-none-eabi/lib/thumb/v7e-m+fp/hard/libc_nano.a(lib_a-lock.o)
                0x0000000020007988                __retarget_lock_init
 .text.__retarget_lock_init_recursive
                0x000000002000798a        0x2 /Users/mbrattlof/GitHub/TinyTimber/gcc-arm-none-eabi-8-2018-q4-major/bin/../lib/gcc/arm-none-eabi/8.2.1/../../../../arm-none-eabi/lib/thumb/v7e-m+fp/hard/libc_nano.a(lib_a-lock.o)
                0x000000002000798a                __retarget_lock_init_recursive
 .text.__retarget_lock_close
                0x000000002000798c        0x2 /Users/mbrattlof/GitHub/TinyTimber/gcc-arm-none-eabi-8-2018-q4-major/bin/../lib/gcc/arm-none-eabi/8.2.1/../../../../arm-none-eabi/lib/thumb/v7e-m+fp/hard/libc_nano.a(lib_a-lock.o)
                0x000000002000798c                __retarget_lock_close
 .text.__retarget_lock_close_recursive
                0x000000002000798e        0x2 /Users/mbrattlof/GitHub/TinyTimber/gcc-arm-none-eabi-8-2018-q4-major/bin/../lib/gcc/arm-none-eabi/8.2.1/../../../../arm-none-eabi/lib/thumb/v7e-m+fp/hard/libc_nano.a(lib_a-lock.o)
                0x000000002000798e                __retarget_lock_close_recursive
 .text.__retarget_lock_acquire
                0x0000000020007990        0x2 /Users/mbrattlof/GitHub/TinyTimber/gcc-arm-none-eabi-8-2018-q4-major/bin/../lib/gcc/arm-none-eabi/8.2.1/../../../../arm-none-eabi/lib/thumb/v7e-m+fp/hard/libc_nano.a(lib_a-lock.o)
                0x0000000020007990                __retarget_lock_acquire
 .text.__retarget_lock_acquire_recursive
                0x0000000020007992        0x2 /Users/mbrattlof/GitHub/TinyTimber/gcc-arm-none-eabi-8-2018-q4-major/bin/../lib/gcc/arm-none-eabi/8.2.1/../../../../arm-none-eabi/lib/thumb/v7e-m+fp/hard/libc_nano.a(lib_a-lock.o)
                0x0000000020007992                __retarget_lock_acquire_recursive
 .text.__retarget_lock_try_acquire
                0x0000000020007994        0x4 /Users/mbrattlof/GitHub/TinyTimber/gcc-arm-none-eabi-8-2018-q4-major/bin/../lib/gcc/arm-none-eabi/8.2.1/../../../../arm-none-eabi/lib/thumb/v7e-m+fp/hard/libc_nano.a(lib_a-lock.o)
                0x0000000020007994                __retarget_lock_try_acquire
 .text.__retarget_lock_try_acquire_recursive
                0x0000000020007998        0x4 /Users/mbrattlof/GitHub/TinyTimber/gcc-arm-none-eabi-8-2018-q4-major/bin/../lib/gcc/arm-none-eabi/8.2.1/../../../../arm-none-eabi/lib/thumb/v7e-m+fp/hard/libc_nano.a(lib_a-lock.o)
                0x0000000020007998                __retarget_lock_try_acquire_recursive
 .text.__retarget_lock_release
                0x000000002000799c        0x2 /Users/mbrattlof/GitHub/TinyTimber/gcc-arm-none-eabi-8-2018-q4-major/bin/../lib/gcc/arm-none-eabi/8.2.1/../../../../arm-none-eabi/lib/thumb/v7e-m+fp/hard/libc_nano.a(lib_a-lock.o)
                0x000000002000799c                __retarget_lock_release
 .text.__retarget_lock_release_recursive
                0x000000002000799e        0x2 /Users/mbrattlof/GitHub/TinyTimber/gcc-arm-none-eabi-8-2018-q4-major/bin/../lib/gcc/arm-none-eabi/8.2.1/../../../../arm-none-eabi/lib/thumb/v7e-m+fp/hard/libc_nano.a(lib_a-lock.o)
                0x000000002000799e                __retarget_lock_release_recursive
 *(.rodata)
 .rodata        0x00000000200079a0       0x43 ./Debug/startup.c.o
 *fill*         0x00000000200079e3        0x1 
 .rodata        0x00000000200079e4       0x23 ./Debug/sioTinyTimber.c.o
 *fill*         0x0000000020007a07        0x1 
 .rodata        0x0000000020007a08      0x128 ./Debug/application.c.o
 .rodata        0x0000000020007b30       0x7d ./Debug/TinyTimber.c.o
 *fill*         0x0000000020007bad        0x3 
 .rodata        0x0000000020007bb0       0xb2 ./Debug/canTinyTimber.c.o
 *(.rodata*)
 .rodata._ctype_
                0x0000000020007c62      0x101 /Users/mbrattlof/GitHub/TinyTimber/gcc-arm-none-eabi-8-2018-q4-major/bin/../lib/gcc/arm-none-eabi/8.2.1/../../../../arm-none-eabi/lib/thumb/v7e-m+fp/hard/libc_nano.a(lib_a-ctype_.o)
                0x0000000020007c62                _ctype_
 *fill*         0x0000000020007d63        0x1 
 .rodata._global_impure_ptr
                0x0000000020007d64        0x4 /Users/mbrattlof/GitHub/TinyTimber/gcc-arm-none-eabi-8-2018-q4-major/bin/../lib/gcc/arm-none-eabi/8.2.1/../../../../arm-none-eabi/lib/thumb/v7e-m+fp/hard/libc_nano.a(lib_a-impure.o)
                0x0000000020007d64                _global_impure_ptr
 .rodata._svfprintf_r.str1.1
                0x0000000020007d68       0x11 /Users/mbrattlof/GitHub/TinyTimber/gcc-arm-none-eabi-8-2018-q4-major/bin/../lib/gcc/arm-none-eabi/8.2.1/../../../../arm-none-eabi/lib/thumb/v7e-m+fp/hard/libc_nano.a(lib_a-nano-svfprintf.o)
 .rodata._printf_i.str1.1
                0x0000000020007d79       0x22 /Users/mbrattlof/GitHub/TinyTimber/gcc-arm-none-eabi-8-2018-q4-major/bin/../lib/gcc/arm-none-eabi/8.2.1/../../../../arm-none-eabi/lib/thumb/v7e-m+fp/hard/libc_nano.a(lib_a-nano-vfprintf_i.o)
 *(.glue_7)
 .glue_7        0x0000000020007d9b        0x0 linker stubs
 *(.glue_7t)
 .glue_7t       0x0000000020007d9b        0x0 linker stubs
                0x0000000020007d9c                . = ALIGN (0x4)
 *fill*         0x0000000020007d9b        0x1 

.vfp11_veneer   0x0000000020007d9c        0x0
 .vfp11_veneer  0x0000000020007d9c        0x0 linker stubs

.v4_bx          0x0000000020007d9c        0x0
 .v4_bx         0x0000000020007d9c        0x0 linker stubs

.iplt           0x0000000020007d9c        0x0
 .iplt          0x0000000020007d9c        0x0 ./Debug/driver_src_stm32f4xx_exti.c.o

.rel.dyn        0x0000000020007d9c        0x0
 .rel.iplt      0x0000000020007d9c        0x0 ./Debug/driver_src_stm32f4xx_exti.c.o

.data           0x0000000020007d9c      0x7a8
                0x0000000020007d9c                . = ALIGN (0x4)
 *(.data)
 .data          0x0000000020007d9c        0x0 ./Debug/driver_src_stm32f4xx_exti.c.o
 .data          0x0000000020007d9c        0x0 ./Debug/driver_src_stm32f4xx_can.c.o
 .data          0x0000000020007d9c        0x0 ./Debug/sciTinyTimber.c.o
 .data          0x0000000020007d9c        0x0 ./Debug/driver_src_stm32f4xx_tim.c.o
 .data          0x0000000020007d9c       0x84 ./Debug/dispatch.s.o
 .data          0x0000000020007e20       0x10 ./Debug/driver_src_stm32f4xx_rcc.c.o
 .data          0x0000000020007e30        0x0 ./Debug/startup.c.o
 .data          0x0000000020007e30        0x0 ./Debug/driver_src_stm32f4xx_gpio.c.o
 .data          0x0000000020007e30        0x0 ./Debug/sioTinyTimber.c.o
 .data          0x0000000020007e30      0x68c ./Debug/application.c.o
                0x0000000020007e30                DAC_OUTPUT
                0x0000000020007e34                LEADER
                0x0000000020007e38                freqind
                0x0000000020007eb8                periods
                0x0000000020007f1c                beats
                0x0000000020007f9c                s
                0x0000000020007fc8                b
                0x0000000020007ff4                m
                0x000000002000800c                sci0
                0x000000002000842c                can0
                0x00000000200084a8                sysio
 .data          0x00000000200084bc       0x24 ./Debug/TinyTimber.c.o
                0x00000000200084bc                hex
                0x00000000200084d0                msgPool
                0x00000000200084d4                threadPool
                0x00000000200084d8                activeStack
                0x00000000200084dc                current
 .data          0x00000000200084e0        0x0 ./Debug/buffer.c.o
 .data          0x00000000200084e0        0x0 ./Debug/driver_src_stm32f4xx_usart.c.o
 .data          0x00000000200084e0        0x0 ./Debug/canTinyTimber.c.o
 .data          0x00000000200084e0        0x0 /Users/mbrattlof/GitHub/TinyTimber/gcc-arm-none-eabi-8-2018-q4-major/bin/../lib/gcc/arm-none-eabi/8.2.1/../../../../arm-none-eabi/lib/thumb/v7e-m+fp/hard/libc_nano.a(lib_a-atoi.o)
 .data          0x00000000200084e0        0x0 /Users/mbrattlof/GitHub/TinyTimber/gcc-arm-none-eabi-8-2018-q4-major/bin/../lib/gcc/arm-none-eabi/8.2.1/../../../../arm-none-eabi/lib/thumb/v7e-m+fp/hard/libc_nano.a(lib_a-snprintf.o)
 .data          0x00000000200084e0        0x0 /Users/mbrattlof/GitHub/TinyTimber/gcc-arm-none-eabi-8-2018-q4-major/bin/../lib/gcc/arm-none-eabi/8.2.1/../../../../arm-none-eabi/lib/thumb/v7e-m+fp/hard/libc_nano.a(lib_a-strtol.o)
 .data          0x00000000200084e0        0x0 /Users/mbrattlof/GitHub/TinyTimber/gcc-arm-none-eabi-8-2018-q4-major/bin/../lib/gcc/arm-none-eabi/8.2.1/../../../../arm-none-eabi/lib/thumb/v7e-m+fp/hard/libc_nano.a(lib_a-ctype_.o)
 .data          0x00000000200084e0        0x0 /Users/mbrattlof/GitHub/TinyTimber/gcc-arm-none-eabi-8-2018-q4-major/bin/../lib/gcc/arm-none-eabi/8.2.1/../../../../arm-none-eabi/lib/thumb/v7e-m+fp/hard/libc_nano.a(lib_a-impure.o)
 .data          0x00000000200084e0        0x0 /Users/mbrattlof/GitHub/TinyTimber/gcc-arm-none-eabi-8-2018-q4-major/bin/../lib/gcc/arm-none-eabi/8.2.1/../../../../arm-none-eabi/lib/thumb/v7e-m+fp/hard/libc_nano.a(lib_a-nano-svfprintf.o)
 .data          0x00000000200084e0        0x0 /Users/mbrattlof/GitHub/TinyTimber/gcc-arm-none-eabi-8-2018-q4-major/bin/../lib/gcc/arm-none-eabi/8.2.1/../../../../arm-none-eabi/lib/thumb/v7e-m+fp/hard/libc_nano.a(lib_a-nano-vfprintf_i.o)
 .data          0x00000000200084e0        0x0 /Users/mbrattlof/GitHub/TinyTimber/gcc-arm-none-eabi-8-2018-q4-major/bin/../lib/gcc/arm-none-eabi/8.2.1/../../../../arm-none-eabi/lib/thumb/v7e-m+fp/hard/libc_nano.a(lib_a-memchr.o)
 .data          0x00000000200084e0        0x0 /Users/mbrattlof/GitHub/TinyTimber/gcc-arm-none-eabi-8-2018-q4-major/bin/../lib/gcc/arm-none-eabi/8.2.1/../../../../arm-none-eabi/lib/thumb/v7e-m+fp/hard/libc_nano.a(lib_a-memcpy-stub.o)
 .data          0x00000000200084e0        0x0 /Users/mbrattlof/GitHub/TinyTimber/gcc-arm-none-eabi-8-2018-q4-major/bin/../lib/gcc/arm-none-eabi/8.2.1/../../../../arm-none-eabi/lib/thumb/v7e-m+fp/hard/libc_nano.a(lib_a-memmove.o)
 .data          0x00000000200084e0        0x0 /Users/mbrattlof/GitHub/TinyTimber/gcc-arm-none-eabi-8-2018-q4-major/bin/../lib/gcc/arm-none-eabi/8.2.1/../../../../arm-none-eabi/lib/thumb/v7e-m+fp/hard/libc_nano.a(lib_a-nano-freer.o)
 .data          0x00000000200084e0        0x0 /Users/mbrattlof/GitHub/TinyTimber/gcc-arm-none-eabi-8-2018-q4-major/bin/../lib/gcc/arm-none-eabi/8.2.1/../../../../arm-none-eabi/lib/thumb/v7e-m+fp/hard/libc_nano.a(lib_a-nano-mallocr.o)
 .data          0x00000000200084e0        0x0 /Users/mbrattlof/GitHub/TinyTimber/gcc-arm-none-eabi-8-2018-q4-major/bin/../lib/gcc/arm-none-eabi/8.2.1/../../../../arm-none-eabi/lib/thumb/v7e-m+fp/hard/libc_nano.a(lib_a-nano-reallocr.o)
 .data          0x00000000200084e0        0x0 /Users/mbrattlof/GitHub/TinyTimber/gcc-arm-none-eabi-8-2018-q4-major/bin/../lib/gcc/arm-none-eabi/8.2.1/../../../../arm-none-eabi/lib/thumb/v7e-m+fp/hard/libc_nano.a(lib_a-sbrkr.o)
 .data          0x00000000200084e0        0x0 /Users/mbrattlof/GitHub/TinyTimber/gcc-arm-none-eabi-8-2018-q4-major/bin/../lib/gcc/arm-none-eabi/8.2.1/../../../../arm-none-eabi/lib/thumb/v7e-m+fp/hard/libc_nano.a(lib_a-mlock.o)
 .data          0x00000000200084e0        0x0 /Users/mbrattlof/GitHub/TinyTimber/gcc-arm-none-eabi-8-2018-q4-major/bin/../lib/gcc/arm-none-eabi/8.2.1/../../../../arm-none-eabi/lib/thumb/v7e-m+fp/hard/libc_nano.a(lib_a-nano-msizer.o)
 .data          0x00000000200084e0        0x0 /Users/mbrattlof/GitHub/TinyTimber/gcc-arm-none-eabi-8-2018-q4-major/bin/../lib/gcc/arm-none-eabi/8.2.1/../../../../arm-none-eabi/lib/thumb/v7e-m+fp/hard/libc_nano.a(lib_a-reent.o)
 .data          0x00000000200084e0        0x0 /Users/mbrattlof/GitHub/TinyTimber/gcc-arm-none-eabi-8-2018-q4-major/bin/../lib/gcc/arm-none-eabi/8.2.1/../../../../arm-none-eabi/lib/thumb/v7e-m+fp/hard/libc_nano.a(lib_a-lock.o)
 *(.data.*)
 .data._impure_ptr
                0x00000000200084e0        0x4 /Users/mbrattlof/GitHub/TinyTimber/gcc-arm-none-eabi-8-2018-q4-major/bin/../lib/gcc/arm-none-eabi/8.2.1/../../../../arm-none-eabi/lib/thumb/v7e-m+fp/hard/libc_nano.a(lib_a-impure.o)
                0x00000000200084e0                _impure_ptr
 .data.impure_data
                0x00000000200084e4       0x60 /Users/mbrattlof/GitHub/TinyTimber/gcc-arm-none-eabi-8-2018-q4-major/bin/../lib/gcc/arm-none-eabi/8.2.1/../../../../arm-none-eabi/lib/thumb/v7e-m+fp/hard/libc_nano.a(lib_a-impure.o)
                0x0000000020008544                . = ALIGN (0x4)

.igot.plt       0x0000000020008544        0x0
 .igot.plt      0x0000000020008544        0x0 ./Debug/driver_src_stm32f4xx_exti.c.o

.bss            0x0000000020008548     0x8498
                0x0000000020008548                . = ALIGN (0x4)
                0x0000000020008548                _sbss = .
 *(.bss)
 .bss           0x0000000020008548        0x0 ./Debug/driver_src_stm32f4xx_exti.c.o
 .bss           0x0000000020008548        0x0 ./Debug/driver_src_stm32f4xx_can.c.o
 .bss           0x0000000020008548        0x0 ./Debug/sciTinyTimber.c.o
 .bss           0x0000000020008548        0x0 ./Debug/driver_src_stm32f4xx_tim.c.o
 .bss           0x0000000020008548        0x0 ./Debug/dispatch.s.o
 .bss           0x0000000020008548        0x0 ./Debug/driver_src_stm32f4xx_rcc.c.o
 .bss           0x0000000020008548        0x0 ./Debug/startup.c.o
 .bss           0x0000000020008548        0x0 ./Debug/driver_src_stm32f4xx_gpio.c.o
 .bss           0x0000000020008548        0x0 ./Debug/sioTinyTimber.c.o
 .bss           0x0000000020008548      0x110 ./Debug/application.c.o
                0x0000000020008548                app
                0x00000000200085fc                btn
                0x000000002000861c                circbuff
 .bss           0x0000000020008658       0x18 ./Debug/TinyTimber.c.o
                0x0000000020008658                doIRQSchedule
                0x000000002000865c                msgQ
                0x0000000020008660                timerQ
                0x0000000020008664                runAsHardware
                0x0000000020008668                timestamp
                0x000000002000866c                overflows
 .bss           0x0000000020008670        0x0 ./Debug/buffer.c.o
 .bss           0x0000000020008670        0x0 ./Debug/driver_src_stm32f4xx_usart.c.o
 .bss           0x0000000020008670        0x0 ./Debug/canTinyTimber.c.o
 .bss           0x0000000020008670        0x0 /Users/mbrattlof/GitHub/TinyTimber/gcc-arm-none-eabi-8-2018-q4-major/bin/../lib/gcc/arm-none-eabi/8.2.1/../../../../arm-none-eabi/lib/thumb/v7e-m+fp/hard/libc_nano.a(lib_a-atoi.o)
 .bss           0x0000000020008670        0x0 /Users/mbrattlof/GitHub/TinyTimber/gcc-arm-none-eabi-8-2018-q4-major/bin/../lib/gcc/arm-none-eabi/8.2.1/../../../../arm-none-eabi/lib/thumb/v7e-m+fp/hard/libc_nano.a(lib_a-snprintf.o)
 .bss           0x0000000020008670        0x0 /Users/mbrattlof/GitHub/TinyTimber/gcc-arm-none-eabi-8-2018-q4-major/bin/../lib/gcc/arm-none-eabi/8.2.1/../../../../arm-none-eabi/lib/thumb/v7e-m+fp/hard/libc_nano.a(lib_a-strtol.o)
 .bss           0x0000000020008670        0x0 /Users/mbrattlof/GitHub/TinyTimber/gcc-arm-none-eabi-8-2018-q4-major/bin/../lib/gcc/arm-none-eabi/8.2.1/../../../../arm-none-eabi/lib/thumb/v7e-m+fp/hard/libc_nano.a(lib_a-ctype_.o)
 .bss           0x0000000020008670        0x0 /Users/mbrattlof/GitHub/TinyTimber/gcc-arm-none-eabi-8-2018-q4-major/bin/../lib/gcc/arm-none-eabi/8.2.1/../../../../arm-none-eabi/lib/thumb/v7e-m+fp/hard/libc_nano.a(lib_a-impure.o)
 .bss           0x0000000020008670        0x0 /Users/mbrattlof/GitHub/TinyTimber/gcc-arm-none-eabi-8-2018-q4-major/bin/../lib/gcc/arm-none-eabi/8.2.1/../../../../arm-none-eabi/lib/thumb/v7e-m+fp/hard/libc_nano.a(lib_a-nano-svfprintf.o)
 .bss           0x0000000020008670        0x0 /Users/mbrattlof/GitHub/TinyTimber/gcc-arm-none-eabi-8-2018-q4-major/bin/../lib/gcc/arm-none-eabi/8.2.1/../../../../arm-none-eabi/lib/thumb/v7e-m+fp/hard/libc_nano.a(lib_a-nano-vfprintf_i.o)
 .bss           0x0000000020008670        0x0 /Users/mbrattlof/GitHub/TinyTimber/gcc-arm-none-eabi-8-2018-q4-major/bin/../lib/gcc/arm-none-eabi/8.2.1/../../../../arm-none-eabi/lib/thumb/v7e-m+fp/hard/libc_nano.a(lib_a-memchr.o)
 .bss           0x0000000020008670        0x0 /Users/mbrattlof/GitHub/TinyTimber/gcc-arm-none-eabi-8-2018-q4-major/bin/../lib/gcc/arm-none-eabi/8.2.1/../../../../arm-none-eabi/lib/thumb/v7e-m+fp/hard/libc_nano.a(lib_a-memcpy-stub.o)
 .bss           0x0000000020008670        0x0 /Users/mbrattlof/GitHub/TinyTimber/gcc-arm-none-eabi-8-2018-q4-major/bin/../lib/gcc/arm-none-eabi/8.2.1/../../../../arm-none-eabi/lib/thumb/v7e-m+fp/hard/libc_nano.a(lib_a-memmove.o)
 .bss           0x0000000020008670        0x0 /Users/mbrattlof/GitHub/TinyTimber/gcc-arm-none-eabi-8-2018-q4-major/bin/../lib/gcc/arm-none-eabi/8.2.1/../../../../arm-none-eabi/lib/thumb/v7e-m+fp/hard/libc_nano.a(lib_a-nano-freer.o)
 .bss           0x0000000020008670        0x0 /Users/mbrattlof/GitHub/TinyTimber/gcc-arm-none-eabi-8-2018-q4-major/bin/../lib/gcc/arm-none-eabi/8.2.1/../../../../arm-none-eabi/lib/thumb/v7e-m+fp/hard/libc_nano.a(lib_a-nano-mallocr.o)
 .bss           0x0000000020008670        0x0 /Users/mbrattlof/GitHub/TinyTimber/gcc-arm-none-eabi-8-2018-q4-major/bin/../lib/gcc/arm-none-eabi/8.2.1/../../../../arm-none-eabi/lib/thumb/v7e-m+fp/hard/libc_nano.a(lib_a-nano-reallocr.o)
 .bss           0x0000000020008670        0x0 /Users/mbrattlof/GitHub/TinyTimber/gcc-arm-none-eabi-8-2018-q4-major/bin/../lib/gcc/arm-none-eabi/8.2.1/../../../../arm-none-eabi/lib/thumb/v7e-m+fp/hard/libc_nano.a(lib_a-sbrkr.o)
 .bss           0x0000000020008670        0x0 /Users/mbrattlof/GitHub/TinyTimber/gcc-arm-none-eabi-8-2018-q4-major/bin/../lib/gcc/arm-none-eabi/8.2.1/../../../../arm-none-eabi/lib/thumb/v7e-m+fp/hard/libc_nano.a(lib_a-mlock.o)
 .bss           0x0000000020008670        0x0 /Users/mbrattlof/GitHub/TinyTimber/gcc-arm-none-eabi-8-2018-q4-major/bin/../lib/gcc/arm-none-eabi/8.2.1/../../../../arm-none-eabi/lib/thumb/v7e-m+fp/hard/libc_nano.a(lib_a-nano-msizer.o)
 .bss           0x0000000020008670        0x0 /Users/mbrattlof/GitHub/TinyTimber/gcc-arm-none-eabi-8-2018-q4-major/bin/../lib/gcc/arm-none-eabi/8.2.1/../../../../arm-none-eabi/lib/thumb/v7e-m+fp/hard/libc_nano.a(lib_a-reent.o)
 .bss           0x0000000020008670        0x0 /Users/mbrattlof/GitHub/TinyTimber/gcc-arm-none-eabi-8-2018-q4-major/bin/../lib/gcc/arm-none-eabi/8.2.1/../../../../arm-none-eabi/lib/thumb/v7e-m+fp/hard/libc_nano.a(lib_a-lock.o)
 *(.bss.*)
 .bss.__malloc_free_list
                0x0000000020008670        0x4 /Users/mbrattlof/GitHub/TinyTimber/gcc-arm-none-eabi-8-2018-q4-major/bin/../lib/gcc/arm-none-eabi/8.2.1/../../../../arm-none-eabi/lib/thumb/v7e-m+fp/hard/libc_nano.a(lib_a-nano-mallocr.o)
                0x0000000020008670                __malloc_free_list
 .bss.__malloc_sbrk_start
                0x0000000020008674        0x4 /Users/mbrattlof/GitHub/TinyTimber/gcc-arm-none-eabi-8-2018-q4-major/bin/../lib/gcc/arm-none-eabi/8.2.1/../../../../arm-none-eabi/lib/thumb/v7e-m+fp/hard/libc_nano.a(lib_a-nano-mallocr.o)
                0x0000000020008674                __malloc_sbrk_start
 *(COMMON)
 COMMON         0x0000000020008678        0x0 ./Debug/sciTinyTimber.c.o
 COMMON         0x0000000020008678     0x8358 ./Debug/TinyTimber.c.o
                0x0000000020008678                otable
                0x0000000020008684                upcoming
                0x0000000020008688                threads
                0x00000000200086d8                mtable
                0x00000000200086e4                thread0
                0x00000000200086f8                messages
                0x00000000200089c8                __heap_end
                0x00000000200089d0                stacks
 COMMON         0x00000000200109d0        0x4 /Users/mbrattlof/GitHub/TinyTimber/gcc-arm-none-eabi-8-2018-q4-major/bin/../lib/gcc/arm-none-eabi/8.2.1/../../../../arm-none-eabi/lib/thumb/v7e-m+fp/hard/libc_nano.a(lib_a-reent.o)
                0x00000000200109d0                errno
 COMMON         0x00000000200109d4        0x9 /Users/mbrattlof/GitHub/TinyTimber/gcc-arm-none-eabi-8-2018-q4-major/bin/../lib/gcc/arm-none-eabi/8.2.1/../../../../arm-none-eabi/lib/thumb/v7e-m+fp/hard/libc_nano.a(lib_a-lock.o)
                0x00000000200109d4                __lock___atexit_recursive_mutex
                0x00000000200109d5                __lock___arc4random_mutex
                0x00000000200109d6                __lock___env_recursive_mutex
                0x00000000200109d7                __lock___sinit_recursive_mutex
                0x00000000200109d8                __lock___malloc_recursive_mutex
                0x00000000200109d9                __lock___at_quick_exit_mutex
                0x00000000200109da                __lock___dd_hash_mutex
                0x00000000200109db                __lock___tz_mutex
                0x00000000200109dc                __lock___sfp_recursive_mutex
                0x00000000200109e0                . = ALIGN (0x4)
 *fill*         0x00000000200109dd        0x3 
                0x00000000200109e0                _ebss = .
                0x00000000200109e0                PROVIDE (end = _ebss)
                [!provide]                        PROVIDE (_end = _ebss)
OUTPUT(./Debug/RTS-Lab.elf elf32-littlearm)

.debug_info     0x0000000000000000     0xa696
 .debug_info    0x0000000000000000      0x383 ./Debug/driver_src_stm32f4xx_exti.c.o
 .debug_info    0x0000000000000383      0xc60 ./Debug/driver_src_stm32f4xx_can.c.o
 .debug_info    0x0000000000000fe3      0x9d7 ./Debug/sciTinyTimber.c.o
 .debug_info    0x00000000000019ba     0x1e26 ./Debug/driver_src_stm32f4xx_tim.c.o
 .debug_info    0x00000000000037e0      0xef4 ./Debug/driver_src_stm32f4xx_rcc.c.o
 .debug_info    0x00000000000046d4      0x3f8 ./Debug/startup.c.o
 .debug_info    0x0000000000004acc      0x67f ./Debug/driver_src_stm32f4xx_gpio.c.o
 .debug_info    0x000000000000514b      0x961 ./Debug/sioTinyTimber.c.o
 .debug_info    0x0000000000005aac     0x18f7 ./Debug/application.c.o
 .debug_info    0x00000000000073a3     0x18b9 ./Debug/TinyTimber.c.o
 .debug_info    0x0000000000008c5c      0x1fc ./Debug/buffer.c.o
 .debug_info    0x0000000000008e58      0xa68 ./Debug/driver_src_stm32f4xx_usart.c.o
 .debug_info    0x00000000000098c0      0xdd6 ./Debug/canTinyTimber.c.o

.debug_abbrev   0x0000000000000000     0x1e14
 .debug_abbrev  0x0000000000000000      0x1ea ./Debug/driver_src_stm32f4xx_exti.c.o
 .debug_abbrev  0x00000000000001ea      0x238 ./Debug/driver_src_stm32f4xx_can.c.o
 .debug_abbrev  0x0000000000000422      0x286 ./Debug/sciTinyTimber.c.o
 .debug_abbrev  0x00000000000006a8      0x1c2 ./Debug/driver_src_stm32f4xx_tim.c.o
 .debug_abbrev  0x000000000000086a      0x1f9 ./Debug/driver_src_stm32f4xx_rcc.c.o
 .debug_abbrev  0x0000000000000a63      0x1ca ./Debug/startup.c.o
 .debug_abbrev  0x0000000000000c2d      0x1e6 ./Debug/driver_src_stm32f4xx_gpio.c.o
 .debug_abbrev  0x0000000000000e13      0x256 ./Debug/sioTinyTimber.c.o
 .debug_abbrev  0x0000000000001069      0x363 ./Debug/application.c.o
 .debug_abbrev  0x00000000000013cc      0x4e3 ./Debug/TinyTimber.c.o
 .debug_abbrev  0x00000000000018af      0x133 ./Debug/buffer.c.o
 .debug_abbrev  0x00000000000019e2      0x1a8 ./Debug/driver_src_stm32f4xx_usart.c.o
 .debug_abbrev  0x0000000000001b8a      0x28a ./Debug/canTinyTimber.c.o

.debug_aranges  0x0000000000000000      0x1a8
 .debug_aranges
                0x0000000000000000       0x20 ./Debug/driver_src_stm32f4xx_exti.c.o
 .debug_aranges
                0x0000000000000020       0x20 ./Debug/driver_src_stm32f4xx_can.c.o
 .debug_aranges
                0x0000000000000040       0x20 ./Debug/sciTinyTimber.c.o
 .debug_aranges
                0x0000000000000060       0x20 ./Debug/driver_src_stm32f4xx_tim.c.o
 .debug_aranges
                0x0000000000000080       0x20 ./Debug/driver_src_stm32f4xx_rcc.c.o
 .debug_aranges
                0x00000000000000a0       0x28 ./Debug/startup.c.o
 .debug_aranges
                0x00000000000000c8       0x20 ./Debug/driver_src_stm32f4xx_gpio.c.o
 .debug_aranges
                0x00000000000000e8       0x20 ./Debug/sioTinyTimber.c.o
 .debug_aranges
                0x0000000000000108       0x20 ./Debug/application.c.o
 .debug_aranges
                0x0000000000000128       0x20 ./Debug/TinyTimber.c.o
 .debug_aranges
                0x0000000000000148       0x20 ./Debug/buffer.c.o
 .debug_aranges
                0x0000000000000168       0x20 ./Debug/driver_src_stm32f4xx_usart.c.o
 .debug_aranges
                0x0000000000000188       0x20 ./Debug/canTinyTimber.c.o

.debug_line     0x0000000000000000     0x5321
 .debug_line    0x0000000000000000      0x405 ./Debug/driver_src_stm32f4xx_exti.c.o
 .debug_line    0x0000000000000405      0x9ef ./Debug/driver_src_stm32f4xx_can.c.o
 .debug_line    0x0000000000000df4      0x389 ./Debug/sciTinyTimber.c.o
 .debug_line    0x000000000000117d      0xcab ./Debug/driver_src_stm32f4xx_tim.c.o
 .debug_line    0x0000000000001e28      0x88e ./Debug/driver_src_stm32f4xx_rcc.c.o
 .debug_line    0x00000000000026b6      0x2af ./Debug/startup.c.o
 .debug_line    0x0000000000002965      0x536 ./Debug/driver_src_stm32f4xx_gpio.c.o
 .debug_line    0x0000000000002e9b      0x396 ./Debug/sioTinyTimber.c.o
 .debug_line    0x0000000000003231      0x6a3 ./Debug/application.c.o
 .debug_line    0x00000000000038d4      0xbd2 ./Debug/TinyTimber.c.o
 .debug_line    0x00000000000044a6      0x2a5 ./Debug/buffer.c.o
 .debug_line    0x000000000000474b      0x698 ./Debug/driver_src_stm32f4xx_usart.c.o
 .debug_line    0x0000000000004de3      0x53e ./Debug/canTinyTimber.c.o

.debug_str      0x0000000000000000     0x387d
 .debug_str     0x0000000000000000      0x3c1 ./Debug/driver_src_stm32f4xx_exti.c.o
                                        0x42a (size before relaxing)
 .debug_str     0x00000000000003c1      0x5c6 ./Debug/driver_src_stm32f4xx_can.c.o
                                        0x81c (size before relaxing)
 .debug_str     0x0000000000000987      0x6e7 ./Debug/sciTinyTimber.c.o
                                        0x951 (size before relaxing)
 .debug_str     0x000000000000106e      0xbd1 ./Debug/driver_src_stm32f4xx_tim.c.o
                                        0xeae (size before relaxing)
 .debug_str     0x0000000000001c3f      0x7c9 ./Debug/driver_src_stm32f4xx_rcc.c.o
                                        0xa73 (size before relaxing)
 .debug_str     0x0000000000002408       0xf1 ./Debug/startup.c.o
                                        0x347 (size before relaxing)
 .debug_str     0x00000000000024f9      0x370 ./Debug/driver_src_stm32f4xx_gpio.c.o
                                        0x581 (size before relaxing)
 .debug_str     0x0000000000002869       0xc1 ./Debug/sioTinyTimber.c.o
                                        0x95b (size before relaxing)
 .debug_str     0x000000000000292a      0x673 ./Debug/application.c.o
                                        0xa8d (size before relaxing)
 .debug_str     0x0000000000002f9d      0x31c ./Debug/TinyTimber.c.o
                                        0xd42 (size before relaxing)
 .debug_str     0x00000000000032b9       0x7f ./Debug/buffer.c.o
                                        0x2ad (size before relaxing)
 .debug_str     0x0000000000003338      0x46c ./Debug/driver_src_stm32f4xx_usart.c.o
                                        0x76d (size before relaxing)
 .debug_str     0x00000000000037a4       0xd9 ./Debug/canTinyTimber.c.o
                                        0xafe (size before relaxing)

.comment        0x0000000000000000       0x75
 .comment       0x0000000000000000       0x75 ./Debug/driver_src_stm32f4xx_exti.c.o
                                         0x76 (size before relaxing)
 .comment       0x0000000000000075       0x76 ./Debug/driver_src_stm32f4xx_can.c.o
 .comment       0x0000000000000075       0x76 ./Debug/sciTinyTimber.c.o
 .comment       0x0000000000000075       0x76 ./Debug/driver_src_stm32f4xx_tim.c.o
 .comment       0x0000000000000075       0x76 ./Debug/driver_src_stm32f4xx_rcc.c.o
 .comment       0x0000000000000075       0x76 ./Debug/startup.c.o
 .comment       0x0000000000000075       0x76 ./Debug/driver_src_stm32f4xx_gpio.c.o
 .comment       0x0000000000000075       0x76 ./Debug/sioTinyTimber.c.o
 .comment       0x0000000000000075       0x76 ./Debug/application.c.o
 .comment       0x0000000000000075       0x76 ./Debug/TinyTimber.c.o
 .comment       0x0000000000000075       0x76 ./Debug/buffer.c.o
 .comment       0x0000000000000075       0x76 ./Debug/driver_src_stm32f4xx_usart.c.o
 .comment       0x0000000000000075       0x76 ./Debug/canTinyTimber.c.o

.ARM.attributes
                0x0000000000000000       0x32
 .ARM.attributes
                0x0000000000000000       0x34 ./Debug/driver_src_stm32f4xx_exti.c.o
 .ARM.attributes
                0x0000000000000034       0x34 ./Debug/driver_src_stm32f4xx_can.c.o
 .ARM.attributes
                0x0000000000000068       0x34 ./Debug/sciTinyTimber.c.o
 .ARM.attributes
                0x000000000000009c       0x34 ./Debug/driver_src_stm32f4xx_tim.c.o
 .ARM.attributes
                0x00000000000000d0       0x25 ./Debug/dispatch.s.o
 .ARM.attributes
                0x00000000000000f5       0x34 ./Debug/driver_src_stm32f4xx_rcc.c.o
 .ARM.attributes
                0x0000000000000129       0x34 ./Debug/startup.c.o
 .ARM.attributes
                0x000000000000015d       0x34 ./Debug/driver_src_stm32f4xx_gpio.c.o
 .ARM.attributes
                0x0000000000000191       0x34 ./Debug/sioTinyTimber.c.o
 .ARM.attributes
                0x00000000000001c5       0x34 ./Debug/application.c.o
 .ARM.attributes
                0x00000000000001f9       0x34 ./Debug/TinyTimber.c.o
 .ARM.attributes
                0x000000000000022d       0x34 ./Debug/buffer.c.o
 .ARM.attributes
                0x0000000000000261       0x34 ./Debug/driver_src_stm32f4xx_usart.c.o
 .ARM.attributes
                0x0000000000000295       0x34 ./Debug/canTinyTimber.c.o
 .ARM.attributes
                0x00000000000002c9       0x34 /Users/mbrattlof/GitHub/TinyTimber/gcc-arm-none-eabi-8-2018-q4-major/bin/../lib/gcc/arm-none-eabi/8.2.1/../../../../arm-none-eabi/lib/thumb/v7e-m+fp/hard/libc_nano.a(lib_a-atoi.o)
 .ARM.attributes
                0x00000000000002fd       0x34 /Users/mbrattlof/GitHub/TinyTimber/gcc-arm-none-eabi-8-2018-q4-major/bin/../lib/gcc/arm-none-eabi/8.2.1/../../../../arm-none-eabi/lib/thumb/v7e-m+fp/hard/libc_nano.a(lib_a-snprintf.o)
 .ARM.attributes
                0x0000000000000331       0x34 /Users/mbrattlof/GitHub/TinyTimber/gcc-arm-none-eabi-8-2018-q4-major/bin/../lib/gcc/arm-none-eabi/8.2.1/../../../../arm-none-eabi/lib/thumb/v7e-m+fp/hard/libc_nano.a(lib_a-strtol.o)
 .ARM.attributes
                0x0000000000000365       0x32 /Users/mbrattlof/GitHub/TinyTimber/gcc-arm-none-eabi-8-2018-q4-major/bin/../lib/gcc/arm-none-eabi/8.2.1/../../../../arm-none-eabi/lib/thumb/v7e-m+fp/hard/libc_nano.a(lib_a-ctype_.o)
 .ARM.attributes
                0x0000000000000397       0x32 /Users/mbrattlof/GitHub/TinyTimber/gcc-arm-none-eabi-8-2018-q4-major/bin/../lib/gcc/arm-none-eabi/8.2.1/../../../../arm-none-eabi/lib/thumb/v7e-m+fp/hard/libc_nano.a(lib_a-impure.o)
 .ARM.attributes
                0x00000000000003c9       0x34 /Users/mbrattlof/GitHub/TinyTimber/gcc-arm-none-eabi-8-2018-q4-major/bin/../lib/gcc/arm-none-eabi/8.2.1/../../../../arm-none-eabi/lib/thumb/v7e-m+fp/hard/libc_nano.a(lib_a-nano-svfprintf.o)
 .ARM.attributes
                0x00000000000003fd       0x34 /Users/mbrattlof/GitHub/TinyTimber/gcc-arm-none-eabi-8-2018-q4-major/bin/../lib/gcc/arm-none-eabi/8.2.1/../../../../arm-none-eabi/lib/thumb/v7e-m+fp/hard/libc_nano.a(lib_a-nano-vfprintf_i.o)
 .ARM.attributes
                0x0000000000000431       0x1c /Users/mbrattlof/GitHub/TinyTimber/gcc-arm-none-eabi-8-2018-q4-major/bin/../lib/gcc/arm-none-eabi/8.2.1/../../../../arm-none-eabi/lib/thumb/v7e-m+fp/hard/libc_nano.a(lib_a-memchr.o)
 .ARM.attributes
                0x000000000000044d       0x34 /Users/mbrattlof/GitHub/TinyTimber/gcc-arm-none-eabi-8-2018-q4-major/bin/../lib/gcc/arm-none-eabi/8.2.1/../../../../arm-none-eabi/lib/thumb/v7e-m+fp/hard/libc_nano.a(lib_a-memcpy-stub.o)
 .ARM.attributes
                0x0000000000000481       0x34 /Users/mbrattlof/GitHub/TinyTimber/gcc-arm-none-eabi-8-2018-q4-major/bin/../lib/gcc/arm-none-eabi/8.2.1/../../../../arm-none-eabi/lib/thumb/v7e-m+fp/hard/libc_nano.a(lib_a-memmove.o)
 .ARM.attributes
                0x00000000000004b5       0x34 /Users/mbrattlof/GitHub/TinyTimber/gcc-arm-none-eabi-8-2018-q4-major/bin/../lib/gcc/arm-none-eabi/8.2.1/../../../../arm-none-eabi/lib/thumb/v7e-m+fp/hard/libc_nano.a(lib_a-nano-freer.o)
 .ARM.attributes
                0x00000000000004e9       0x34 /Users/mbrattlof/GitHub/TinyTimber/gcc-arm-none-eabi-8-2018-q4-major/bin/../lib/gcc/arm-none-eabi/8.2.1/../../../../arm-none-eabi/lib/thumb/v7e-m+fp/hard/libc_nano.a(lib_a-nano-mallocr.o)
 .ARM.attributes
                0x000000000000051d       0x34 /Users/mbrattlof/GitHub/TinyTimber/gcc-arm-none-eabi-8-2018-q4-major/bin/../lib/gcc/arm-none-eabi/8.2.1/../../../../arm-none-eabi/lib/thumb/v7e-m+fp/hard/libc_nano.a(lib_a-nano-reallocr.o)
 .ARM.attributes
                0x0000000000000551       0x34 /Users/mbrattlof/GitHub/TinyTimber/gcc-arm-none-eabi-8-2018-q4-major/bin/../lib/gcc/arm-none-eabi/8.2.1/../../../../arm-none-eabi/lib/thumb/v7e-m+fp/hard/libc_nano.a(lib_a-sbrkr.o)
 .ARM.attributes
                0x0000000000000585       0x34 /Users/mbrattlof/GitHub/TinyTimber/gcc-arm-none-eabi-8-2018-q4-major/bin/../lib/gcc/arm-none-eabi/8.2.1/../../../../arm-none-eabi/lib/thumb/v7e-m+fp/hard/libc_nano.a(lib_a-mlock.o)
 .ARM.attributes
                0x00000000000005b9       0x34 /Users/mbrattlof/GitHub/TinyTimber/gcc-arm-none-eabi-8-2018-q4-major/bin/../lib/gcc/arm-none-eabi/8.2.1/../../../../arm-none-eabi/lib/thumb/v7e-m+fp/hard/libc_nano.a(lib_a-nano-msizer.o)
 .ARM.attributes
                0x00000000000005ed       0x34 /Users/mbrattlof/GitHub/TinyTimber/gcc-arm-none-eabi-8-2018-q4-major/bin/../lib/gcc/arm-none-eabi/8.2.1/../../../../arm-none-eabi/lib/thumb/v7e-m+fp/hard/libc_nano.a(lib_a-reent.o)
 .ARM.attributes
                0x0000000000000621       0x34 /Users/mbrattlof/GitHub/TinyTimber/gcc-arm-none-eabi-8-2018-q4-major/bin/../lib/gcc/arm-none-eabi/8.2.1/../../../../arm-none-eabi/lib/thumb/v7e-m+fp/hard/libc_nano.a(lib_a-lock.o)

.debug_frame    0x0000000000000000     0x33c8
 .debug_frame   0x0000000000000000      0x148 ./Debug/driver_src_stm32f4xx_exti.c.o
 .debug_frame   0x0000000000000148      0x3f4 ./Debug/driver_src_stm32f4xx_can.c.o
 .debug_frame   0x000000000000053c      0x11c ./Debug/sciTinyTimber.c.o
 .debug_frame   0x0000000000000658      0xe54 ./Debug/driver_src_stm32f4xx_tim.c.o
 .debug_frame   0x00000000000014ac      0x814 ./Debug/driver_src_stm32f4xx_rcc.c.o
 .debug_frame   0x0000000000001cc0       0xa4 ./Debug/startup.c.o
 .debug_frame   0x0000000000001d64      0x23c ./Debug/driver_src_stm32f4xx_gpio.c.o
 .debug_frame   0x0000000000001fa0      0x114 ./Debug/sioTinyTimber.c.o
 .debug_frame   0x00000000000020b4      0x304 ./Debug/application.c.o
 .debug_frame   0x00000000000023b8      0x5a4 ./Debug/TinyTimber.c.o
 .debug_frame   0x000000000000295c       0x60 ./Debug/buffer.c.o
 .debug_frame   0x00000000000029bc      0x490 ./Debug/driver_src_stm32f4xx_usart.c.o
 .debug_frame   0x0000000000002e4c      0x100 ./Debug/canTinyTimber.c.o
 .debug_frame   0x0000000000002f4c       0x30 /Users/mbrattlof/GitHub/TinyTimber/gcc-arm-none-eabi-8-2018-q4-major/bin/../lib/gcc/arm-none-eabi/8.2.1/../../../../arm-none-eabi/lib/thumb/v7e-m+fp/hard/libc_nano.a(lib_a-atoi.o)
 .debug_frame   0x0000000000002f7c       0x7c /Users/mbrattlof/GitHub/TinyTimber/gcc-arm-none-eabi-8-2018-q4-major/bin/../lib/gcc/arm-none-eabi/8.2.1/../../../../arm-none-eabi/lib/thumb/v7e-m+fp/hard/libc_nano.a(lib_a-snprintf.o)
 .debug_frame   0x0000000000002ff8       0x64 /Users/mbrattlof/GitHub/TinyTimber/gcc-arm-none-eabi-8-2018-q4-major/bin/../lib/gcc/arm-none-eabi/8.2.1/../../../../arm-none-eabi/lib/thumb/v7e-m+fp/hard/libc_nano.a(lib_a-strtol.o)
 .debug_frame   0x000000000000305c       0x90 /Users/mbrattlof/GitHub/TinyTimber/gcc-arm-none-eabi-8-2018-q4-major/bin/../lib/gcc/arm-none-eabi/8.2.1/../../../../arm-none-eabi/lib/thumb/v7e-m+fp/hard/libc_nano.a(lib_a-nano-svfprintf.o)
 .debug_frame   0x00000000000030ec       0x60 /Users/mbrattlof/GitHub/TinyTimber/gcc-arm-none-eabi-8-2018-q4-major/bin/../lib/gcc/arm-none-eabi/8.2.1/../../../../arm-none-eabi/lib/thumb/v7e-m+fp/hard/libc_nano.a(lib_a-nano-vfprintf_i.o)
 .debug_frame   0x000000000000314c       0x28 /Users/mbrattlof/GitHub/TinyTimber/gcc-arm-none-eabi-8-2018-q4-major/bin/../lib/gcc/arm-none-eabi/8.2.1/../../../../arm-none-eabi/lib/thumb/v7e-m+fp/hard/libc_nano.a(lib_a-memcpy-stub.o)
 .debug_frame   0x0000000000003174       0x28 /Users/mbrattlof/GitHub/TinyTimber/gcc-arm-none-eabi-8-2018-q4-major/bin/../lib/gcc/arm-none-eabi/8.2.1/../../../../arm-none-eabi/lib/thumb/v7e-m+fp/hard/libc_nano.a(lib_a-memmove.o)
 .debug_frame   0x000000000000319c       0x38 /Users/mbrattlof/GitHub/TinyTimber/gcc-arm-none-eabi-8-2018-q4-major/bin/../lib/gcc/arm-none-eabi/8.2.1/../../../../arm-none-eabi/lib/thumb/v7e-m+fp/hard/libc_nano.a(lib_a-nano-freer.o)
 .debug_frame   0x00000000000031d4       0x30 /Users/mbrattlof/GitHub/TinyTimber/gcc-arm-none-eabi-8-2018-q4-major/bin/../lib/gcc/arm-none-eabi/8.2.1/../../../../arm-none-eabi/lib/thumb/v7e-m+fp/hard/libc_nano.a(lib_a-nano-mallocr.o)
 .debug_frame   0x0000000000003204       0x3c /Users/mbrattlof/GitHub/TinyTimber/gcc-arm-none-eabi-8-2018-q4-major/bin/../lib/gcc/arm-none-eabi/8.2.1/../../../../arm-none-eabi/lib/thumb/v7e-m+fp/hard/libc_nano.a(lib_a-nano-reallocr.o)
 .debug_frame   0x0000000000003240       0x2c /Users/mbrattlof/GitHub/TinyTimber/gcc-arm-none-eabi-8-2018-q4-major/bin/../lib/gcc/arm-none-eabi/8.2.1/../../../../arm-none-eabi/lib/thumb/v7e-m+fp/hard/libc_nano.a(lib_a-sbrkr.o)
 .debug_frame   0x000000000000326c       0x30 /Users/mbrattlof/GitHub/TinyTimber/gcc-arm-none-eabi-8-2018-q4-major/bin/../lib/gcc/arm-none-eabi/8.2.1/../../../../arm-none-eabi/lib/thumb/v7e-m+fp/hard/libc_nano.a(lib_a-mlock.o)
 .debug_frame   0x000000000000329c       0x20 /Users/mbrattlof/GitHub/TinyTimber/gcc-arm-none-eabi-8-2018-q4-major/bin/../lib/gcc/arm-none-eabi/8.2.1/../../../../arm-none-eabi/lib/thumb/v7e-m+fp/hard/libc_nano.a(lib_a-nano-msizer.o)
 .debug_frame   0x00000000000032bc       0x5c /Users/mbrattlof/GitHub/TinyTimber/gcc-arm-none-eabi-8-2018-q4-major/bin/../lib/gcc/arm-none-eabi/8.2.1/../../../../arm-none-eabi/lib/thumb/v7e-m+fp/hard/libc_nano.a(lib_a-reent.o)
 .debug_frame   0x0000000000003318       0xb0 /Users/mbrattlof/GitHub/TinyTimber/gcc-arm-none-eabi-8-2018-q4-major/bin/../lib/gcc/arm-none-eabi/8.2.1/../../../../arm-none-eabi/lib/thumb/v7e-m+fp/hard/libc_nano.a(lib_a-lock.o)

.debug_ranges   0x0000000000000000       0x30
 .debug_ranges  0x0000000000000000       0x18 ./Debug/startup.c.o
 .debug_ranges  0x0000000000000018       0x18 ./Debug/application.c.o

Cross Reference Table

Symbol                                            File
ABORT                                             ./Debug/TinyTimber.c.o
CAN_CancelTransmit                                ./Debug/driver_src_stm32f4xx_can.c.o
CAN_ClearFlag                                     ./Debug/driver_src_stm32f4xx_can.c.o
CAN_ClearITPendingBit                             ./Debug/driver_src_stm32f4xx_can.c.o
CAN_DBGFreeze                                     ./Debug/driver_src_stm32f4xx_can.c.o
CAN_DeInit                                        ./Debug/driver_src_stm32f4xx_can.c.o
CAN_FIFORelease                                   ./Debug/driver_src_stm32f4xx_can.c.o
CAN_FilterInit                                    ./Debug/driver_src_stm32f4xx_can.c.o
CAN_GetFlagStatus                                 ./Debug/driver_src_stm32f4xx_can.c.o
                                                  ./Debug/canTinyTimber.c.o
CAN_GetITStatus                                   ./Debug/driver_src_stm32f4xx_can.c.o
CAN_GetLSBTransmitErrorCounter                    ./Debug/driver_src_stm32f4xx_can.c.o
CAN_GetLastErrorCode                              ./Debug/driver_src_stm32f4xx_can.c.o
CAN_GetReceiveErrorCounter                        ./Debug/driver_src_stm32f4xx_can.c.o
CAN_ITConfig                                      ./Debug/driver_src_stm32f4xx_can.c.o
                                                  ./Debug/canTinyTimber.c.o
CAN_Init                                          ./Debug/driver_src_stm32f4xx_can.c.o
                                                  ./Debug/canTinyTimber.c.o
CAN_MessagePending                                ./Debug/driver_src_stm32f4xx_can.c.o
CAN_OperatingModeRequest                          ./Debug/driver_src_stm32f4xx_can.c.o
CAN_Receive                                       ./Debug/driver_src_stm32f4xx_can.c.o
                                                  ./Debug/canTinyTimber.c.o
CAN_SlaveStartBank                                ./Debug/driver_src_stm32f4xx_can.c.o
CAN_Sleep                                         ./Debug/driver_src_stm32f4xx_can.c.o
CAN_StructInit                                    ./Debug/driver_src_stm32f4xx_can.c.o
                                                  ./Debug/canTinyTimber.c.o
CAN_TTComModeCmd                                  ./Debug/driver_src_stm32f4xx_can.c.o
CAN_Transmit                                      ./Debug/driver_src_stm32f4xx_can.c.o
                                                  ./Debug/canTinyTimber.c.o
CAN_TransmitStatus                                ./Debug/driver_src_stm32f4xx_can.c.o
CAN_WakeUp                                        ./Debug/driver_src_stm32f4xx_can.c.o
CURRENT_BASELINE                                  ./Debug/TinyTimber.c.o
                                                  ./Debug/application.c.o
CURRENT_OFFSET                                    ./Debug/TinyTimber.c.o
DAC_OUTPUT                                        ./Debug/application.c.o
DUMP                                              ./Debug/TinyTimber.c.o
                                                  ./Debug/canTinyTimber.c.o
                                                  ./Debug/sioTinyTimber.c.o
                                                  ./Debug/startup.c.o
                                                  ./Debug/dispatch.s.o
DUMPC                                             ./Debug/TinyTimber.c.o
DUMPD                                             ./Debug/TinyTimber.c.o
                                                  ./Debug/dispatch.s.o
DUMPH                                             ./Debug/TinyTimber.c.o
                                                  ./Debug/dispatch.s.o
EXTI_ClearFlag                                    ./Debug/driver_src_stm32f4xx_exti.c.o
EXTI_ClearITPendingBit                            ./Debug/driver_src_stm32f4xx_exti.c.o
                                                  ./Debug/sioTinyTimber.c.o
EXTI_DeInit                                       ./Debug/driver_src_stm32f4xx_exti.c.o
EXTI_GenerateSWInterrupt                          ./Debug/driver_src_stm32f4xx_exti.c.o
EXTI_GetFlagStatus                                ./Debug/driver_src_stm32f4xx_exti.c.o
EXTI_GetITStatus                                  ./Debug/driver_src_stm32f4xx_exti.c.o
                                                  ./Debug/sioTinyTimber.c.o
EXTI_Init                                         ./Debug/driver_src_stm32f4xx_exti.c.o
EXTI_StructInit                                   ./Debug/driver_src_stm32f4xx_exti.c.o
GPIO_DeInit                                       ./Debug/driver_src_stm32f4xx_gpio.c.o
GPIO_Init                                         ./Debug/driver_src_stm32f4xx_gpio.c.o
GPIO_PinAFConfig                                  ./Debug/driver_src_stm32f4xx_gpio.c.o
GPIO_PinLockConfig                                ./Debug/driver_src_stm32f4xx_gpio.c.o
GPIO_ReadInputData                                ./Debug/driver_src_stm32f4xx_gpio.c.o
GPIO_ReadInputDataBit                             ./Debug/driver_src_stm32f4xx_gpio.c.o
                                                  ./Debug/sioTinyTimber.c.o
GPIO_ReadOutputData                               ./Debug/driver_src_stm32f4xx_gpio.c.o
GPIO_ReadOutputDataBit                            ./Debug/driver_src_stm32f4xx_gpio.c.o
GPIO_ResetBits                                    ./Debug/driver_src_stm32f4xx_gpio.c.o
GPIO_SetBits                                      ./Debug/driver_src_stm32f4xx_gpio.c.o
GPIO_StructInit                                   ./Debug/driver_src_stm32f4xx_gpio.c.o
GPIO_ToggleBits                                   ./Debug/driver_src_stm32f4xx_gpio.c.o
                                                  ./Debug/sioTinyTimber.c.o
GPIO_Write                                        ./Debug/driver_src_stm32f4xx_gpio.c.o
GPIO_WriteBit                                     ./Debug/driver_src_stm32f4xx_gpio.c.o
                                                  ./Debug/TinyTimber.c.o
                                                  ./Debug/sioTinyTimber.c.o
LEADER                                            ./Debug/application.c.o
RCC_AHB1PeriphClockCmd                            ./Debug/driver_src_stm32f4xx_rcc.c.o
RCC_AHB1PeriphClockLPModeCmd                      ./Debug/driver_src_stm32f4xx_rcc.c.o
RCC_AHB1PeriphResetCmd                            ./Debug/driver_src_stm32f4xx_rcc.c.o
                                                  ./Debug/driver_src_stm32f4xx_gpio.c.o
RCC_AHB2PeriphClockCmd                            ./Debug/driver_src_stm32f4xx_rcc.c.o
RCC_AHB2PeriphClockLPModeCmd                      ./Debug/driver_src_stm32f4xx_rcc.c.o
RCC_AHB2PeriphResetCmd                            ./Debug/driver_src_stm32f4xx_rcc.c.o
RCC_AHB3PeriphClockCmd                            ./Debug/driver_src_stm32f4xx_rcc.c.o
RCC_AHB3PeriphClockLPModeCmd                      ./Debug/driver_src_stm32f4xx_rcc.c.o
RCC_AHB3PeriphResetCmd                            ./Debug/driver_src_stm32f4xx_rcc.c.o
RCC_APB1PeriphClockCmd                            ./Debug/driver_src_stm32f4xx_rcc.c.o
RCC_APB1PeriphClockLPModeCmd                      ./Debug/driver_src_stm32f4xx_rcc.c.o
RCC_APB1PeriphResetCmd                            ./Debug/driver_src_stm32f4xx_rcc.c.o
                                                  ./Debug/driver_src_stm32f4xx_usart.c.o
                                                  ./Debug/driver_src_stm32f4xx_tim.c.o
                                                  ./Debug/driver_src_stm32f4xx_can.c.o
RCC_APB2PeriphClockCmd                            ./Debug/driver_src_stm32f4xx_rcc.c.o
RCC_APB2PeriphClockLPModeCmd                      ./Debug/driver_src_stm32f4xx_rcc.c.o
RCC_APB2PeriphResetCmd                            ./Debug/driver_src_stm32f4xx_rcc.c.o
                                                  ./Debug/driver_src_stm32f4xx_usart.c.o
                                                  ./Debug/driver_src_stm32f4xx_tim.c.o
RCC_AdjustHSICalibrationValue                     ./Debug/driver_src_stm32f4xx_rcc.c.o
RCC_BackupResetCmd                                ./Debug/driver_src_stm32f4xx_rcc.c.o
RCC_ClearFlag                                     ./Debug/driver_src_stm32f4xx_rcc.c.o
RCC_ClearITPendingBit                             ./Debug/driver_src_stm32f4xx_rcc.c.o
RCC_ClockSecuritySystemCmd                        ./Debug/driver_src_stm32f4xx_rcc.c.o
RCC_DeInit                                        ./Debug/driver_src_stm32f4xx_rcc.c.o
RCC_GetClocksFreq                                 ./Debug/driver_src_stm32f4xx_rcc.c.o
                                                  ./Debug/driver_src_stm32f4xx_usart.c.o
RCC_GetFlagStatus                                 ./Debug/driver_src_stm32f4xx_rcc.c.o
RCC_GetITStatus                                   ./Debug/driver_src_stm32f4xx_rcc.c.o
RCC_GetSYSCLKSource                               ./Debug/driver_src_stm32f4xx_rcc.c.o
RCC_HCLKConfig                                    ./Debug/driver_src_stm32f4xx_rcc.c.o
RCC_HSEConfig                                     ./Debug/driver_src_stm32f4xx_rcc.c.o
RCC_HSICmd                                        ./Debug/driver_src_stm32f4xx_rcc.c.o
RCC_I2SCLKConfig                                  ./Debug/driver_src_stm32f4xx_rcc.c.o
RCC_ITConfig                                      ./Debug/driver_src_stm32f4xx_rcc.c.o
RCC_LSEConfig                                     ./Debug/driver_src_stm32f4xx_rcc.c.o
RCC_LSICmd                                        ./Debug/driver_src_stm32f4xx_rcc.c.o
RCC_LTDCCLKDivConfig                              ./Debug/driver_src_stm32f4xx_rcc.c.o
RCC_MCO1Config                                    ./Debug/driver_src_stm32f4xx_rcc.c.o
RCC_MCO2Config                                    ./Debug/driver_src_stm32f4xx_rcc.c.o
RCC_PCLK1Config                                   ./Debug/driver_src_stm32f4xx_rcc.c.o
RCC_PCLK2Config                                   ./Debug/driver_src_stm32f4xx_rcc.c.o
RCC_PLLCmd                                        ./Debug/driver_src_stm32f4xx_rcc.c.o
RCC_PLLConfig                                     ./Debug/driver_src_stm32f4xx_rcc.c.o
RCC_PLLI2SCmd                                     ./Debug/driver_src_stm32f4xx_rcc.c.o
RCC_PLLI2SConfig                                  ./Debug/driver_src_stm32f4xx_rcc.c.o
RCC_PLLSAICmd                                     ./Debug/driver_src_stm32f4xx_rcc.c.o
RCC_PLLSAIConfig                                  ./Debug/driver_src_stm32f4xx_rcc.c.o
RCC_RTCCLKCmd                                     ./Debug/driver_src_stm32f4xx_rcc.c.o
RCC_RTCCLKConfig                                  ./Debug/driver_src_stm32f4xx_rcc.c.o
RCC_SAIBlockACLKConfig                            ./Debug/driver_src_stm32f4xx_rcc.c.o
RCC_SAIBlockBCLKConfig                            ./Debug/driver_src_stm32f4xx_rcc.c.o
RCC_SAIPLLI2SClkDivConfig                         ./Debug/driver_src_stm32f4xx_rcc.c.o
RCC_SAIPLLSAIClkDivConfig                         ./Debug/driver_src_stm32f4xx_rcc.c.o
RCC_SYSCLKConfig                                  ./Debug/driver_src_stm32f4xx_rcc.c.o
RCC_TIMCLKPresConfig                              ./Debug/driver_src_stm32f4xx_rcc.c.o
RCC_WaitForHSEStartUp                             ./Debug/driver_src_stm32f4xx_rcc.c.o
SETPC                                             ./Debug/TinyTimber.c.o
SETSTACK                                          ./Debug/TinyTimber.c.o
TIMER_INIT                                        ./Debug/TinyTimber.c.o
TIM_ARRPreloadConfig                              ./Debug/driver_src_stm32f4xx_tim.c.o
TIM_BDTRConfig                                    ./Debug/driver_src_stm32f4xx_tim.c.o
TIM_BDTRStructInit                                ./Debug/driver_src_stm32f4xx_tim.c.o
TIM_CCPreloadControl                              ./Debug/driver_src_stm32f4xx_tim.c.o
TIM_CCxCmd                                        ./Debug/driver_src_stm32f4xx_tim.c.o
TIM_CCxNCmd                                       ./Debug/driver_src_stm32f4xx_tim.c.o
TIM_ClearFlag                                     ./Debug/driver_src_stm32f4xx_tim.c.o
TIM_ClearITPendingBit                             ./Debug/driver_src_stm32f4xx_tim.c.o
                                                  ./Debug/TinyTimber.c.o
TIM_ClearOC1Ref                                   ./Debug/driver_src_stm32f4xx_tim.c.o
TIM_ClearOC2Ref                                   ./Debug/driver_src_stm32f4xx_tim.c.o
TIM_ClearOC3Ref                                   ./Debug/driver_src_stm32f4xx_tim.c.o
TIM_ClearOC4Ref                                   ./Debug/driver_src_stm32f4xx_tim.c.o
TIM_Cmd                                           ./Debug/driver_src_stm32f4xx_tim.c.o
                                                  ./Debug/TinyTimber.c.o
TIM_CounterModeConfig                             ./Debug/driver_src_stm32f4xx_tim.c.o
TIM_CtrlPWMOutputs                                ./Debug/driver_src_stm32f4xx_tim.c.o
TIM_DMACmd                                        ./Debug/driver_src_stm32f4xx_tim.c.o
TIM_DMAConfig                                     ./Debug/driver_src_stm32f4xx_tim.c.o
TIM_DeInit                                        ./Debug/driver_src_stm32f4xx_tim.c.o
                                                  ./Debug/TinyTimber.c.o
TIM_ETRClockMode1Config                           ./Debug/driver_src_stm32f4xx_tim.c.o
TIM_ETRClockMode2Config                           ./Debug/driver_src_stm32f4xx_tim.c.o
TIM_ETRConfig                                     ./Debug/driver_src_stm32f4xx_tim.c.o
TIM_EncoderInterfaceConfig                        ./Debug/driver_src_stm32f4xx_tim.c.o
TIM_ForcedOC1Config                               ./Debug/driver_src_stm32f4xx_tim.c.o
TIM_ForcedOC2Config                               ./Debug/driver_src_stm32f4xx_tim.c.o
TIM_ForcedOC3Config                               ./Debug/driver_src_stm32f4xx_tim.c.o
TIM_ForcedOC4Config                               ./Debug/driver_src_stm32f4xx_tim.c.o
TIM_GenerateEvent                                 ./Debug/driver_src_stm32f4xx_tim.c.o
TIM_GetCapture1                                   ./Debug/driver_src_stm32f4xx_tim.c.o
TIM_GetCapture2                                   ./Debug/driver_src_stm32f4xx_tim.c.o
TIM_GetCapture3                                   ./Debug/driver_src_stm32f4xx_tim.c.o
TIM_GetCapture4                                   ./Debug/driver_src_stm32f4xx_tim.c.o
TIM_GetCounter                                    ./Debug/driver_src_stm32f4xx_tim.c.o
                                                  ./Debug/TinyTimber.c.o
TIM_GetFlagStatus                                 ./Debug/driver_src_stm32f4xx_tim.c.o
TIM_GetITStatus                                   ./Debug/driver_src_stm32f4xx_tim.c.o
TIM_GetPrescaler                                  ./Debug/driver_src_stm32f4xx_tim.c.o
TIM_ICInit                                        ./Debug/driver_src_stm32f4xx_tim.c.o
TIM_ICStructInit                                  ./Debug/driver_src_stm32f4xx_tim.c.o
TIM_ITConfig                                      ./Debug/driver_src_stm32f4xx_tim.c.o
                                                  ./Debug/TinyTimber.c.o
TIM_ITRxExternalClockConfig                       ./Debug/driver_src_stm32f4xx_tim.c.o
TIM_InternalClockConfig                           ./Debug/driver_src_stm32f4xx_tim.c.o
TIM_OC1FastConfig                                 ./Debug/driver_src_stm32f4xx_tim.c.o
TIM_OC1Init                                       ./Debug/driver_src_stm32f4xx_tim.c.o
TIM_OC1NPolarityConfig                            ./Debug/driver_src_stm32f4xx_tim.c.o
TIM_OC1PolarityConfig                             ./Debug/driver_src_stm32f4xx_tim.c.o
TIM_OC1PreloadConfig                              ./Debug/driver_src_stm32f4xx_tim.c.o
TIM_OC2FastConfig                                 ./Debug/driver_src_stm32f4xx_tim.c.o
TIM_OC2Init                                       ./Debug/driver_src_stm32f4xx_tim.c.o
TIM_OC2NPolarityConfig                            ./Debug/driver_src_stm32f4xx_tim.c.o
TIM_OC2PolarityConfig                             ./Debug/driver_src_stm32f4xx_tim.c.o
TIM_OC2PreloadConfig                              ./Debug/driver_src_stm32f4xx_tim.c.o
TIM_OC3FastConfig                                 ./Debug/driver_src_stm32f4xx_tim.c.o
TIM_OC3Init                                       ./Debug/driver_src_stm32f4xx_tim.c.o
TIM_OC3NPolarityConfig                            ./Debug/driver_src_stm32f4xx_tim.c.o
TIM_OC3PolarityConfig                             ./Debug/driver_src_stm32f4xx_tim.c.o
TIM_OC3PreloadConfig                              ./Debug/driver_src_stm32f4xx_tim.c.o
TIM_OC4FastConfig                                 ./Debug/driver_src_stm32f4xx_tim.c.o
TIM_OC4Init                                       ./Debug/driver_src_stm32f4xx_tim.c.o
TIM_OC4PolarityConfig                             ./Debug/driver_src_stm32f4xx_tim.c.o
TIM_OC4PreloadConfig                              ./Debug/driver_src_stm32f4xx_tim.c.o
TIM_OCStructInit                                  ./Debug/driver_src_stm32f4xx_tim.c.o
TIM_PWMIConfig                                    ./Debug/driver_src_stm32f4xx_tim.c.o
TIM_PrescalerConfig                               ./Debug/driver_src_stm32f4xx_tim.c.o
TIM_RemapConfig                                   ./Debug/driver_src_stm32f4xx_tim.c.o
TIM_SelectCCDMA                                   ./Debug/driver_src_stm32f4xx_tim.c.o
TIM_SelectCOM                                     ./Debug/driver_src_stm32f4xx_tim.c.o
TIM_SelectHallSensor                              ./Debug/driver_src_stm32f4xx_tim.c.o
TIM_SelectInputTrigger                            ./Debug/driver_src_stm32f4xx_tim.c.o
TIM_SelectMasterSlaveMode                         ./Debug/driver_src_stm32f4xx_tim.c.o
TIM_SelectOCxM                                    ./Debug/driver_src_stm32f4xx_tim.c.o
TIM_SelectOnePulseMode                            ./Debug/driver_src_stm32f4xx_tim.c.o
TIM_SelectOutputTrigger                           ./Debug/driver_src_stm32f4xx_tim.c.o
TIM_SelectSlaveMode                               ./Debug/driver_src_stm32f4xx_tim.c.o
TIM_SetAutoreload                                 ./Debug/driver_src_stm32f4xx_tim.c.o
TIM_SetClockDivision                              ./Debug/driver_src_stm32f4xx_tim.c.o
TIM_SetCompare1                                   ./Debug/driver_src_stm32f4xx_tim.c.o
                                                  ./Debug/TinyTimber.c.o
TIM_SetCompare2                                   ./Debug/driver_src_stm32f4xx_tim.c.o
TIM_SetCompare3                                   ./Debug/driver_src_stm32f4xx_tim.c.o
TIM_SetCompare4                                   ./Debug/driver_src_stm32f4xx_tim.c.o
TIM_SetCounter                                    ./Debug/driver_src_stm32f4xx_tim.c.o
                                                  ./Debug/TinyTimber.c.o
TIM_SetIC1Prescaler                               ./Debug/driver_src_stm32f4xx_tim.c.o
TIM_SetIC2Prescaler                               ./Debug/driver_src_stm32f4xx_tim.c.o
TIM_SetIC3Prescaler                               ./Debug/driver_src_stm32f4xx_tim.c.o
TIM_SetIC4Prescaler                               ./Debug/driver_src_stm32f4xx_tim.c.o
TIM_TIxExternalClockConfig                        ./Debug/driver_src_stm32f4xx_tim.c.o
TIM_TimeBaseInit                                  ./Debug/driver_src_stm32f4xx_tim.c.o
                                                  ./Debug/TinyTimber.c.o
TIM_TimeBaseStructInit                            ./Debug/driver_src_stm32f4xx_tim.c.o
                                                  ./Debug/TinyTimber.c.o
TIM_UpdateDisableConfig                           ./Debug/driver_src_stm32f4xx_tim.c.o
TIM_UpdateRequestConfig                           ./Debug/driver_src_stm32f4xx_tim.c.o
T_RESET                                           ./Debug/TinyTimber.c.o
T_SAMPLE                                          ./Debug/TinyTimber.c.o
USART_ClearFlag                                   ./Debug/driver_src_stm32f4xx_usart.c.o
USART_ClearITPendingBit                           ./Debug/driver_src_stm32f4xx_usart.c.o
USART_ClockInit                                   ./Debug/driver_src_stm32f4xx_usart.c.o
USART_ClockStructInit                             ./Debug/driver_src_stm32f4xx_usart.c.o
USART_Cmd                                         ./Debug/driver_src_stm32f4xx_usart.c.o
USART_DMACmd                                      ./Debug/driver_src_stm32f4xx_usart.c.o
USART_DeInit                                      ./Debug/driver_src_stm32f4xx_usart.c.o
USART_GetFlagStatus                               ./Debug/driver_src_stm32f4xx_usart.c.o
                                                  ./Debug/TinyTimber.c.o
                                                  ./Debug/sciTinyTimber.c.o
USART_GetITStatus                                 ./Debug/driver_src_stm32f4xx_usart.c.o
USART_HalfDuplexCmd                               ./Debug/driver_src_stm32f4xx_usart.c.o
USART_ITConfig                                    ./Debug/driver_src_stm32f4xx_usart.c.o
                                                  ./Debug/sciTinyTimber.c.o
USART_Init                                        ./Debug/driver_src_stm32f4xx_usart.c.o
USART_IrDACmd                                     ./Debug/driver_src_stm32f4xx_usart.c.o
USART_IrDAConfig                                  ./Debug/driver_src_stm32f4xx_usart.c.o
USART_LINBreakDetectLengthConfig                  ./Debug/driver_src_stm32f4xx_usart.c.o
USART_LINCmd                                      ./Debug/driver_src_stm32f4xx_usart.c.o